11-28 22:04:14.869  1887  1887 D BatteryStatsImpl: Reading daily items from /data/system/batterystats-daily.xml
11-28 22:04:14.964  1887  1906 I chatty  : uid=1000(system) batterystats-wo expire 4 lines
11-28 22:04:14.997  1887  1906 E BatteryExternalStatsWorker: no controller energy info supplied for telephony
11-28 22:04:14.999  1887  1906 E KernelUidCpuFreqTimeReader: Failed to read /proc/uid_time_in_state: java.io.FileNotFoundException: /proc/uid_time_in_state (No such file or directory)
11-28 22:04:15.043  1887  1906 W KernelCpuProcReader: File not exist: /proc/uid_cpupower/concurrent_active_time
11-28 22:04:15.043  1887  1906 W KernelCpuProcReader: File not exist: /proc/uid_cpupower/concurrent_policy_time
11-28 22:04:15.046  1887  1906 W KernelMemoryBandwidthStats: No kernel memory bandwidth stats available
11-28 22:04:15.072  1887  1906 E KernelUidCpuFreqTimeReader: Failed to read /proc/uid_time_in_state: java.io.FileNotFoundException: /proc/uid_time_in_state (No such file or directory)
11-28 22:04:15.365  1520  1520 W hwservicemanager: getTransport: Cannot find entry android.hardware.memtrack@1.0::IMemtrack/default in either framework or device manifest.
11-28 22:04:15.413  1887  1887 W AppOps  : Unknown attribute in 'op' tag: n
11-28 22:04:15.424  1887  1887 I chatty  : uid=1000 system_server identical 243 lines
11-28 22:04:15.424  1887  1887 W AppOps  : Unknown attribute in 'op' tag: n
11-28 22:04:15.574  1887  1887 I IntentFirewall: Read new rules (A:0 B:0 S:0)
11-28 22:04:15.632  1887  1887 D AppOps  : AppOpsService published
11-28 22:04:15.632  1887  1887 I SystemServer: StartPowerManager
11-28 22:04:15.632  1887  1887 I SystemServiceManager: Starting com.android.server.power.PowerManagerService
11-28 22:04:15.728  1887  1887 I SystemServer: InitPowerManagement
11-28 22:04:15.728  1887  1887 I SystemServer: StartRecoverySystemService
11-28 22:04:15.728  1887  1887 I SystemServiceManager: Starting com.android.server.RecoverySystemService
11-28 22:04:15.762  1887  1887 W RescueParty: Noticed 1 events for UID 0 in last 28 sec
11-28 22:04:15.762  1887  1887 I SystemServer: StartLightsService
11-28 22:04:15.762  1887  1887 I SystemServiceManager: Starting com.android.server.lights.LightsService
11-28 22:04:15.784  1887  1887 I SystemServer: StartSidekickService
11-28 22:04:15.784  1887  1887 I SystemServer: StartDisplayManager
11-28 22:04:15.784  1887  1887 I SystemServiceManager: Starting com.android.server.display.DisplayManagerService
11-28 22:04:15.813  1887  1887 I SystemServer: WaitForDisplay
11-28 22:04:15.813  1887  1887 I SystemServiceManager: Starting phase 100
11-28 22:04:15.828  1839  1886 E SurfaceFlinger: ro.sf.lcd_density must be defined as a build property
11-28 22:04:15.829  1887  1910 E LocalDisplayAdapter: Default and active color mode is no longer available! Reverting to first available mode.
11-28 22:04:15.920  1887  1910 I DisplayManagerService: Display device added: DisplayDeviceInfo{"Built-in Screen": uniqueId="local:0", 1080 x 2280, modeId 1, defaultModeId 1, supportedModes [{id=1, width=1080, height=2280, fps=60.000004}], colorMode -1, supportedColorModes [-1], HdrCapabilities android.view.Display$HdrCapabilities@40f16308, density 440, 440.0 x 440.0 dpi, appVsyncOff 1000000, presDeadline 16666666, touch INTERNAL, rotation 0, type BUILT_IN, state UNKNOWN, FLAG_DEFAULT_DISPLAY, FLAG_ROTATES_WITH_CONTENT, FLAG_SECURE, FLAG_SUPPORTS_PROTECTED_BUFFERS}
11-28 22:04:15.930  1839  1839 D SurfaceFlinger: Set power mode=2, type=0 flinger=0xf49c3000
11-28 22:04:15.934  1520  1520 W hwservicemanager: getTransport: Cannot find entry android.hardware.light@2.0::ILight/default in either framework or device manifest.
11-28 22:04:15.934  1887  1910 I chatty  : uid=1000(system) android.display expire 1 line
11-28 22:04:15.934  1887  1887 W SystemServiceManager: Service com.android.server.display.DisplayManagerService took 121 ms in onBootPhase
11-28 22:04:15.934  1887  1887 I SystemServer: StartPackageManagerService
11-28 22:04:15.935  1887  1910 I DisplayManagerService: Display device changed state: "Built-in Screen", ON
11-28 22:04:16.211  1887  1887 D SELinuxMMAC: Using policy file /system/etc/selinux/plat_mac_permissions.xml
11-28 22:04:16.213  1887  1887 D SELinuxMMAC: Using policy file /vendor/etc/selinux/vendor_mac_permissions.xml
11-28 22:04:17.080  1887  1887 W PackageManager: Unknown permission: com.google.android.music.permission.C2D_MESSAGE
11-28 22:04:17.882  1887  1887 W PackageManager: Failed to parse /system/framework/x86: Missing base APK in /system/framework/x86
11-28 22:04:17.902  1887  1887 W PackageManager: Failed to parse /system/framework/oat: Missing base APK in /system/framework/oat
11-28 22:04:18.059  1887  1887 W PackageManager: Failed to scan /system/priv-app/GooglePartnerSetup: Package com.google.android.partnersetup at /system/priv-app/GooglePartnerSetup ignored: updated version 1534 better than this 28
11-28 22:04:18.505  1887  1887 W PackageManager: Failed to scan /system/priv-app/CarrierServices: Package com.google.android.ims at /system/priv-app/CarrierServices ignored: updated version 31144015 better than this 30021352
11-28 22:04:18.511  1887  1887 W PackageManager: Failed to scan /system/priv-app/Phonesky: Package com.android.vending at /system/priv-app/Phonesky ignored: updated version 84371900 better than this 81014100
11-28 22:04:18.516  1887  1887 W PackageManager: Failed to scan /system/priv-app/WallpaperPickerGooglePrebuilt: Package com.google.android.apps.wallpaper at /system/priv-app/WallpaperPickerGooglePrebuilt ignored: updated version 169416333 better than this 166921241
11-28 22:04:18.544  1887  1887 W PackageManager: Failed to scan /system/priv-app/Velvet: Package com.google.android.googlequicksearchbox at /system/priv-app/Velvet ignored: updated version 301427611 better than this 300773408
11-28 22:04:18.561  1887  1887 W PackageManager: Failed to scan /system/priv-app/PrebuiltGmsCore: Package com.google.android.gms at /system/priv-app/PrebuiltGmsCore ignored: updated version 244433016 better than this 16089022
11-28 22:04:18.700  1887  1887 W PackageManager: Failed to scan /system/app/Photos: Package com.google.android.apps.photos at /system/app/Photos ignored: updated version 49358701 better than this 2543564
11-28 22:04:18.830  1887  1887 W PackageManager: Failed to scan /system/app/GoogleTTS: Package com.google.android.tts at /system/app/GoogleTTS ignored: updated version 210521475 better than this 210315200
11-28 22:04:18.861  1887  1887 W PackageManager: Failed to scan /system/app/PrebuiltDeskClockGoogle: Package com.google.android.deskclock at /system/app/PrebuiltDeskClockGoogle ignored: updated version 76005890 better than this 52202302
11-28 22:04:18.868  1887  1887 W PackageManager: Failed to scan /system/app/PrebuiltGmail: Package com.google.android.gm at /system/app/PrebuiltGmail ignored: updated version 64855928 better than this 60362702
11-28 22:04:18.875  1887  1887 W PackageManager: Failed to scan /system/app/Duo: Package com.google.android.apps.tachyon at /system/app/Duo ignored: updated version 5753132 better than this 46028
11-28 22:04:18.889  1887  1887 W PackageManager: Failed to scan /system/app/Maps: Package com.google.android.apps.maps at /system/app/Maps ignored: updated version 1067804533 better than this 977500040
11-28 22:04:18.907  1887  1887 W PackageManager: Failed to scan /system/app/Music2: Package com.google.android.music at /system/app/Music2 ignored: updated version 91131 better than this 72101
11-28 22:04:18.935  1887  1887 W PackageManager: Failed to scan /system/app/YouTube: Package com.google.android.youtube at /system/app/YouTube ignored: updated version 1546243520 better than this 1315613700
11-28 22:04:18.949  1887  1887 W PackageManager: Failed to scan /system/app/LatinIMEGooglePrebuilt: Package com.google.android.inputmethod.latin at /system/app/LatinIMEGooglePrebuilt ignored: updated version 155404871 better than this 26712011
11-28 22:04:19.095  1887  1887 W PackageManager: Failed to scan /system/app/CalendarGooglePrebuilt: Package com.google.android.calendar at /system/app/CalendarGooglePrebuilt ignored: updated version 2017604249 better than this 2015475782
11-28 22:04:19.130  1887  1887 W PackageManager: Failed to scan /system/app/Drive: Package com.google.android.apps.docs at /system/app/Drive ignored: updated version 213806576 better than this 71832670
11-28 22:04:19.143  1887  1887 W PackageManager: Failed to scan /system/app/Videos: Package com.google.android.videos at /system/app/Videos ignored: updated version 439235268 better than this 32800152
11-28 22:04:19.167  1887  1887 W PackageManager: Failed to scan /system/app/PrebuiltBugle: Package com.google.android.apps.messaging at /system/app/PrebuiltBugle ignored: updated version 259818063 better than this 33039870
11-28 22:04:19.187  1887  1887 W PackageManager: Failed to scan /system/app/Chrome: Package com.android.chrome at /system/app/Chrome ignored: updated version 677808126 better than this 349710017
11-28 22:04:19.203  1887  1887 W PackageManager: Expecting better updated system app for com.google.android.youtube; removing system app.  Last known codePath=/data/app/com.google.android.youtube-hwsDQTDn9wh4li9Maynyrg==, versionCode=1546243520; scanned versionCode=1315613700
11-28 22:04:19.208  1887  1887 W PackageManager: Expecting better updated system app for com.google.android.googlequicksearchbox; removing system app.  Last known codePath=/data/app/com.google.android.googlequicksearchbox-e-DBUysJktLeuzQcakWspA==, versionCode=301427611; scanned versionCode=300773408
11-28 22:04:19.209  1887  1887 W PackageManager: Expecting better updated system app for com.google.android.apps.messaging; removing system app.  Last known codePath=/data/app/com.google.android.apps.messaging-kvnR1T9SAt11mcCu0qCVTQ==, versionCode=259818063; scanned versionCode=33039870
11-28 22:04:19.225  1887  1887 W PackageManager: Expecting better updated system app for com.android.vending; removing system app.  Last known codePath=/data/app/com.android.vending-2wc3BoJJVCqO27ClQl8Qog==, versionCode=84371900; scanned versionCode=81014100
11-28 22:04:19.227  1887  1887 W PackageManager: Expecting better updated system app for com.google.android.deskclock; removing system app.  Last known codePath=/data/app/com.google.android.deskclock-ie7qwbNxNkqQT8ToIez52Q==, versionCode=76005890; scanned versionCode=52202302
11-28 22:04:19.228  1887  1887 W PackageManager: Expecting better updated system app for com.google.android.gm; removing system app.  Last known codePath=/data/app/com.google.android.gm-0h_iTMyI7xxZ6AISeJXSUA==, versionCode=64855928; scanned versionCode=60362702
11-28 22:04:19.229  1887  1887 W PackageManager: Expecting better updated system app for com.google.android.apps.tachyon; removing system app.  Last known codePath=/data/app/com.google.android.apps.tachyon-hHE_2r-PmFYS41BM89-Mjg==, versionCode=5753132; scanned versionCode=46028
11-28 22:04:19.230  1887  1887 W PackageManager: Expecting better updated system app for com.google.android.music; removing system app.  Last known codePath=/data/app/com.google.android.music-Xe2sG5Z-gvvLUrqyETgsrQ==, versionCode=91131; scanned versionCode=72101
11-28 22:04:19.243  1887  1887 W PackageManager: Expecting better updated system app for com.google.android.apps.docs; removing system app.  Last known codePath=/data/app/com.google.android.apps.docs-YDDS2Ho3qA1Tow3_06Lltg==, versionCode=213806576; scanned versionCode=71832670
11-28 22:04:19.257  1887  1887 W PackageManager: Expecting better updated system app for com.google.android.apps.maps; removing system app.  Last known codePath=/data/app/com.google.android.apps.maps-1pLZnD0WC5rAYbIMz7V8_A==, versionCode=1067804533; scanned versionCode=977500040
11-28 22:04:19.259  1887  1887 W PackageManager: Expecting better updated system app for com.android.chrome; removing system app.  Last known codePath=/data/app/com.android.chrome-vmoKV1Hb5x8kLuCzNVmnrw==, versionCode=677808126; scanned versionCode=349710017
11-28 22:04:19.269  1887  1887 W PackageManager: Expecting better updated system app for com.google.android.gms; removing system app.  Last known codePath=/data/app/com.google.android.gms-Vuli7auhRqto-O8vzKBsvg==, versionCode=244433016; scanned versionCode=16089022
11-28 22:04:19.284  1887  1887 W PackageManager: Expecting better updated system app for com.google.android.ims; removing system app.  Last known codePath=/data/app/com.google.android.ims-MSk8v9EV875Tgk9uujSpfw==, versionCode=31144015; scanned versionCode=30021352
11-28 22:04:19.285  1887  1887 W PackageManager: Expecting better updated system app for com.google.android.tts; removing system app.  Last known codePath=/data/app/com.google.android.tts-WEH7axOXoKi9hEli4pt0_w==, versionCode=210521475; scanned versionCode=210315200
11-28 22:04:19.286  1887  1887 W PackageManager: Expecting better updated system app for com.google.android.partnersetup; removing system app.  Last known codePath=/data/app/com.google.android.partnersetup-HhyMQJ8GdbJ2PPsy0bjAEQ==, versionCode=1534; scanned versionCode=28
11-28 22:04:19.288  1887  1887 W PackageManager: Expecting better updated system app for com.google.android.videos; removing system app.  Last known codePath=/data/app/com.google.android.videos-KAro171iyVBT1DFKlDvzdg==, versionCode=439235268; scanned versionCode=32800152
11-28 22:04:19.289  1887  1887 W PackageManager: Expecting better updated system app for com.google.android.apps.photos; removing system app.  Last known codePath=/data/app/com.google.android.apps.photos-_XWF4Ol_C_Kf1gKAc1UNUw==, versionCode=49358701; scanned versionCode=2543564
11-28 22:04:19.313  1887  1896 I chatty  : uid=1000(system) HeapTaskDaemon expire 3 lines
11-28 22:04:19.313  1887  1887 W PackageManager: Expecting better updated system app for com.google.android.calendar; removing system app.  Last known codePath=/data/app/com.google.android.calendar--UGypW2be3F0ljiw9EDpZg==, versionCode=2017604249; scanned versionCode=2015475782
11-28 22:04:19.316  1887  1887 W PackageManager: Expecting better updated system app for com.google.android.apps.wallpaper; removing system app.  Last known codePath=/data/app/com.google.android.apps.wallpaper--mKFlI_prgj3v1HCPmFMwA==, versionCode=169416333; scanned versionCode=166921241
11-28 22:04:19.317  1887  1887 W PackageManager: Expecting better updated system app for com.google.android.inputmethod.latin; removing system app.  Last known codePath=/data/app/com.google.android.inputmethod.latin-VxpFKIAOsVxeVjN5Z2Jhdg==, versionCode=155404871; scanned versionCode=26712011
11-28 22:04:19.344  1887  1887 I PackageManager: Finished scanning system apps. Time: 1733 ms, packageCount: 89 , timePerPackage: 19 , cached: 109
11-28 22:04:19.402  1887  1887 W PackageManager: Relax SCAN_REQUIRE_KNOWN requirement for package com.google.android.partnersetup
11-28 22:04:19.431  1887  1887 W PackageManager: Relax SCAN_REQUIRE_KNOWN requirement for package com.google.android.youtube
11-28 22:04:19.496  1887  1887 W PackageManager: Relax SCAN_REQUIRE_KNOWN requirement for package com.google.android.tts
11-28 22:04:19.504  1887  1887 W PackageManager: Relax SCAN_REQUIRE_KNOWN requirement for package com.android.chrome
11-28 22:04:19.522  1887  1887 W PackageManager: Relax SCAN_REQUIRE_KNOWN requirement for package com.android.vending
11-28 22:04:19.529  1887  1887 W PackageManager: Relax SCAN_REQUIRE_KNOWN requirement for package com.google.android.apps.photos
11-28 22:04:19.719  1887  1887 W PackageManager: Relax SCAN_REQUIRE_KNOWN requirement for package com.google.android.deskclock
11-28 22:04:20.175  1887  1887 W PackageManager: Relax SCAN_REQUIRE_KNOWN requirement for package com.google.android.apps.maps
11-28 22:04:20.176  1887  1934 W PackageParser: Unknown element under <manifest>: queries at /data/app/com.google.android.calendar--UGypW2be3F0ljiw9EDpZg==/base.apk Binary XML file line #70
11-28 22:04:20.222  1887  1934 W PackageParser: Unknown element under <application>: property at /data/app/com.google.android.calendar--UGypW2be3F0ljiw9EDpZg==/base.apk Binary XML file line #195
11-28 22:04:20.247  1887  1934 W PackageParser: No actions in intent filter at /data/app/com.google.android.calendar--UGypW2be3F0ljiw9EDpZg==/base.apk Binary XML file line #989
11-28 22:04:20.274  1887  1887 W PackageManager: Relax SCAN_REQUIRE_KNOWN requirement for package com.google.android.ims
11-28 22:04:20.288  1887  1887 W PackageManager: Relax SCAN_REQUIRE_KNOWN requirement for package com.google.android.inputmethod.latin
11-28 22:04:20.343  1887  1887 W PackageManager: Relax SCAN_REQUIRE_KNOWN requirement for package com.google.android.apps.tachyon
11-28 22:04:20.401  1887  1887 W PackageManager: Relax SCAN_REQUIRE_KNOWN requirement for package com.google.android.googlequicksearchbox
11-28 22:04:20.513  1887  1887 W PackageManager: Relax SCAN_REQUIRE_KNOWN requirement for package com.google.android.apps.messaging
11-28 22:04:20.525  1887  1887 W PackageManager: Relax SCAN_REQUIRE_KNOWN requirement for package com.google.android.apps.wallpaper
11-28 22:04:20.536  1887  1887 W PackageManager: Relax SCAN_REQUIRE_KNOWN requirement for package com.google.android.apps.docs
11-28 22:04:20.547  1887  1887 W PackageManager: Relax SCAN_REQUIRE_KNOWN requirement for package com.google.android.videos
11-28 22:04:20.558  1887  1887 W PackageManager: Relax SCAN_REQUIRE_KNOWN requirement for package com.google.android.gm
11-28 22:04:20.609  1887  1887 W PackageManager: Relax SCAN_REQUIRE_KNOWN requirement for package com.google.android.music
11-28 22:04:20.612  1887  1887 W PackageManager: Relax SCAN_REQUIRE_KNOWN requirement for package com.google.android.gms
11-28 22:04:20.764  1887  1887 W PackageManager: Relax SCAN_REQUIRE_KNOWN requirement for package com.google.android.calendar
11-28 22:04:20.772  1887  1887 I PackageManager: Finished scanning non-system apps. Time: 1428 ms, packageCount: 20 , timePerPackage: 71 , cached: 18
11-28 22:04:20.794  1887  1887 I PackageManager: Time to scan packages: 3.183 seconds
11-28 22:04:20.807  1887  1887 I PackageManager: Un-granting permission android.permission.INSTALL_GRANT_RUNTIME_PERMISSIONS from package com.android.vending (protectionLevel=770 flags=0x284abec5)
11-28 22:04:20.807  1887  1887 I PackageManager: Un-granting permission android.permission.GRANT_RUNTIME_PERMISSIONS from package com.android.vending (protectionLevel=770 flags=0x284abec5)
11-28 22:04:20.807  1887  1887 I PackageManager: Un-granting permission android.permission.REVOKE_RUNTIME_PERMISSIONS from package com.android.vending (protectionLevel=770 flags=0x284abec5)
11-28 22:04:20.809  1887  1887 I PackageManager: Un-granting permission android.permission.SET_PREFERRED_APPLICATIONS from package com.android.vending (protectionLevel=514 flags=0x284abec5)
11-28 22:04:20.810  1887  1887 I PackageManager: Un-granting permission android.permission.ACCESS_INSTANT_APPS from package com.android.vending (protectionLevel=770 flags=0x284abec5)
11-28 22:04:20.810  1887  1887 I PackageManager: Un-granting permission android.permission.MANAGE_APP_OPS_MODES from package com.android.vending (protectionLevel=770 flags=0x284abec5)
11-28 22:04:20.810  1887  1887 I PackageManager: Un-granting permission android.permission.SET_HARMFUL_APP_WARNINGS from package com.android.vending (protectionLevel=514 flags=0x284abec5)
11-28 22:04:20.813  1887  1887 I PackageManager: Un-granting permission android.permission.CLEAR_APP_USER_DATA from package com.google.android.packageinstaller (protectionLevel=258 flags=0x30483e45)
11-28 22:04:20.813  1887  1887 I PackageManager: Un-granting permission android.permission.GRANT_RUNTIME_PERMISSIONS from package com.google.android.packageinstaller (protectionLevel=770 flags=0x30483e45)
11-28 22:04:20.813  1887  1887 I PackageManager: Un-granting permission android.permission.REVOKE_RUNTIME_PERMISSIONS from package com.google.android.packageinstaller (protectionLevel=770 flags=0x30483e45)
11-28 22:04:20.813  1887  1887 I PackageManager: Un-granting permission android.permission.INSTALL_GRANT_RUNTIME_PERMISSIONS from package com.google.android.packageinstaller (protectionLevel=770 flags=0x30483e45)
11-28 22:04:20.813  1887  1887 I PackageManager: Un-granting permission android.permission.INTERACT_ACROSS_USERS_FULL from package com.google.android.packageinstaller (protectionLevel=258 flags=0x30483e45)
11-28 22:04:20.813  1887  1887 I PackageManager: Un-granting permission android.permission.MANAGE_APP_OPS_MODES from package com.google.android.packageinstaller (protectionLevel=770 flags=0x30483e45)
11-28 22:04:20.813  1887  1887 I PackageManager: Un-granting permission android.permission.KILL_UID from package com.google.android.packageinstaller (protectionLevel=258 flags=0x30483e45)
11-28 22:04:20.813  1887  1887 I PackageManager: Un-granting permission android.permission.MANAGE_APP_OPS_RESTRICTIONS from package com.google.android.packageinstaller (protectionLevel=258 flags=0x30483e45)
11-28 22:04:20.813  1887  1887 I PackageManager: Un-granting permission android.permission.HIDE_NON_SYSTEM_OVERLAY_WINDOWS from package com.google.android.packageinstaller (protectionLevel=258 flags=0x30483e45)
11-28 22:04:20.813  1887  1887 I PackageManager: Un-granting permission android.permission.ACCESS_INSTANT_APPS from package com.google.android.packageinstaller (protectionLevel=770 flags=0x30483e45)
11-28 22:04:20.826  1887  1887 V PackageManager: reconcileAppsData for null u0 0x3 migrateAppData=true
11-28 22:04:20.861  1683  1690 I SELinux : SELinux: Loaded file_contexts
11-28 22:04:21.698  1887  1887 V PackageManager: reconcileAppsData finished 18 packages
11-28 22:04:21.718  1683  1939 W installd: Ignoring /data/data/com.android.defcontainer/lib with unexpected GID 0 instead of 10030
11-28 22:04:21.724  1683  1939 W installd: Ignoring /data/data/com.google.android.inputmethod.latin/lib with unexpected GID 0 instead of 10071
11-28 22:04:21.733  1683  1939 W installd: Ignoring /data/data/com.android.cts.priv.ctsshim/lib with unexpected GID 0 instead of 10018
11-28 22:04:21.740  1683  1939 W installd: Ignoring /data/data/com.google.android.youtube/lib with unexpected GID 0 instead of 10070
11-28 22:04:21.757  1683  1939 W installd: Ignoring /data/data/com.google.android.googlequicksearchbox/lib with unexpected GID 0 instead of 10041
11-28 22:04:21.864  1683  1939 W installd: Ignoring /data/data/com.google.android.apps.messaging/lib with unexpected GID 0 instead of 10085
11-28 22:04:21.879  1683  1939 W installd: Ignoring /data/data/com.android.vending/lib with unexpected GID 0 instead of 10036
11-28 22:04:21.896  1683  1939 W installd: Ignoring /data/data/com.android.pacprocessor/lib with unexpected GID 0 instead of 10081
11-28 22:04:21.966  1683  1939 W installd: Ignoring /data/data/com.android.camera2/lib with unexpected GID 0 instead of 10060
11-28 22:04:21.973  1683  1939 W installd: Ignoring /data/data/com.google.android.apps.inputmethod.hindi/lib with unexpected GID 0 instead of 10069
11-28 22:04:21.986  1683  1939 W installd: Ignoring /data/data/com.android.nfc/lib with unexpected GID 0 instead of 1027
11-28 22:04:22.006  1683  1939 W installd: Ignoring /data/data/com.google.android.gm/lib with unexpected GID 0 instead of 10056
11-28 22:04:22.009  1683  1939 W installd: Ignoring /data/data/com.google.android.apps.tachyon/lib with unexpected GID 0 instead of 10058
11-28 22:04:22.027  1683  1939 W installd: Ignoring /data/data/com.google.android.setupwizard/lib with unexpected GID 0 instead of 10027
11-28 22:04:22.049  1683  1939 W installd: Ignoring /data/data/com.android.printspooler/lib with unexpected GID 0 instead of 10077
11-28 22:04:22.081  1683  1939 W installd: Ignoring /data/data/com.android.bips/lib with unexpected GID 0 instead of 10044
11-28 22:04:22.106  1683  1939 W installd: Ignoring /data/data/com.google.android.apps.docs/lib with unexpected GID 0 instead of 10076
11-28 22:04:22.115  1683  1939 W installd: Ignoring /data/data/com.google.android.apps.maps/lib with unexpected GID 0 instead of 10064
11-28 22:04:22.153  1683  1939 W installd: Ignoring /data/data/com.android.chrome/lib with unexpected GID 0 instead of 10084
11-28 22:04:22.161  1683  1939 W installd: Ignoring /data/data/com.google.android.gms/lib with unexpected GID 0 instead of 10012
11-28 22:04:22.164  1683  1939 W installd: Ignoring /data/data/com.google.android.gsf/lib with unexpected GID 0 instead of 10012
11-28 22:04:22.183  1683  1939 W installd: Ignoring /data/data/com.google.android.ims/lib with unexpected GID 0 instead of 10031
11-28 22:04:22.256  1683  1939 W installd: Ignoring /data/data/com.google.android.tts/lib with unexpected GID 0 instead of 10051
11-28 22:04:22.276  1683  1939 W installd: Ignoring /data/data/com.google.android.videos/lib with unexpected GID 0 instead of 10079
11-28 22:04:22.289  1683  1939 W installd: Ignoring /data/data/com.breel.geswallpapers/lib with unexpected GID 0 instead of 10075
11-28 22:04:22.308  1683  1939 W installd: Ignoring /data/data/com.google.android.apps.photos/lib with unexpected GID 0 instead of 10059
11-28 22:04:22.346  1683  1939 W installd: Ignoring /data/data/com.google.android.backuptransport/lib with unexpected GID 0 instead of 10012
11-28 22:04:22.360  1683  1939 W installd: Ignoring /data/data/com.google.android.inputmethod.pinyin/lib with unexpected GID 0 instead of 10052
11-28 22:04:22.439  1683  1939 W installd: Ignoring /data/data/com.android.bluetooth/lib with unexpected GID 0 instead of 1002
11-28 22:04:22.517  1683  1939 W installd: Ignoring /data/user_de/0/com.android.defcontainer/lib with unexpected GID 0 instead of 10030
11-28 22:04:23.101  1683  1939 W installd: Ignoring /data/user_de/0/com.android.bluetooth/lib with unexpected GID 0 instead of 1002
11-28 22:04:23.779  1683  1938 W cutils  : Expected path /data/data/com.google.android.gms with mode 700 but found 711
11-28 22:04:23.779  1683  1938 W cutils  : Expected path /data/user_de/0/com.google.android.gms with mode 700 but found 711
11-28 22:04:23.786  1683  1690 W cutils  : Expected path /data/data/com.google.android.gms with mode 700 but found 711
11-28 22:04:23.787  1683  1690 W cutils  : Expected path /data/user_de/0/com.google.android.gms with mode 700 but found 711
11-28 22:04:24.005  1683  1690 D installd: Detected label change from u:object_r:app_data_file:s0:c512,c768 to u:object_r:app_data_file:s0:c80,c256,c512,c768 at /data/data/com.google.android.calendar; running recursive restorecon
11-28 22:04:24.167  1887  1887 I chatty  : uid=1000 system_server expire 29 lines
11-28 22:04:24.169  1887  1887 I SystemServer: StartOtaDexOptService
11-28 22:04:24.169  1887  1887 D OTADexopt: No upgrade, skipping A/B artifacts check.
11-28 22:04:24.169  1887  1887 I SystemServer: StartUserManagerService
11-28 22:04:24.169  1887  1887 I SystemServiceManager: Starting com.android.server.pm.UserManagerService$LifeCycle
11-28 22:04:24.170  1887  1887 I SystemServer: InitAttributerCache
11-28 22:04:24.172  1887  1887 I SystemServer: SetSystemProcess
11-28 22:04:24.219  1683  1690 D installd: Detected label change from u:object_r:app_data_file:s0:c512,c768 to u:object_r:app_data_file:s0:c80,c256,c512,c768 at /data/user_de/0/com.google.android.calendar; running recursive restorecon
11-28 22:04:24.224  1594  1594 I lowmemorykiller: lmkd data connection established
11-28 22:04:24.236  1520  1520 W hwservicemanager: getTransport: Cannot find entry android.hardware.soundtrigger@2.0::ISoundTriggerHw/default in either framework or device manifest.
11-28 22:04:24.237  1780  1780 E SoundTriggerHwService: could not read implementation properties
11-28 22:04:24.400  1887  1887 I SystemServer: StartOverlayManagerService
11-28 22:04:24.402  1887  1887 I SystemServer: StartBatteryService
11-28 22:04:24.402  1887  1887 I SystemServiceManager: Starting com.android.server.BatteryService
11-28 22:04:24.469  1887  1954 I chatty  : uid=1000 system_server expire 3 lines
11-28 22:04:24.488  1887  1940 I PackageManager: Deferred reconcileAppsData finished 91 packages
11-28 22:04:24.505  1887  1958 I chatty  : uid=1000(system) SensorService expire 1 line
11-28 22:04:24.526  1887  1957 I chatty  : uid=1000(system) SensorEventAckR expire 1 line
11-28 22:04:24.534  1887  1887 I HealthServiceWrapper: health: HealthServiceWrapper listening to instance default
11-28 22:04:24.534  1887  1887 I BatteryService: health: Waited 0ms for callbacks. Waiting another 1000 ms...
11-28 22:04:24.674  1887  1887 I BatteryService: health: Waited 140ms and received the update.
11-28 22:04:24.718  1887  1959 I chatty  : uid=1000(system) HealthServiceRe expire 1 line
11-28 22:04:24.788  1887  1887 W SystemServiceManager: Service com.android.server.BatteryService took 386 ms in onStart
11-28 22:04:24.789  1887  1887 I SystemServer: StartUsageService
11-28 22:04:24.789  1887  1887 I SystemServiceManager: Starting com.android.server.usage.UsageStatsService
11-28 22:04:24.790  1887  1906 E BatteryExternalStatsWorker: no controller energy info supplied for telephony
11-28 22:04:24.792  1887  1906 E KernelUidCpuFreqTimeReader: Failed to read /proc/uid_time_in_state: java.io.FileNotFoundException: /proc/uid_time_in_state (No such file or directory)
11-28 22:04:24.899  1887  1906 E KernelUidCpuFreqTimeReader: Failed to read /proc/uid_time_in_state: java.io.FileNotFoundException: /proc/uid_time_in_state (No such file or directory)
11-28 22:04:24.927  1887  1906 I BatteryStatsImpl: Resetting battery stats: level=100 status=4 dischargeLevel=100 lowAmount=0 highAmount=0
11-28 22:04:25.387  1887  1902 I BinderCallsStatsService: Resetting stats
11-28 22:04:25.529  1887  1887 I UsageStatsService: User[0] Rollover scheduled @ 2024-11-29 08:54:35(1732866875686)
11-28 22:04:25.529  1887  1887 W SystemServiceManager: Service com.android.server.usage.UsageStatsService took 588 ms in onStart
11-28 22:04:25.529  1887  1887 I SystemServer: StartWebViewUpdateService
11-28 22:04:25.529  1887  1887 I SystemServiceManager: Starting com.android.server.webkit.WebViewUpdateService
11-28 22:04:25.558  1887  1887 I SystemServer: StartBinderCallsStatsService
11-28 22:04:25.559  1887  1900 I SystemServer: SecondaryZygotePreload
11-28 22:04:25.567  1887  1887 I SystemServer: StartKeyAttestationApplicationIdProviderService
11-28 22:04:25.579  1887  1887 I SystemServer: StartKeyChainSystemService
11-28 22:04:25.579  1887  1887 I SystemServiceManager: Starting com.android.server.security.KeyChainSystemService
11-28 22:04:25.580  1887  1887 I SystemServer: StartSchedulingPolicyService
11-28 22:04:25.584  1887  1940 I chatty  : uid=1000 system_server expire 2 lines
11-28 22:04:25.585  1887  1887 I SystemServer: StartTelecomLoaderService
11-28 22:04:25.585  1887  1887 I SystemServiceManager: Starting com.android.server.telecom.TelecomLoaderService
11-28 22:04:25.588  1887  1887 I SystemServer: StartTelephonyRegistry
11-28 22:04:25.622  1887  1900 I chatty  : uid=1000 system_server expire 2 lines
11-28 22:04:25.623  1887  1900 E SystemServer: Unable to preload default resources
11-28 22:04:25.623  1887  1887 I SystemServer: StartEntropyMixer
11-28 22:04:25.664  1887  1887 I EntropyMixer: Added HW RNG output to entropy pool
11-28 22:04:25.664  1887  1887 I EntropyMixer: Writing entropy...
11-28 22:04:25.743  1887  1887 I SystemServer: StartAccountManagerService
11-28 22:04:25.743  1887  1887 I SystemServiceManager: Starting com.android.server.accounts.AccountManagerService$Lifecycle
11-28 22:04:25.753  1887  1887 I SystemServer: StartContentService
11-28 22:04:25.753  1887  1887 I SystemServiceManager: Starting com.android.server.content.ContentService$Lifecycle
11-28 22:04:25.771  1887  1887 I SystemServer: InstallSystemProviders
11-28 22:04:26.133  1887  1887 I SystemServer: StartDropBoxManager
11-28 22:04:26.133  1887  1887 I SystemServiceManager: Starting com.android.server.DropBoxManagerService
11-28 22:04:26.141  1887  1887 I SystemServer: StartVibratorService
11-28 22:04:26.157  1520  1520 W hwservicemanager: getTransport: Cannot find entry android.hardware.vibrator@1.0::IVibrator/default in either framework or device manifest.
11-28 22:04:26.158  1520  1520 W hwservicemanager: getTransport: Cannot find entry android.hardware.vibrator@1.0::IVibrator/default in either framework or device manifest.
11-28 22:04:26.161  1520  1520 W hwservicemanager: getTransport: Cannot find entry android.hardware.vibrator@1.0::IVibrator/default in either framework or device manifest.
11-28 22:04:26.164  1887  1887 I SystemServer: StartConsumerIrService
11-28 22:04:26.165  1520  1520 W hwservicemanager: getTransport: Cannot find entry android.hardware.ir@1.0::IConsumerIr/default in either framework or device manifest.
11-28 22:04:26.165  1887  1887 I SystemServer: StartAlarmManagerService
11-28 22:04:26.166  1887  1887 I SystemServiceManager: Starting com.android.server.AlarmManagerService
11-28 22:04:26.169  1887  1887 I SystemServer: InitWatchdog
11-28 22:04:26.169  1887  1887 I SystemServer: StartInputManagerService
11-28 22:04:26.191  1887  1887 I InputManager: Initializing input manager, mUseDevInputEventForAudioJack=true
11-28 22:04:26.209  1887  1887 I SystemServer: StartWindowManagerService
11-28 22:04:29.910  1887  1906 E KernelUidCpuFreqTimeReader: Failed to read /proc/uid_time_in_state: java.io.FileNotFoundException: /proc/uid_time_in_state (No such file or directory)
11-28 22:04:29.950  1887  1910 I WindowManager: No existing display settings /data/system/display_settings.xml; starting empty
11-28 22:04:29.994  1887  1887 I SystemServer: SetWindowManagerService
11-28 22:04:33.867  1887  1887 I SystemServer: WindowManagerServiceOnInitReady
11-28 22:04:34.337  1887  1903 I chatty  : uid=1000(system) android.ui expire 1 line
11-28 22:04:34.535  1887  1887 I SystemServer: StartVrManagerService
11-28 22:04:34.535  1887  1887 I SystemServiceManager: Starting com.android.server.vr.VrManagerService
11-28 22:04:34.538  1520  1520 W hwservicemanager: getTransport: Cannot find entry android.hardware.vr@1.0::IVr/default in either framework or device manifest.
11-28 22:04:34.538  1887  1887 I SystemServer: StartInputManager
11-28 22:04:34.538  1887  1887 I InputManager: Starting input manager
11-28 22:04:34.539  1887  1887 I SystemServer: DisplayManagerWindowManagerAndInputReady
11-28 22:04:34.540  1887  1887 I SystemServer: No Bluetooth Service (emulator)
11-28 22:04:34.540  1887  1887 I SystemServer: IpConnectivityMetrics
11-28 22:04:34.540  1887  1887 I SystemServiceManager: Starting com.android.server.connectivity.IpConnectivityMetrics
11-28 22:04:34.540  1887  1903 W Looper  : Slow dispatch took 671ms android.ui h=android.os.Handler c=android.os.Handler$BlockingRunnable@5eb1d7e m=0
11-28 22:04:34.544  1887  1887 I SystemServer: NetworkWatchlistService
11-28 22:04:34.544  1887  1887 I SystemServiceManager: Starting com.android.server.net.watchlist.NetworkWatchlistService$Lifecycle
11-28 22:04:34.618  1887  1971 I chatty  : uid=1000(system) InputReader expire 17 lines
11-28 22:04:34.694  1887  1887 I WatchlistSettings: Reload watchlist settings done
11-28 22:04:34.699  1887  1887 W SystemServiceManager: Service com.android.server.net.watchlist.NetworkWatchlistService$Lifecycle took 155 ms in onStart
11-28 22:04:34.700  1887  1887 I SystemServer: PinnerService
11-28 22:04:34.700  1887  1887 I SystemServiceManager: Starting com.android.server.PinnerService
11-28 22:04:34.711  1887  1887 I SystemServer: StartInputMethodManagerLifecycle
11-28 22:04:34.711  1887  1887 I SystemServiceManager: Starting com.android.server.InputMethodManagerService$Lifecycle
11-28 22:04:34.712  1887  1972 I WatchlistLoggingHandler: No need to aggregate record yet.
11-28 22:04:34.712  1887  1972 I WatchlistLoggingHandler: Milliseconds spent on tryAggregateRecords(): 0
11-28 22:04:34.729  1887  1887 I SystemServer: StartAccessibilityManagerService
11-28 22:04:34.746  1887  1887 I SystemServer: MakeDisplayReady
11-28 22:04:34.747  1887  1887 I ActivityManager: Config changes=20005df8 {1.0 ?mcc?mnc [en_US] ldltr sw392dp w392dp h829dp 440dpi nrml long port ?uimode ?night -touch qwerty/v/v -nav/h winConfig={ mBounds=Rect(0, 0 - 0, 0) mAppBounds=Rect(0, 0 - 1080, 2280) mWindowingMode=fullscreen mActivityType=undefined} s.2}
11-28 22:04:35.157  1887  1887 I ActivityManager: Override config changes=60007dfc {1.0 ?mcc?mnc [en_US] ldltr sw392dp w392dp h829dp 440dpi nrml long port ?uimode ?night -touch qwerty/v/v -nav/h winConfig={ mBounds=Rect(0, 0 - 1080, 2280) mAppBounds=Rect(0, 0 - 1080, 2280) mWindowingMode=fullscreen mActivityType=undefined} s.2} for displayId=0
11-28 22:04:35.167  1887  1887 W LocalDisplayAdapter: Unable to find color mode 0, ignoring request.
11-28 22:04:35.174  1887  1887 I ActivityManager: Config changes=20000408 {1.0 ?mcc?mnc [en_US] ldltr sw392dp w392dp h757dp 440dpi nrml long port ?uimode ?night finger qwerty/v/v -nav/h winConfig={ mBounds=Rect(0, 0 - 0, 0) mAppBounds=Rect(0, 0 - 1080, 2148) mWindowingMode=fullscreen mActivityType=undefined} s.3}
11-28 22:04:35.215  1887  1887 I ActivityManager: Override config changes=20000408 {1.0 ?mcc?mnc [en_US] ldltr sw392dp w392dp h757dp 440dpi nrml long port ?uimode ?night finger qwerty/v/v -nav/h winConfig={ mBounds=Rect(0, 0 - 1080, 2280) mAppBounds=Rect(0, 0 - 1080, 2148) mWindowingMode=fullscreen mActivityType=undefined} s.3} for displayId=0
11-28 22:04:35.290  1887  1887 W LocalDisplayAdapter: Unable to find color mode 0, ignoring request.
11-28 22:04:35.301  1887  1887 I SystemServer: StartStorageManagerService
11-28 22:04:35.301  1887  1887 I SystemServiceManager: Starting com.android.server.StorageManagerService$Lifecycle
11-28 22:04:35.329  1887  1887 I SystemServer: StartStorageStatsService
11-28 22:04:35.329  1887  1887 I SystemServiceManager: Starting com.android.server.usage.StorageStatsService$Lifecycle
11-28 22:04:35.330  1683  1945 D installd: Found quota mount /dev/block/dm-1 at /data
11-28 22:04:35.332  1887  1975 D StorageManagerService: Thinking about init, mSystemReady=false, mDaemonConnected=true
11-28 22:04:35.332  1887  1975 D StorageManagerService: Thinking about reset, mSystemReady=false, mDaemonConnected=true
11-28 22:04:35.349  1887  1887 I SystemServer: StartUiModeManager
11-28 22:04:35.349  1887  1887 I SystemServiceManager: Starting com.android.server.UiModeManagerService
11-28 22:04:35.353  1523  1569 E vold    : Failed to read field SystemLocale: Success
11-28 22:04:35.358  1887  1940 I ActivityManager: Config changes=200 {1.0 ?mcc?mnc [en_US] ldltr sw392dp w392dp h757dp 440dpi nrml long port finger qwerty/v/v -nav/h winConfig={ mBounds=Rect(0, 0 - 0, 0) mAppBounds=Rect(0, 0 - 1080, 2148) mWindowingMode=fullscreen mActivityType=undefined} s.4}
11-28 22:04:35.373  1887  1887 I SystemServer: UpdatePackagesIfNeeded
11-28 22:04:35.373  1887  1887 I SystemServer: PerformFstrimIfNeeded
11-28 22:04:35.374  1887  1887 I SystemServer: StartLockSettingsService
11-28 22:04:35.374  1887  1887 I SystemServiceManager: Starting com.android.server.locksettings.LockSettingsService$Lifecycle
11-28 22:04:35.385  1887  1975 E StorageManagerService: Failed to read field SystemLocale
11-28 22:04:35.385  1887  1975 E StorageManagerService: android.os.ServiceSpecificException: Failed to read field SystemLocale (code 0)
11-28 22:04:35.385  1887  1975 E StorageManagerService: 	at android.os.Parcel.createException(Parcel.java:1964)
11-28 22:04:35.385  1887  1975 E StorageManagerService: 	at android.os.Parcel.readException(Parcel.java:1918)
11-28 22:04:35.385  1887  1975 E StorageManagerService: 	at android.os.Parcel.readException(Parcel.java:1868)
11-28 22:04:35.385  1887  1975 E StorageManagerService: 	at android.os.IVold$Stub$Proxy.fdeGetField(IVold.java:1094)
11-28 22:04:35.385  1887  1975 E StorageManagerService: 	at com.android.server.StorageManagerService.getField(StorageManagerService.java:2408)
11-28 22:04:35.385  1887  1975 E StorageManagerService: 	at com.android.server.StorageManagerService.copyLocaleFromMountService(StorageManagerService.java:982)
11-28 22:04:35.385  1887  1975 E StorageManagerService: 	at com.android.server.StorageManagerService.handleDaemonConnected(StorageManagerService.java:975)
11-28 22:04:35.385  1887  1975 E StorageManagerService: 	at com.android.server.StorageManagerService.access$900(StorageManagerService.java:171)
11-28 22:04:35.385  1887  1975 E StorageManagerService: 	at com.android.server.StorageManagerService$StorageManagerServiceHandler.handleMessage(StorageManagerService.java:572)
11-28 22:04:35.385  1887  1975 E StorageManagerService: 	at android.os.Handler.dispatchMessage(Handler.java:106)
11-28 22:04:35.385  1887  1975 E StorageManagerService: 	at android.os.Looper.loop(Looper.java:193)
11-28 22:04:35.385  1887  1975 E StorageManagerService: 	at android.os.HandlerThread.run(HandlerThread.java:65)
11-28 22:04:35.445  1887  1940 I ActivityManager: Override config changes=200 {1.0 ?mcc?mnc [en_US] ldltr sw392dp w392dp h757dp 440dpi nrml long port finger qwerty/v/v -nav/h winConfig={ mBounds=Rect(0, 0 - 1080, 2280) mAppBounds=Rect(0, 0 - 1080, 2148) mWindowingMode=fullscreen mActivityType=undefined} s.4} for displayId=0
11-28 22:04:35.469  1887  1887 W SystemServiceManager: Service com.android.server.locksettings.LockSettingsService$Lifecycle took 95 ms in onStart
11-28 22:04:35.331  1683  1945 D installd: Found quota mount /dev/block/dm-1 at /data
11-28 22:04:35.469  1520  1520 W hwservicemanager: getTransport: Cannot find entry android.hardware.oemlock@1.0::IOemLock/default in either framework or device manifest.
11-28 22:04:35.471  1887  1887 I OemLock : OemLock HAL not present on device
11-28 22:04:35.471  1887  1887 I SystemServer: StartDeviceIdleController
11-28 22:04:35.471  1887  1887 I SystemServiceManager: Starting com.android.server.DeviceIdleController
11-28 22:04:35.476  1887  1887 I SystemServer: StartDevicePolicyManager
11-28 22:04:35.476  1887  1887 I SystemServiceManager: Starting com.android.server.devicepolicy.DevicePolicyManagerService$Lifecycle
11-28 22:04:35.506  1887  1887 I SystemServer: StartStatusBarManagerService
11-28 22:04:35.509  1887  1887 I SystemServer: StartClipboardService
11-28 22:04:35.509  1887  1887 I SystemServiceManager: Starting com.android.server.clipboard.ClipboardService
11-28 22:04:35.518  1887  1887 I SystemServer: StartNetworkManagementService
11-28 22:04:35.528  1887  1977 I NetworkManagement: onDaemonConnected()
11-28 22:04:35.530  1887  1887 I SystemServer: StartIpSecService
11-28 22:04:35.530  1887  1887 I SystemServer: StartTextServicesManager
11-28 22:04:35.530  1887  1887 I SystemServiceManager: Starting com.android.server.TextServicesManagerService$Lifecycle
11-28 22:04:35.533  1887  1887 I SystemServer: StartTextClassificationManagerService
11-28 22:04:35.533  1887  1887 I SystemServiceManager: Starting com.android.server.textclassifier.TextClassificationManagerService$Lifecycle
11-28 22:04:35.533  1887  1887 I SystemServer: StartNetworkScoreService
11-28 22:04:35.533  1887  1887 I SystemServiceManager: Starting com.android.server.NetworkScoreService$Lifecycle
11-28 22:04:35.552  1887  1887 I SystemServer: StartNetworkStatsService
11-28 22:04:35.558  1887  1887 I SystemServer: StartNetworkPolicyManagerService
11-28 22:04:35.562  1887  1887 I SystemServer: StartWifi
11-28 22:04:35.650  1887  1887 I SystemServiceManager: Starting com.android.server.wifi.WifiService
11-28 22:04:36.145  1887  1983 I chatty  : uid=1000(system) WifiStateMachin expire 24 lines
11-28 22:04:36.174  1887  1887 I SystemServer: StartWifiScanning
11-28 22:04:36.175  1887  1887 I SystemServiceManager: Starting com.android.server.wifi.scanner.WifiScanningService
11-28 22:04:36.177  1887  1887 I SystemServer: StartWifiP2P
11-28 22:04:36.177  1887  1887 I SystemServiceManager: Starting com.android.server.wifi.p2p.WifiP2pService
11-28 22:04:36.226  1887  1887 I SystemServer: StartConnectivityService
11-28 22:04:36.228  1887  1887 D ConnectivityService: ConnectivityService starting up
11-28 22:04:36.230  1887  1887 D ConnectivityService: wifiOnly=false
11-28 22:04:36.306  1887  1887 I SystemServer: StartNsdService
11-28 22:04:36.308  1887  1887 D NsdService: Network service discovery is enabled
11-28 22:04:36.313  1887  1887 I SystemServer: StartSystemUpdateManagerService
11-28 22:04:36.318  1887  1887 I SystemUpdateManagerService: No existing info file /data/system/system-update-info.xml
11-28 22:04:36.319  1887  1887 I SystemServer: StartUpdateLockService
11-28 22:04:36.319  1887  1887 I SystemServer: StartNotificationManager
11-28 22:04:36.319  1887  1887 I SystemServiceManager: Starting com.android.server.notification.NotificationManagerService
11-28 22:04:36.392  1887  1887 D ConditionProviders.SCP: new ScheduleConditionProvider()
11-28 22:04:36.433  1887  1887 I NotificationListeners: Read notification listener permissions from xml
11-28 22:04:36.433  1887  1887 I NotificationAssistants: Read notification assistant permissions from xml
11-28 22:04:36.433  1887  1887 I ConditionProviders: Read condition provider permissions from xml
11-28 22:04:36.433  1887  1887 I ConditionProviders: Read condition provider permissions from xml
11-28 22:04:36.449  1887  1887 W SystemServiceManager: Service com.android.server.notification.NotificationManagerService took 114 ms in onStart
11-28 22:04:36.455  1887  1887 I SystemServer: StartDeviceMonitor
11-28 22:04:36.455  1887  1887 I SystemServiceManager: Starting com.android.server.storage.DeviceStorageMonitorService
11-28 22:04:36.461  1887  1887 I SystemServer: StartLocationManagerService
11-28 22:04:36.467  1887  1887 I SystemServer: StartCountryDetectorService
11-28 22:04:36.468  1887  1887 I SystemServer: StartSearchManagerService
11-28 22:04:36.468  1887  1887 I SystemServiceManager: Starting com.android.server.search.SearchManagerService$Lifecycle
11-28 22:04:36.468  1887  1887 I SystemServer: StartWallpaperManagerService
11-28 22:04:36.468  1887  1887 I SystemServiceManager: Starting com.android.server.wallpaper.WallpaperManagerService$Lifecycle
11-28 22:04:36.471  1887  1887 I SystemServer: StartAudioService
11-28 22:04:36.472  1887  1887 I SystemServiceManager: Starting com.android.server.audio.AudioService$Lifecycle
11-28 22:04:36.489  1780  1780 D PermissionCache: checking android.permission.MODIFY_AUDIO_SETTINGS for uid=1000 => granted (288 us)
11-28 22:04:36.489  1780  1816 W AudioFlinger: no wake lock to update, system not ready yet
11-28 22:04:36.490  1781  1821 W DeviceHAL: Error from HAL Device in function set_mic_mute: Function not implemented
11-28 22:04:36.515  1780  1780 D PermissionCache: checking android.permission.MODIFY_AUDIO_ROUTING for uid=1000 => granted (1036 us)
11-28 22:04:36.583  1780  1780 D AudioFlinger: isLowRamDevice:false totalMemory:2096242688 mClientSharedHeapSize:4194304
11-28 22:04:36.584  1887  1887 I SystemServer: StartDockObserver
11-28 22:04:36.584  1887  1887 I SystemServiceManager: Starting com.android.server.DockObserver
11-28 22:04:36.585  1887  1887 W DockObserver: This kernel does not have dock station support
11-28 22:04:36.589  1887  1887 I SystemServer: StartWiredAccessoryManager
11-28 22:04:36.590  1887  1887 W WiredAccessoryManager: This kernel does not have usb audio support
11-28 22:04:36.590  1887  1887 W WiredAccessoryManager: This kernel does not have HDMI audio support
11-28 22:04:36.590  1887  1887 I SystemServer: StartMidiManager
11-28 22:04:36.590  1887  1887 I SystemServiceManager: Starting com.android.server.midi.MidiService$Lifecycle
11-28 22:04:36.605  1887  1887 I SystemServer: StartUsbService
11-28 22:04:36.605  1887  1887 I SystemServiceManager: Starting com.android.server.usb.UsbService$Lifecycle
11-28 22:04:36.639  1887  1887 E UsbDeviceManager: failed to write to /sys/class/android_usb/android0/f_rndis/ethaddr
11-28 22:04:36.639  1520  1520 W hwservicemanager: getTransport: Cannot find entry android.hardware.usb.gadget@1.0::IUsbGadget/default in either framework or device manifest.
11-28 22:04:36.671  1887  1887 I UsbDeviceManager: USB GADGET HAL not present in the device
11-28 22:04:36.671  1887  1887 I UsbDeviceManager: java.util.NoSuchElementException
11-28 22:04:36.671  1887  1887 I UsbDeviceManager: 	at android.os.HwBinder.getService(Native Method)
11-28 22:04:36.671  1887  1887 I UsbDeviceManager: 	at android.hardware.usb.gadget.V1_0.IUsbGadget.getService(IUsbGadget.java:40)
11-28 22:04:36.671  1887  1887 I UsbDeviceManager: 	at android.hardware.usb.gadget.V1_0.IUsbGadget.getService(IUsbGadget.java:44)
11-28 22:04:36.671  1887  1887 I UsbDeviceManager: 	at com.android.server.usb.UsbDeviceManager.<init>(UsbDeviceManager.java:267)
11-28 22:04:36.671  1887  1887 I UsbDeviceManager: 	at com.android.server.usb.UsbService.<init>(UsbService.java:139)
11-28 22:04:36.671  1887  1887 I UsbDeviceManager: 	at com.android.server.usb.UsbService$Lifecycle.onStart(UsbService.java:73)
11-28 22:04:36.671  1887  1887 I UsbDeviceManager: 	at com.android.server.SystemServiceManager.startService(SystemServiceManager.java:126)
11-28 22:04:36.671  1887  1887 I UsbDeviceManager: 	at com.android.server.SystemServiceManager.startService(SystemServiceManager.java:113)
11-28 22:04:36.671  1887  1887 I UsbDeviceManager: 	at com.android.server.SystemServiceManager.startService(SystemServiceManager.java:72)
11-28 22:04:36.671  1887  1887 I UsbDeviceManager: 	at com.android.server.SystemServer.startOtherServices(SystemServer.java:1299)
11-28 22:04:36.671  1887  1887 I UsbDeviceManager: 	at com.android.server.SystemServer.run(SystemServer.java:431)
11-28 22:04:36.671  1887  1887 I UsbDeviceManager: 	at com.android.server.SystemServer.main(SystemServer.java:294)
11-28 22:04:36.671  1887  1887 I UsbDeviceManager: 	at java.lang.reflect.Method.invoke(Native Method)
