11-28 22:04:00.121  1721  1721 F DEBUG   :     #05 pc 00007ccc  /system/lib/libbase.so (android::base::LogMessage::~LogMessage()+828)
11-28 22:04:00.121  1721  1721 F DEBUG   :     #06 pc 000083d2  /system/lib/libhidlbase.so (android::hardware::details::return_status::~return_status()+290)
11-28 22:04:00.121  1721  1721 F DEBUG   :     #07 pc 0004f386  /system/lib/libsurfaceflinger.so (android::Hwc2::impl::Composer::getActiveConfig(unsigned long long, unsigned int*)+118)
11-28 22:04:00.121  1721  1721 F DEBUG   :     #08 pc 0005b1e4  /system/lib/libsurfaceflinger.so (HWC2::Display::getActiveConfigIndex(int*) const+68)
11-28 22:04:00.121  1721  1721 F DEBUG   :     #09 pc 00062424  /system/lib/libsurfaceflinger.so (android::HWComposer::getActiveConfigIndex(int) const+100)
11-28 22:04:00.121  1721  1721 F DEBUG   :     #10 pc 000a04a4  /system/lib/libsurfaceflinger.so (android::SurfaceFlinger::processDisplayChangesLocked()+4884)
11-28 22:04:00.121  1721  1721 F DEBUG   :     #11 pc 00096e79  /system/lib/libsurfaceflinger.so (android::SurfaceFlinger::processDisplayHotplugEventsLocked()+985)
11-28 22:04:00.121  1721  1721 F DEBUG   :     #12 pc 000991f7  /system/lib/libsurfaceflinger.so (android::SurfaceFlinger::onHotplugReceived(int, unsigned long long, HWC2::Connection)+471)
11-28 22:04:00.121  1721  1721 F DEBUG   :     #13 pc 000992c0  /system/lib/libsurfaceflinger.so (non-virtual thunk to android::SurfaceFlinger::onHotplugReceived(int, unsigned long long, HWC2::Connection)+48)
11-28 22:04:00.121  1721  1721 F DEBUG   :     #14 pc 0005e710  /system/lib/libsurfaceflinger.so (_ZN4HWC212_GLOBAL__N_122ComposerCallbackBridge9onHotplugEyN7android8hardware8graphics8composer4V2_117IComposerCallback10ConnectionE$9c4dd39c938b72eb758b012354254820+48)
11-28 22:04:00.121  1721  1721 F DEBUG   :     #15 pc 0001f2b2  /system/lib/android.hardware.graphics.composer@2.1.so (android::hardware::graphics::composer::V2_1::BnHwComposerCallback::_hidl_onHotplug(android::hidl::base::V1_0::BnHwBase*, android::hardware::Parcel const&, android::hardware::Parcel*, std::__1::function<void (android::hardware::Parcel&)>)+242)
11-28 22:04:00.121  1721  1721 F DEBUG   :     #16 pc 0001fa5c  /system/lib/android.hardware.graphics.composer@2.1.so (android::hardware::graphics::composer::V2_1::BnHwComposerCallback::onTransact(unsigned int, android::hardware::Parcel const&, android::hardware::Parcel*, unsigned int, std::__1::function<void (android::hardware::Parcel&)>)+684)
11-28 22:04:00.121  1721  1721 F DEBUG   :     #17 pc 0001c790  /system/lib/libhwbinder.so (android::hardware::IPCThreadState::executeCommand(int)+720)
11-28 22:04:00.121  1721  1721 F DEBUG   :     #18 pc 0001d657  /system/lib/libhwbinder.so (android::hardware::IPCThreadState::waitForResponse(android::hardware::Parcel*, int*)+423)
11-28 22:04:00.121  1721  1721 F DEBUG   :     #19 pc 0001c041  /system/lib/libhwbinder.so (android::hardware::BpHwBinder::transact(unsigned int, android::hardware::Parcel const&, android::hardware::Parcel*, unsigned int, std::__1::function<void (android::hardware::Parcel&)>)+129)
11-28 22:04:00.121  1721  1721 F DEBUG   :     #20 pc 000241d4  /system/lib/android.hardware.graphics.composer@2.1.so (android::hardware::graphics::composer::V2_1::BpHwComposerClient::_hidl_registerCallback(android::hardware::IInterface*, android::hardware::details::HidlInstrumentor*, android::sp<android::hardware::graphics::composer::V2_1::IComposerCallback> const&)+468)
11-28 22:04:00.121  1721  1721 F DEBUG   :     #21 pc 00029fd2  /system/lib/android.hardware.graphics.composer@2.1.so (android::hardware::graphics::composer::V2_1::BpHwComposerClient::registerCallback(android::sp<android::hardware::graphics::composer::V2_1::IComposerCallback> const&)+50)
11-28 22:04:00.121  1721  1721 F DEBUG   :     #22 pc 0004e17b  /system/lib/libsurfaceflinger.so (android::Hwc2::impl::Composer::registerCallback(android::sp<android::hardware::graphics::composer::V2_1::IComposerCallback> const&)+59)
11-28 22:04:00.121  1721  1721 F DEBUG   :     #23 pc 000594f9  /system/lib/libsurfaceflinger.so (HWC2::Device::registerCallback(HWC2::ComposerCallback*, int)+217)
11-28 22:04:00.121  1721  1721 F DEBUG   :     #24 pc 00060bf8  /system/lib/libsurfaceflinger.so (android::HWComposer::registerCallback(HWC2::ComposerCallback*, int)+40)
11-28 22:04:00.121  1721  1721 F DEBUG   :     #25 pc 00095efa  /system/lib/libsurfaceflinger.so (android::SurfaceFlinger::init()+1418)
11-28 22:04:00.121  1721  1721 F DEBUG   :     #26 pc 000025ba  /system/bin/surfaceflinger (main+458)
11-28 22:04:00.121  1721  1721 F DEBUG   :     #27 pc 000c0f54  /system/lib/libc.so (__libc_init+100)
11-28 22:04:00.165  1699  1699 I gatekeeperd: Starting gatekeeperd...
11-28 22:04:00.170  1721  1721 E crash_dump32: unable to connect to activity manager: Connection refused
11-28 22:04:00.171  1700  1700 E /system/bin/tombstoned: Tombstone written to: /data/tombstones/tombstone_00
11-28 22:04:00.220  1687  1687 I mediametrics: ServiceManager: 0xe639a6e0
11-28 22:04:00.220  1687  1687 D MediaAnalyticsService: MediaAnalyticsService created
11-28 22:04:00.267  1689  1689 I Netd    : Netd 1.0 starting
11-28 22:04:00.326  1720  1720 D HostConnection: createUnique: call
11-28 22:04:00.326  1720  1720 D HostConnection: HostConnection::get() New Host Connection established 0xf4d24140, tid 1720
11-28 22:04:00.330  1720  1720 D HostConnection: HostComposition ext ANDROID_EMU_CHECKSUM_HELPER_v1 ANDROID_EMU_native_sync_v2 ANDROID_EMU_native_sync_v3 ANDROID_EMU_native_sync_v4 ANDROID_EMU_dma_v1 ANDROID_EMU_YUV420_888_to_NV21 ANDROID_EMU_YUV_Cache ANDROID_EMU_sync_buffer_data GL_OES_EGL_image_external_essl3 GL_OES_vertex_array_object GL_KHR_texture_compression_astc_ldr ANDROID_EMU_host_side_tracing ANDROID_EMU_gles_max_version_3_0 
11-28 22:04:00.331  1720  1720 E hwcomposer: unknown display attribute 6
11-28 22:04:00.333  1720  1720 I ServiceManagement: Removing namespace from process name android.hardware.graphics.composer@2.1-service to composer@2.1-service.
11-28 22:04:00.336  1720  1720 I android.hardware.graphics.composer@2.1-service: Registration complete for android.hardware.graphics.composer@2.1::IComposer/default.
11-28 22:04:00.338  1689  1689 D TetherController: Setting IP forward enable = 0
11-28 22:04:00.374  1520  1520 W hwservicemanager: getTransport: Cannot find entry android.hardware.keymaster@4.0::IKeymasterDevice/default in either framework or device manifest.
11-28 22:04:00.376  1684  1684 I keystore: found android.hardware.keymaster@3.0::IKeymasterDevice with interface name default and seclevel SOFTWARE
11-28 22:04:00.376  1684  1684 W keystore: No secure Keymaster implementation found, but device offers insecure Keymaster HAL. Using as default.
11-28 22:04:00.429  1689  1689 I Netd    : Creating child chains: 68.7ms
11-28 22:04:00.429  1689  1689 I Netd    : Setting up OEM hooks: 0.0ms
11-28 22:04:00.430  1689  1689 I Netd    : Setting up FirewallController hooks: 1.4ms
11-28 22:04:00.431  1689  1689 I Netd    : Setting up TetherController hooks: 0.7ms
11-28 22:04:00.432  1689  1689 I Netd    : Setting up BandwidthController hooks: 1.1ms
11-28 22:04:00.432  1689  1689 I Netd    : Setting up IdletimerController hooks: 0.0ms
11-28 22:04:00.432  1689  1689 I Netd    : initializing traffic control: 0.0ms
11-28 22:04:00.436  1689  1689 I Netd    : Disabling bandwidth control: 3.8ms
11-28 22:04:00.436  1689  1689 E Netd    : cannot find interface dummy0
11-28 22:04:00.437  1689  1689 I Netd    : Initializing RouteController: 1.2ms
11-28 22:04:00.437  1689  1689 D XfrmController: Sending Netlink XFRM Message: XFRM_MSG_FLUSHSA
11-28 22:04:00.437  1689  1689 D XfrmController: Sending Netlink XFRM Message: XFRM_MSG_FLUSHPOLICY
11-28 22:04:00.437  1689  1689 I Netd    : Initializing XfrmController: 0.4ms
11-28 22:04:00.437  1689  1689 E Netd    : Unable to create netlink socket: Protocol not supported
11-28 22:04:00.437  1689  1689 W Netd    : Unable to open qlog quota socket, check if xt_quota2 can send via UeventHandler
11-28 22:04:00.438  1689  1689 D MDnsDS  : MDnsSdListener::Hander starting up
11-28 22:04:00.438  1689  1689 I Netd    : Registering NetdNativeService: 0.4ms
11-28 22:04:00.438  1689  1689 I Netd    : Starting CommandListener: 0.1ms
11-28 22:04:00.439  1689  1689 I Netd    : Registering NetdHwService: 1.0ms
11-28 22:04:00.439  1689  1689 I Netd    : Netd started in 172ms
11-28 22:04:00.446  1689  1741 D MDnsDS  : MDnsSdListener starting to monitor
11-28 22:04:00.446  1689  1741 D MDnsDS  : Going to poll with pollCount 1
11-28 22:04:00.455  1686  1686 V MediaUtils: physMem: 2096242688
11-28 22:04:00.455  1686  1686 V MediaUtils: requested limit: 419248520
11-28 22:04:00.455  1686  1686 V MediaUtils: cfi shadow size: 32768
11-28 22:04:00.455  1686  1686 V MediaUtils: actual limit: 419281288
11-28 22:04:00.455  1686  1686 V MediaUtils: original limits: 4294967295/4294967295
11-28 22:04:00.455  1686  1686 V MediaUtils: new limits: 419281288/4294967295
11-28 22:04:00.495  1686  1686 W /system/bin/mediaextractor: Could not read additional policy file '/vendor/etc/seccomp_policy/mediaextractor.policy'
11-28 22:04:00.495  1686  1686 W mediaextractor: libminijail[1686]: failed to get path of fd 5: No such file or directory
11-28 22:04:00.495  1686  1686 W mediaextractor: libminijail[1686]: allowing syscall: socketcall
11-28 22:04:00.495  1686  1686 W mediaextractor: libminijail[1686]: allowing syscall: writev
11-28 22:04:00.495  1686  1686 W mediaextractor: libminijail[1686]: allowing syscall: fcntl64
11-28 22:04:00.495  1686  1686 W mediaextractor: libminijail[1686]: allowing syscall: clock_gettime
11-28 22:04:00.496  1686  1686 W mediaextractor: libminijail[1686]: logging seccomp filter failures
11-28 22:04:00.498  1680  1680 I cameraserver: ServiceManager: 0xee11a700
11-28 22:04:00.498  1680  1680 I CameraService: CameraService started (pid=1680)
11-28 22:04:00.498  1680  1680 I CameraService: CameraService process starting
11-28 22:04:00.498  1680  1680 W BatteryNotifier: batterystats service unavailable!
11-28 22:04:00.498  1680  1680 W BatteryNotifier: batterystats service unavailable!
11-28 22:04:00.500  1680  1680 I CameraProviderManager: Connecting to new camera provider: legacy/0, isRemote? 1
11-28 22:04:00.500  1680  1680 I CameraProviderManager: Enumerating new camera device: device@3.3/legacy/0
11-28 22:04:00.502  1680  1680 I CameraProviderManager: Enumerating new camera device: device@3.3/legacy/1
11-28 22:04:00.503  1680  1680 I CameraProviderManager: Camera provider legacy/0 ready with 2 camera devices
11-28 22:04:00.503  1520  1520 W hwservicemanager: getTransport: Cannot find entry android.hardware.camera.provider@2.4::ICameraProvider/external/0 in either framework or device manifest.
11-28 22:04:00.506  1519  1519 I ServiceManager: service 'media.audio_flinger' died
11-28 22:04:00.507  1575  1575 I r_submix: adev_close()
11-28 22:04:00.507  1680  1680 I CameraHardwareInterface: Opening camera 0
11-28 22:04:00.507  1680  1680 E CameraHardwareInterface: initialize: openSession failed! No such file or directory (-2)
11-28 22:04:00.507  1680  1680 E CameraFlashlight: connectCameraDevice: initializing camera 0 failed
11-28 22:04:00.507  1680  1680 I CameraHardwareInterface: Destroying camera 0
11-28 22:04:00.507  1680  1680 E CameraFlashlight: findFlashUnits: failed to check if camera 0 has a flash unit. No such file or directory (-2)
11-28 22:04:00.507  1680  1680 I CameraHardwareInterface: Opening camera 1
11-28 22:04:00.507  1680  1680 E CameraHardwareInterface: initialize: openSession failed! No such file or directory (-2)
11-28 22:04:00.507  1680  1680 E CameraFlashlight: connectCameraDevice: initializing camera 1 failed
11-28 22:04:00.507  1680  1680 I CameraHardwareInterface: Destroying camera 1
11-28 22:04:00.507  1680  1680 E CameraFlashlight: findFlashUnits: failed to check if camera 1 has a flash unit. No such file or directory (-2)
11-28 22:04:00.507  1680  1680 I CameraService: onDeviceStatusChanged: Status changed for cameraId=1, newStatus=1
11-28 22:04:00.507  1680  1680 I CameraService: onDeviceStatusChanged: Unknown camera ID 1, a new camera is added
11-28 22:04:00.507  1680  1680 I CameraService: onDeviceStatusChanged: Status changed for cameraId=0, newStatus=1
11-28 22:04:00.507  1680  1680 I CameraService: onDeviceStatusChanged: Unknown camera ID 0, a new camera is added
11-28 22:04:00.508  1680  1680 I         : Waiting for activity service
11-28 22:04:00.508  1680  1764 W CameraProviderManager: addProviderLocked: Camera provider HAL with name 'legacy/0' already registered
11-28 22:04:00.508  1680  1764 I CameraService: onDeviceStatusChanged: Status changed for cameraId=1, newStatus=1
11-28 22:04:00.508  1680  1764 E CameraService: onDeviceStatusChanged: State transition to the same status 0x1 not allowed
11-28 22:04:00.508  1680  1764 I CameraService: onDeviceStatusChanged: Status changed for cameraId=0, newStatus=1
11-28 22:04:00.508  1680  1764 E CameraService: onDeviceStatusChanged: State transition to the same status 0x1 not allowed
11-28 22:04:00.535  1694  1694 I media.codec: mediacodecservice starting
11-28 22:04:00.538  1694  1694 W media.codec: Could not read additional policy file '/vendor/etc/seccomp_policy/mediacodec.policy'
11-28 22:04:00.538  1694  1694 W media.codec: libminijail[1694]: failed to get path of fd 5: No such file or directory
11-28 22:04:00.538  1694  1694 W media.codec: libminijail[1694]: allowing syscall: socketcall
11-28 22:04:00.538  1694  1694 W media.codec: libminijail[1694]: allowing syscall: writev
11-28 22:04:00.538  1694  1694 W media.codec: libminijail[1694]: allowing syscall: fcntl64
11-28 22:04:00.538  1694  1694 W media.codec: libminijail[1694]: allowing syscall: clock_gettime
11-28 22:04:00.538  1694  1694 W media.codec: libminijail[1694]: logging seccomp filter failures
11-28 22:04:00.557  1694  1694 W MediaCodecsXmlParser: unable to open media codecs configuration xml file: /data/misc/media/media_codecs_profiling_results.xml
11-28 22:04:00.557  1694  1694 W MediaCodecsXmlParser: parseTopLevelXMLFile(/data/misc/media/media_codecs_profiling_results.xml) failed
11-28 22:04:00.558  1694  1694 I ServiceManagement: Removing namespace from process name android.hardware.media.omx@1.0-service to omx@1.0-service.
11-28 22:04:00.558  1694  1694 E vndksupport: Could not load libstagefrighthw.so from default namespace: dlopen failed: library "libstagefrighthw.so" not found.
11-28 22:04:00.559  1694  1694 W MediaCodecsXmlParser: unable to open media codecs configuration xml file: /data/misc/media/media_codecs_profiling_results.xml
11-28 22:04:00.559  1694  1694 W MediaCodecsXmlParser: parseTopLevelXMLFile(/data/misc/media/media_codecs_profiling_results.xml) failed
11-28 22:04:00.559  1694  1694 I ServiceManagement: Removing namespace from process name android.hardware.media.omx@1.0-service to omx@1.0-service.
11-28 22:04:00.559  1694  1694 I media.codec: IOmx HAL service created.
11-28 22:04:00.575  1519  1519 I ServiceManager: service 'netd' died
11-28 22:04:00.611  1519  1519 I ServiceManager: service 'wificond' died
11-28 22:04:00.792  1782  1782 E netmgr  : Failed to open QEMU pipe 'qemud:network': Invalid argument
11-28 22:04:00.792  1782  1782 E netmgr  : WifiForwarder unable to open QEMU pipe: Invalid argument
11-28 22:04:00.831  1781  1781 I ServiceManagement: Removing namespace from process name android.hardware.audio@2.0-service to audio@2.0-service.
11-28 22:04:00.832  1781  1781 I audiohalservice: Registration complete for android.hardware.audio@4.0::IDevicesFactory/default.
11-28 22:04:00.843  1781  1781 I audiohalservice: Registration complete for android.hardware.audio.effect@4.0::IEffectsFactory/default.
11-28 22:04:00.843  1520  1520 W hwservicemanager: getTransport: Cannot find entry android.hardware.soundtrigger@2.1::ISoundTriggerHw/default in either framework or device manifest.
11-28 22:04:00.844  1781  1781 E audiohalservice: Could not get passthrough implementation for android.hardware.soundtrigger@2.1::ISoundTriggerHw/default.
11-28 22:04:00.844  1520  1520 W hwservicemanager: getTransport: Cannot find entry android.hardware.soundtrigger@2.0::ISoundTriggerHw/default in either framework or device manifest.
11-28 22:04:00.845  1781  1781 E SoundTriggerHalImpl: couldn't load sound trigger module sound_trigger.primary (No such file or directory)
11-28 22:04:00.845  1781  1781 I audiohalservice: Registration complete for android.hardware.soundtrigger@2.0::ISoundTriggerHw/default.
11-28 22:04:00.845  1520  1520 W hwservicemanager: getTransport: Cannot find entry android.hardware.bluetooth.a2dp@1.0::IBluetoothAudioOffload/default in either framework or device manifest.
11-28 22:04:00.845  1781  1781 E audiohalservice: Could not get passthrough implementation for android.hardware.bluetooth.a2dp@1.0::IBluetoothAudioOffload/default.
11-28 22:04:00.845  1781  1781 W audiohalservice: Could not register Bluetooth audio offload 1.0
11-28 22:04:01.059  1780  1780 I FastMixerState: sMaxFastTracks = 8
11-28 22:04:01.070  1780  1780 V MediaUtils: physMem: 2096242688
11-28 22:04:01.070  1780  1780 V MediaUtils: requested limit: 419248520
11-28 22:04:01.070  1780  1780 V MediaUtils: cfi shadow size: 32768
11-28 22:04:01.070  1780  1780 V MediaUtils: actual limit: 419281288
11-28 22:04:01.071  1780  1780 V MediaUtils: original limits: 4294967295/4294967295
11-28 22:04:01.071  1780  1780 V MediaUtils: new limits: 419281288/4294967295
11-28 22:04:01.071  1780  1780 I audioserver: ServiceManager: 0xef19aa60
11-28 22:04:01.071  1780  1780 W BatteryNotifier: batterystats service unavailable!
11-28 22:04:01.073  1520  1520 W hwservicemanager: getTransport: Cannot find entry android.hardware.audio@4.0::IDevicesFactory/msd in either framework or device manifest.
11-28 22:04:01.076  1780  1780 I AudioFlinger: Using default 3000 mSec as standby time.
11-28 22:04:01.076  1780  1780 I APM::ConfigParsingUtils: loadAudioPolicyConfig() loaded /vendor/etc/audio_policy.conf
11-28 22:04:01.078  1781  1781 D audio_hw_generic: Emulator host-side ALSA audio emulation detected.
11-28 22:04:01.078  1781  1781 D audio_hw_generic: mixer 0 name Master Playback Volume
11-28 22:04:01.078  1781  1781 D audio_hw_generic: set ctl 0 to 100
11-28 22:04:01.078  1781  1781 D audio_hw_generic: set ctl 1 to 100
11-28 22:04:01.078  1781  1781 D audio_hw_generic: mixer 1 name Master Playback Switch
11-28 22:04:01.078  1781  1781 D audio_hw_generic: set ctl 0 to 1
11-28 22:04:01.078  1781  1781 D audio_hw_generic: set ctl 1 to 1
11-28 22:04:01.078  1781  1781 D audio_hw_generic: mixer 2 name Capture Volume
11-28 22:04:01.078  1781  1781 D audio_hw_generic: set ctl 0 to 100
11-28 22:04:01.078  1781  1781 D audio_hw_generic: set ctl 1 to 100
11-28 22:04:01.078  1781  1781 D audio_hw_generic: mixer 3 name Capture Switch
11-28 22:04:01.078  1781  1781 D audio_hw_generic: set ctl 0 to 1
11-28 22:04:01.078  1781  1781 D audio_hw_generic: set ctl 1 to 1
11-28 22:04:01.078  1781  1781 D audio_hw_generic: mixer 4 name Line Phantom Jack
11-28 22:04:01.078  1781  1781 D audio_hw_generic: mixer 5 name Line Out Phantom Jack
11-28 22:04:01.078  1781  1781 D audio_hw_generic: mixer 6 name Playback Channel Map
11-28 22:04:01.078  1781  1781 D audio_hw_generic: mixer 7 name Capture Channel Map
11-28 22:04:01.080  1781  1781 W DeviceHAL: Error from HAL Device in function get_master_volume: Function not implemented
11-28 22:04:01.081  1781  1781 W DeviceHAL: Error from HAL Device in function get_master_mute: Function not implemented
11-28 22:04:01.081  1781  1781 W DeviceHAL: Error from HAL Device in function set_master_volume: Function not implemented
11-28 22:04:01.081  1781  1781 W DeviceHAL: Error from HAL Device in function set_master_mute: Function not implemented
11-28 22:04:01.081  1780  1780 I AudioFlinger: loadHwModule() Loaded primary audio interface, handle 10
11-28 22:04:01.081  1780  1780 I AudioFlinger: openOutput() this 0xef1bc000, module 10 Device 0x2, SamplingRate 48000, Format 0x000001, Channels 0x3, flags 0x2
11-28 22:04:01.081  1780  1780 I AudioFlinger: HAL output buffer size 720 frames, normal sink buffer size 1152 frames
11-28 22:04:01.085  1780  1780 I BufferProvider: found effect "Multichannel Downmix To Stereo" from The Android Open Source Project
11-28 22:04:01.091  1780  1780 I AudioFlinger: Using module 10 as the primary audio interface
11-28 22:04:01.091  1780  1780 W AudioFlinger: moveEffects() bad srcOutput 0
11-28 22:04:01.092  1780  1816 I AudioFlinger: AudioFlinger's thread 0xee903980 tid=1816 ready to run
11-28 22:04:01.092  1780  1816 W AudioFlinger: no wake lock to update, system not ready yet
11-28 22:04:01.093  1780  1820 I AudioFlinger: AudioFlinger's thread 0xee418ec0 tid=1820 ready to run
11-28 22:04:01.094  1781  1781 I r_submix: adev_open(name=audio_hw_if)
11-28 22:04:01.094  1781  1807 I r_submix: adev_init_check()
11-28 22:04:01.094  1781  1807 W DeviceHAL: Error from HAL Device in function set_master_mute: Function not implemented
11-28 22:04:01.094  1780  1780 I AudioFlinger: loadHwModule() Loaded r_submix audio interface, handle 18
11-28 22:04:01.094  1781  1807 D r_submix: adev_open_input_stream(addr=0)
11-28 22:04:01.094  1781  1807 D r_submix: submix_audio_device_create_pipe_l(addr=0, idx=9)
11-28 22:04:01.094  1781  1807 D r_submix:   now using address 0 for route 9
11-28 22:04:01.096  1780  1822 I AudioFlinger: AudioFlinger's thread 0xee418080 tid=1822 ready to run
11-28 22:04:01.097  1780  1780 I         : Waiting for activity service
11-28 22:04:01.097  1781  1821 D r_submix: adev_close_input_stream()
11-28 22:04:01.097  1781  1821 D r_submix: submix_audio_device_release_pipe_l(idx=9) addr=0
11-28 22:04:01.097  1781  1821 D r_submix: submix_audio_device_destroy_pipe_l(): pipe destroyed
11-28 22:04:01.336  1829  1829 E ipv6proxy: Failed to forward Neighbor Solicitation for fe80::808b:75ff:fe9f:8849 from radio0-peer to eth0: Cannot assign requested address
11-28 22:04:01.348  1832  1832 E hostapd : Configuration file: /data/vendor/wifi/hostapd/hostapd.conf
11-28 22:04:01.360  1832  1832 I hostapd : rfkill: Cannot get wiphy information
11-28 22:04:01.361  1832  1832 I hostapd : wlan1: interface state UNINITIALIZED->COUNTRY_UPDATE
11-28 22:04:01.499  1692  1775 I ServiceManager: Waiting for service package_native...
11-28 22:04:02.332  1829  1829 E ipv6proxy: Failed to forward Router Advertisement from eth0 to wlan1: Cannot assign requested address
11-28 22:04:02.332  1829  1829 E ipv6proxy: Failed to forward Router Advertisement from eth0 to radio0-peer: Cannot assign requested address
11-28 22:04:02.512  1692  1775 I ServiceManager: Waiting for service package_native...
11-28 22:04:03.527  1692  1775 I ServiceManager: Waiting for service package_native...
11-28 22:04:04.140  1840  1840 D AndroidRuntime: >>>>>> START com.android.internal.os.ZygoteInit uid 0 <<<<<<
11-28 22:04:04.144  1840  1840 I zygote  : option[0]=-Xzygote
11-28 22:04:04.144  1840  1840 I zygote  : option[1]=-Xusetombstonedtraces
11-28 22:04:04.144  1840  1840 I zygote  : option[2]=exit
11-28 22:04:04.144  1840  1840 I zygote  : option[3]=vfprintf
11-28 22:04:04.144  1840  1840 I zygote  : option[4]=sensitiveThread
11-28 22:04:04.144  1840  1840 I zygote  : option[5]=-verbose:gc
11-28 22:04:04.144  1840  1840 I zygote  : option[6]=-Xms4m
11-28 22:04:04.144  1840  1840 I zygote  : option[7]=-Xmx512m
11-28 22:04:04.144  1840  1840 I zygote  : option[8]=-Xusejit:true
11-28 22:04:04.144  1840  1840 I zygote  : option[9]=-Xjitsaveprofilinginfo
11-28 22:04:04.144  1840  1840 I zygote  : option[10]=-XjdwpOptions:suspend=n,server=y
11-28 22:04:04.144  1840  1840 I zygote  : option[11]=-XjdwpProvider:default
11-28 22:04:04.144  1840  1840 I zygote  : option[12]=-Ximage-compiler-option
11-28 22:04:04.144  1840  1840 I zygote  : option[13]=--runtime-arg
11-28 22:04:04.145  1840  1840 I zygote  : option[14]=-Ximage-compiler-option
11-28 22:04:04.145  1840  1840 I zygote  : option[15]=-Xms64m
11-28 22:04:04.145  1840  1840 I zygote  : option[16]=-Ximage-compiler-option
11-28 22:04:04.145  1840  1840 I zygote  : option[17]=--runtime-arg
11-28 22:04:04.145  1840  1840 I zygote  : option[18]=-Ximage-compiler-option
11-28 22:04:04.145  1840  1840 I zygote  : option[19]=-Xmx64m
11-28 22:04:04.145  1840  1840 I zygote  : option[20]=-Ximage-compiler-option
11-28 22:04:04.145  1840  1840 I zygote  : option[21]=--profile-file=/system/etc/boot-image.prof
11-28 22:04:04.145  1840  1840 I zygote  : option[22]=-Ximage-compiler-option
11-28 22:04:04.145  1840  1840 I zygote  : option[23]=--compiler-filter=speed-profile
11-28 22:04:04.145  1840  1840 I zygote  : option[24]=-Xcompiler-option
11-28 22:04:04.145  1840  1840 I zygote  : option[25]=--runtime-arg
11-28 22:04:04.145  1840  1840 I zygote  : option[26]=-Xcompiler-option
11-28 22:04:04.145  1840  1840 I zygote  : option[27]=-Xms64m
11-28 22:04:04.145  1840  1840 I zygote  : option[28]=-Xcompiler-option
11-28 22:04:04.145  1840  1840 I zygote  : option[29]=--runtime-arg
11-28 22:04:04.145  1840  1840 I zygote  : option[30]=-Xcompiler-option
11-28 22:04:04.145  1840  1840 I zygote  : option[31]=-Xmx512m
11-28 22:04:04.145  1840  1840 I zygote  : option[32]=-Ximage-compiler-option
11-28 22:04:04.145  1840  1840 I zygote  : option[33]=--instruction-set-variant=x86
11-28 22:04:04.145  1840  1840 I zygote  : option[34]=-Xcompiler-option
11-28 22:04:04.145  1840  1840 I zygote  : option[35]=--instruction-set-variant=x86
11-28 22:04:04.145  1840  1840 I zygote  : option[36]=-Ximage-compiler-option
11-28 22:04:04.145  1840  1840 I zygote  : option[37]=--instruction-set-features=default
11-28 22:04:04.145  1840  1840 I zygote  : option[38]=-Xcompiler-option
11-28 22:04:04.145  1840  1840 I zygote  : option[39]=--instruction-set-features=default
11-28 22:04:04.145  1840  1840 I zygote  : option[40]=-Duser.locale=en-US
11-28 22:04:04.145  1840  1840 I zygote  : option[41]=-XX:NativeBridge=libndk_translation.so
11-28 22:04:04.145  1840  1840 I zygote  : option[42]=--cpu-abilist=x86,armeabi-v7a,armeabi
11-28 22:04:04.145  1840  1840 I zygote  : option[43]=-Xfingerprint:google/sdk_gphone_x86_arm/generic_x86_arm:9/PSR1.180720.117/5875966:user/release-keys
11-28 22:04:04.147  1840  1840 W zygote  : Could not reserve sentinel fault page
11-28 22:04:04.150  1840  1840 I zygote  : VerifyImage: /system/bin/patchoat --input-image-location=/system/framework/boot.art --output-image-directory=/data/dalvik-cache/x86 --instruction-set=x86 --verify
11-28 22:04:04.554  1692  1775 I ServiceManager: Waiting for service package_native...
11-28 22:04:04.571  1839  1839 I ConfigStore: android::hardware::configstore::V1_0::ISurfaceFlingerConfigs::startGraphicsAllocatorService retrieved: 0
11-28 22:04:04.571  1839  1839 I SurfaceFlinger: Using HWComposer service: 'default'
11-28 22:04:04.571  1839  1839 I SurfaceFlinger: SurfaceFlinger is starting
11-28 22:04:04.574  1839  1839 I ConfigStore: android::hardware::configstore::V1_0::ISurfaceFlingerConfigs::vsyncEventPhaseOffsetNs retrieved: 1000000 (default)
11-28 22:04:04.574  1839  1839 I ConfigStore: android::hardware::configstore::V1_0::ISurfaceFlingerConfigs::vsyncSfEventPhaseOffsetNs retrieved: 1000000 (default)
11-28 22:04:04.576  1839  1839 I ConfigStore: android::hardware::configstore::V1_0::ISurfaceFlingerConfigs::hasSyncFramework retrieved: 1
11-28 22:04:04.576  1839  1839 I ConfigStore: android::hardware::configstore::V1_0::ISurfaceFlingerConfigs::presentTimeOffsetFromVSyncNs retrieved: 0
11-28 22:04:04.576  1839  1839 I ConfigStore: android::hardware::configstore::V1_0::ISurfaceFlingerConfigs::useHwcForRGBtoYUV retrieved: 0
11-28 22:04:04.576  1839  1839 I ConfigStore: android::hardware::configstore::V1_0::ISurfaceFlingerConfigs::maxVirtualDisplaySize retrieved: 0 (default)
11-28 22:04:04.580  1839  1839 I ConfigStore: android::hardware::configstore::V1_0::ISurfaceFlingerConfigs::useVrFlinger retrieved: 0 (default)
11-28 22:04:04.580  1839  1839 I ConfigStore: android::hardware::configstore::V1_0::ISurfaceFlingerConfigs::maxFrameBufferAcquiredBuffers retrieved: 3
11-28 22:04:04.580  1839  1839 I ConfigStore: android::hardware::configstore::V1_0::ISurfaceFlingerConfigs::hasWideColorDisplay retrieved: 0
11-28 22:04:04.581  1520  1520 W hwservicemanager: getTransport: Cannot find entry android.hardware.configstore@1.1::ISurfaceFlingerConfigs/default in either framework or device manifest.
11-28 22:04:04.581  1839  1839 I ConfigStore: android::hardware::configstore::V1_1::ISurfaceFlingerConfigs::primaryDisplayOrientation retrieved: ORIENTATION_0 (default)
11-28 22:04:04.581  1839  1839 I SurfaceFlinger: Enabling HWC virtual displays
11-28 22:04:04.581  1839  1839 I SurfaceFlinger: Disabling Triple Buffering
11-28 22:04:04.581  1839  1839 I SurfaceFlinger: Treble testing override: 'false'
11-28 22:04:04.581  1839  1839 I SurfaceFlinger: SurfaceFlinger's main thread ready to run. Initializing graphics H/W...
11-28 22:04:04.581  1839  1839 I SurfaceFlinger: Phase offest NS: 1000000
11-28 22:04:04.582  1839  1839 D libEGL  : Emulator has host GPU support, qemu.gles is set to 1.
11-28 22:04:04.582  1839  1839 E vndksupport: Could not load /vendor/lib/egl/libGLES_emulation.so from sphal namespace: dlopen failed: library "/vendor/lib/egl/libGLES_emulation.so" not found.
11-28 22:04:04.582  1839  1839 E libEGL  : load_driver(/vendor/lib/egl/libGLES_emulation.so): unknown
11-28 22:04:04.588  1839  1839 D libEGL  : loaded /vendor/lib/egl/libEGL_emulation.so
11-28 22:04:04.589  1839  1839 D libEGL  : loaded /vendor/lib/egl/libGLESv1_CM_emulation.so
11-28 22:04:04.600  1844  1844 I Netd    : Netd 1.0 starting
11-28 22:04:04.612  1845  1845 I wificond: wificond is starting up...
11-28 22:04:04.625  1844  1844 D TetherController: Setting IP forward enable = 0
11-28 22:04:04.629  1839  1839 D libEGL  : loaded /vendor/lib/egl/libGLESv2_emulation.so
11-28 22:04:04.708  1839  1839 D HostConnection: HostConnection::get() New Host Connection established 0xf49a4410, tid 1839
11-28 22:04:04.747  1839  1839 D HostConnection: HostComposition ext ANDROID_EMU_CHECKSUM_HELPER_v1 ANDROID_EMU_native_sync_v2 ANDROID_EMU_native_sync_v3 ANDROID_EMU_native_sync_v4 ANDROID_EMU_dma_v1 ANDROID_EMU_YUV420_888_to_NV21 ANDROID_EMU_YUV_Cache ANDROID_EMU_sync_buffer_data GL_OES_EGL_image_external_essl3 GL_OES_vertex_array_object GL_KHR_texture_compression_astc_ldr ANDROID_EMU_host_side_tracing ANDROID_EMU_gles_max_version_3_0 
11-28 22:04:04.754  1839  1839 I ConfigStore: android::hardware::configstore::V1_0::ISurfaceFlingerConfigs::hasWideColorDisplay retrieved: 0
11-28 22:04:04.754  1839  1839 I ConfigStore: android::hardware::configstore::V1_0::ISurfaceFlingerConfigs::hasHDRDisplay retrieved: 0
11-28 22:04:04.754  1839  1839 I SurfaceFlinger: EGL information:
11-28 22:04:04.754  1839  1839 I SurfaceFlinger: vendor    : Android
11-28 22:04:04.754  1839  1839 I SurfaceFlinger: version   : 1.4 Android META-EGL
11-28 22:04:04.754  1839  1839 I SurfaceFlinger: extensions: EGL_KHR_get_all_proc_addresses EGL_ANDROID_presentation_time EGL_KHR_swap_buffers_with_damage EGL_ANDROID_get_native_client_buffer EGL_ANDROID_front_buffer_auto_refresh EGL_ANDROID_get_frame_timestamps EGL_EXT_surface_SMPTE2086_metadata EGL_EXT_surface_CTA861_3_metadata EGL_KHR_image EGL_KHR_image_base EGL_KHR_gl_texture_2D_image EGL_KHR_fence_sync EGL_KHR_create_context EGL_ANDROID_image_native_buffer EGL_KHR_wait_sync EGL_ANDROID_recordable 
11-28 22:04:04.754  1839  1839 I SurfaceFlinger: Client API: OpenGL_ES
11-28 22:04:04.754  1839  1839 I SurfaceFlinger: EGLSurface: 8-8-8-8, config=0x1
11-28 22:04:04.757  1839  1839 D eglCodecCommon: setVertexArrayObject: set vao to 0 (0) 0 0
11-28 22:04:04.757  1839  1839 D EGL_emulation: eglCreateContext: 0xf49a0ae0: maj 3 min 0 rcv 3
11-28 22:04:04.757  1839  1839 D EGL_emulation: eglMakeCurrent: 0xf49a0ae0: ver 3 0 (tinfo 0xf499f2f0)
11-28 22:04:04.768  1839  1839 I SurfaceFlinger: OpenGL ES informations:
11-28 22:04:04.769  1839  1839 I SurfaceFlinger: vendor    : Google (Intel Inc.)
11-28 22:04:04.769  1839  1839 I SurfaceFlinger: renderer  : Android Emulator OpenGL ES Translator (Intel(R) Iris(TM) Plus Graphics 640)
11-28 22:04:04.769  1839  1839 I SurfaceFlinger: version   : OpenGL ES 3.0 (4.1 INTEL-20.7.3)
11-28 22:04:04.769  1839  1839 I SurfaceFlinger: extensions: GL_EXT_debug_marker GL_EXT_robustness GL_OES_EGL_sync GL_OES_EGL_image GL_OES_EGL_image_external GL_OES_depth24 GL_OES_depth32 GL_OES_element_index_uint GL_OES_texture_float GL_OES_texture_float_linear GL_OES_compressed_paletted_texture GL_OES_compressed_ETC1_RGB8_texture GL_OES_depth_texture GL_OES_texture_npot GL_OES_rgb8_rgba8 GL_EXT_color_buffer_float GL_EXT_color_buffer_half_float GL_EXT_texture_format_BGRA8888 GL_APPLE_texture_format_BGRA8888 ANDROID_EMU_CHECKSUM_HELPER_v1 ANDROID_EMU_native_sync_v2 ANDROID_EMU_native_sync_v3 ANDROID_EMU_native_sync_v4 ANDROID_EMU_dma_v1 ANDROID_EMU_YUV420_888_to_NV21 ANDROID_EMU_YUV_Cache ANDROID_EMU_sync_buffer_data GL_OES_EGL_image_external_essl3 GL_OES_vertex_array_object GL_KHR_texture_compression_astc_ldr ANDROID_EMU_host_side_tracing ANDROID_EMU_gles_max_version_3_0 
11-28 22:04:04.769  1839  1839 I SurfaceFlinger: GL_MAX_TEXTURE_SIZE = 16384
11-28 22:04:04.769  1839  1839 I SurfaceFlinger: GL_MAX_VIEWPORT_DIMS = 16384
11-28 22:04:04.786  1844  1844 I Netd    : Creating child chains: 150.6ms
11-28 22:04:04.786  1844  1844 I Netd    : Setting up OEM hooks: 0.0ms
11-28 22:04:04.795  1585  1628 D gralloc_ranchu: gralloc_alloc: Creating ashmem region of size 9850880
11-28 22:04:04.796  1839  1839 D HostConnection: createUnique: call
11-28 22:04:04.796  1839  1839 D HostConnection: HostConnection::get() New Host Connection established 0xf49a5b30, tid 1839
11-28 22:04:04.819  1844  1844 I Netd    : Setting up FirewallController hooks: 33.1ms
11-28 22:04:04.839  1844  1844 I Netd    : Setting up TetherController hooks: 20.6ms
11-28 22:04:04.866  1844  1844 I Netd    : Setting up BandwidthController hooks: 26.9ms
11-28 22:04:04.866  1844  1844 I Netd    : Setting up IdletimerController hooks: 0.0ms
11-28 22:04:04.866  1844  1844 I Netd    : initializing traffic control: 0.0ms
11-28 22:04:04.867  1839  1839 D HostConnection: HostComposition ext ANDROID_EMU_CHECKSUM_HELPER_v1 ANDROID_EMU_native_sync_v2 ANDROID_EMU_native_sync_v3 ANDROID_EMU_native_sync_v4 ANDROID_EMU_dma_v1 ANDROID_EMU_YUV420_888_to_NV21 ANDROID_EMU_YUV_Cache ANDROID_EMU_sync_buffer_data GL_OES_EGL_image_external_essl3 GL_OES_vertex_array_object GL_KHR_texture_compression_astc_ldr ANDROID_EMU_host_side_tracing ANDROID_EMU_gles_max_version_3_0 
11-28 22:04:04.867  1839  1839 E eglCodecCommon: GoldfishAddressSpaceHostMemoryAllocator: ioctl_ping failed for device_type=5, ret=-1
11-28 22:04:04.868  1839  1839 E HWComposer: getSupportedPerFrameMetadata: getSupportedPerFrameMetadata failed for display 0: Unsupported (8)
11-28 22:04:04.868  1585  1628 D gralloc_ranchu: gralloc_alloc: Creating ashmem region of size 9850880
11-28 22:04:04.871  1585  1628 D gralloc_ranchu: gralloc_alloc: Creating ashmem region of size 9850880
11-28 22:04:04.894  1839  1839 D EGL_emulation: eglMakeCurrent: 0xf49a0ae0: ver 3 0 (tinfo 0xf499f2f0)
11-28 22:04:04.959  1844  1844 I Netd    : Disabling bandwidth control: 92.2ms
11-28 22:04:04.959  1844  1844 E Netd    : cannot find interface dummy0
11-28 22:04:04.959  1844  1844 I Netd    : Initializing RouteController: 0.6ms
11-28 22:04:04.959  1844  1844 D XfrmController: Sending Netlink XFRM Message: XFRM_MSG_FLUSHSA
11-28 22:04:04.959  1844  1844 D XfrmController: Sending Netlink XFRM Message: XFRM_MSG_FLUSHPOLICY
11-28 22:04:04.959  1844  1844 I Netd    : Initializing XfrmController: 0.2ms
11-28 22:04:04.960  1844  1844 E Netd    : Unable to create netlink socket: Protocol not supported
11-28 22:04:04.960  1844  1844 W Netd    : Unable to open qlog quota socket, check if xt_quota2 can send via UeventHandler
11-28 22:04:04.960  1844  1844 D MDnsDS  : MDnsSdListener::Hander starting up
11-28 22:04:04.961  1844  1844 I Netd    : Registering NetdNativeService: 0.3ms
11-28 22:04:04.961  1844  1844 I Netd    : Starting CommandListener: 0.1ms
11-28 22:04:04.962  1844  1844 I Netd    : Registering NetdHwService: 1.2ms
11-28 22:04:04.962  1844  1844 I Netd    : Netd started in 362ms
11-28 22:04:05.075  1844  1864 D MDnsDS  : MDnsSdListener starting to monitor
11-28 22:04:05.075  1844  1864 D MDnsDS  : Going to poll with pollCount 1
11-28 22:04:05.615  1692  1775 W ServiceManager: Service package_native didn't start. Returning NULL
11-28 22:04:05.615  1692  1775 E storaged: getService package_native failed
11-28 22:04:05.618  1692  1775 I storaged: storaged: Start
11-28 22:04:05.618  1692  1775 E storaged: getDiskStats failed with result NOT_SUPPORTED and size 0
11-28 22:04:05.692  1841  1841 I cameraserver: ServiceManager: 0xf271a700
11-28 22:04:05.692  1841  1841 I CameraService: CameraService started (pid=1841)
11-28 22:04:05.692  1841  1841 I CameraService: CameraService process starting
11-28 22:04:05.692  1841  1841 W BatteryNotifier: batterystats service unavailable!
11-28 22:04:05.692  1841  1841 W BatteryNotifier: batterystats service unavailable!
11-28 22:04:05.702  1841  1841 I CameraProviderManager: Connecting to new camera provider: legacy/0, isRemote? 1
11-28 22:04:05.702  1841  1841 I CameraProviderManager: Enumerating new camera device: device@3.3/legacy/0
11-28 22:04:05.702  1841  1841 I CameraProviderManager: Enumerating new camera device: device@3.3/legacy/1
11-28 22:04:05.703  1841  1841 I CameraProviderManager: Camera provider legacy/0 ready with 2 camera devices
11-28 22:04:05.704  1520  1520 W hwservicemanager: getTransport: Cannot find entry android.hardware.camera.provider@2.4::ICameraProvider/external/0 in either framework or device manifest.
11-28 22:04:05.704  1841  1841 I CameraHardwareInterface: Opening camera 0
11-28 22:04:05.704  1841  1841 E CameraHardwareInterface: initialize: openSession failed! No such file or directory (-2)
11-28 22:04:05.704  1841  1841 E CameraFlashlight: connectCameraDevice: initializing camera 0 failed
11-28 22:04:05.704  1841  1841 I CameraHardwareInterface: Destroying camera 0
11-28 22:04:05.704  1841  1841 E CameraFlashlight: findFlashUnits: failed to check if camera 0 has a flash unit. No such file or directory (-2)
11-28 22:04:05.706  1841  1841 I CameraHardwareInterface: Opening camera 1
11-28 22:04:05.706  1841  1841 E CameraHardwareInterface: initialize: openSession failed! No such file or directory (-2)
11-28 22:04:05.706  1841  1841 E CameraFlashlight: connectCameraDevice: initializing camera 1 failed
11-28 22:04:05.706  1841  1841 I CameraHardwareInterface: Destroying camera 1
11-28 22:04:05.706  1841  1841 E CameraFlashlight: findFlashUnits: failed to check if camera 1 has a flash unit. No such file or directory (-2)
11-28 22:04:05.706  1841  1841 I CameraService: onDeviceStatusChanged: Status changed for cameraId=1, newStatus=1
11-28 22:04:05.706  1841  1841 I CameraService: onDeviceStatusChanged: Unknown camera ID 1, a new camera is added
11-28 22:04:05.706  1841  1841 I CameraService: onDeviceStatusChanged: Status changed for cameraId=0, newStatus=1
11-28 22:04:05.706  1841  1841 I CameraService: onDeviceStatusChanged: Unknown camera ID 0, a new camera is added
11-28 22:04:05.707  1841  1841 I         : Waiting for activity service
11-28 22:04:05.707  1841  1871 W CameraProviderManager: addProviderLocked: Camera provider HAL with name 'legacy/0' already registered
11-28 22:04:05.707  1841  1871 I CameraService: onDeviceStatusChanged: Status changed for cameraId=1, newStatus=1
11-28 22:04:05.707  1841  1871 E CameraService: onDeviceStatusChanged: State transition to the same status 0x1 not allowed
11-28 22:04:05.707  1841  1871 I CameraService: onDeviceStatusChanged: Status changed for cameraId=0, newStatus=1
11-28 22:04:05.707  1841  1871 E CameraService: onDeviceStatusChanged: State transition to the same status 0x1 not allowed
11-28 22:04:05.723  1839  1839 D SurfaceFlinger: shader cache generated - 24 shaders in 776.783508 ms
11-28 22:04:05.724  1839  1839 D SurfaceFlinger: Set power mode=2, type=0 flinger=0xf49c3000
11-28 22:04:05.725  1839  1839 D SurfaceFlinger: Finished set power mode=2, type=0
11-28 22:04:05.895  1843  1843 I mediaserver: ServiceManager: 0xe8b1ab60
11-28 22:04:05.898  1843  1843 W BatteryNotifier: batterystats service unavailable!
11-28 22:04:06.372  1832  1832 I hostapd : wlan1: interface state COUNTRY_UPDATE->HT_SCAN
11-28 22:04:06.472  1840  1840 D Zygote  : begin preload
11-28 22:04:06.472  1840  1840 I Zygote  : Installing ICU cache reference pinning...
11-28 22:04:06.472  1840  1840 I Zygote  : Preloading ICU data...
11-28 22:04:06.558  1692  1775 I ServiceManager: Waiting for service package_native...
11-28 22:04:06.599  1839  1850 E SurfaceFlinger: ro.sf.lcd_density must be defined as a build property
11-28 22:04:06.600  1874  1881 D libEGL  : Emulator has host GPU support, qemu.gles is set to 1.
11-28 22:04:06.601  1874  1881 E vndksupport: Could not load /vendor/lib/egl/libGLES_emulation.so from sphal namespace: dlopen failed: library "/vendor/lib/egl/libGLES_emulation.so" not found.
11-28 22:04:06.601  1874  1881 E libEGL  : load_driver(/vendor/lib/egl/libGLES_emulation.so): unknown
11-28 22:04:06.608  1874  1881 D libEGL  : loaded /vendor/lib/egl/libEGL_emulation.so
11-28 22:04:06.609  1874  1881 D libEGL  : loaded /vendor/lib/egl/libGLESv1_CM_emulation.so
11-28 22:04:06.667  1874  1881 D libEGL  : loaded /vendor/lib/egl/libGLESv2_emulation.so
11-28 22:04:06.737  1829  1829 E ipv6proxy: Failed to forward Router Advertisement from eth0 to wlan1: Network is unreachable
11-28 22:04:06.802  1840  1840 I Zygote  : Preloading classes...
11-28 22:04:06.814  1874  1881 D HostConnection: HostConnection::get() New Host Connection established 0xf11a1120, tid 1881
11-28 22:04:06.848  1874  1881 D HostConnection: HostComposition ext ANDROID_EMU_CHECKSUM_HELPER_v1 ANDROID_EMU_native_sync_v2 ANDROID_EMU_native_sync_v3 ANDROID_EMU_native_sync_v4 ANDROID_EMU_dma_v1 ANDROID_EMU_YUV420_888_to_NV21 ANDROID_EMU_YUV_Cache ANDROID_EMU_sync_buffer_data GL_OES_EGL_image_external_essl3 GL_OES_vertex_array_object GL_KHR_texture_compression_astc_ldr ANDROID_EMU_host_side_tracing ANDROID_EMU_gles_max_version_3_0 
11-28 22:04:06.853  1874  1881 I ConfigStore: android::hardware::configstore::V1_0::ISurfaceFlingerConfigs::hasWideColorDisplay retrieved: 0
11-28 22:04:06.855  1874  1881 I ConfigStore: android::hardware::configstore::V1_0::ISurfaceFlingerConfigs::hasHDRDisplay retrieved: 0
11-28 22:04:06.859  1585  1628 D gralloc_ranchu: gralloc_alloc: Creating ashmem region of size 9850880
11-28 22:04:06.870  1874  1881 D HostConnection: createUnique: call
11-28 22:04:06.875  1874  1881 D HostConnection: HostConnection::get() New Host Connection established 0xf11a1170, tid 1881
11-28 22:04:06.899  1840  1840 I PackageBackwardCompatibility: Loaded android.content.pm.OrgApacheHttpLegacyUpdater
11-28 22:04:06.925  1840  1840 I PackageBackwardCompatibility: Could not find android.content.pm.AndroidTestBaseUpdater, ignoring
11-28 22:04:06.968  1874  1881 D HostConnection: HostComposition ext ANDROID_EMU_CHECKSUM_HELPER_v1 ANDROID_EMU_native_sync_v2 ANDROID_EMU_native_sync_v3 ANDROID_EMU_native_sync_v4 ANDROID_EMU_dma_v1 ANDROID_EMU_YUV420_888_to_NV21 ANDROID_EMU_YUV_Cache ANDROID_EMU_sync_buffer_data GL_OES_EGL_image_external_essl3 GL_OES_vertex_array_object GL_KHR_texture_compression_astc_ldr ANDROID_EMU_host_side_tracing ANDROID_EMU_gles_max_version_3_0 
11-28 22:04:06.969  1874  1881 E eglCodecCommon: GoldfishAddressSpaceHostMemoryAllocator: ioctl_ping failed for device_type=5, ret=-1
11-28 22:04:06.975  1874  1881 D eglCodecCommon: setVertexArrayObject: set vao to 0 (0) 0 0
11-28 22:04:06.976  1874  1881 D EGL_emulation: eglCreateContext: 0xf1108de0: maj 1 min 0 rcv 1
11-28 22:04:07.017  1874  1881 D EGL_emulation: eglMakeCurrent: 0xf1108de0: ver 1 0 (tinfo 0xf1107560)
11-28 22:04:07.078  1874  1881 D BootAnimation: BootAnimationShownTiming start time: 20078ms
11-28 22:04:07.085  1874  1882 E BootAnimation: Could not add watch for /data/system
11-28 22:04:07.111  1585  1628 D gralloc_ranchu: gralloc_alloc: Creating ashmem region of size 9850880
11-28 22:04:07.119  1839  1839 I SurfaceFlinger: Enter boot animation
11-28 22:04:07.119  1720  1856 E eglCodecCommon: GoldfishAddressSpaceHostMemoryAllocator: ioctl_ping failed for device_type=5, ret=-1
11-28 22:04:07.602  1692  1775 I ServiceManager: Waiting for service package_native...
11-28 22:04:07.691  1832  1832 E hostapd : Using interface wlan1 with hwaddr 02:15:b2:00:01:00 and ssid "AndroidWifi"
11-28 22:04:07.701  1832  1832 I hostapd : wlan1: interface state HT_SCAN->ENABLED
11-28 22:04:07.701  1832  1832 I hostapd : wlan1: AP-ENABLED 
11-28 22:04:08.120  1840  1840 E ActivityRecognitionHardware: activity_recognition HAL is deprecated. class_init is effectively a no-op
11-28 22:04:08.318  1840  1840 I zygote  : Thread[1,tid=1840,Native,Thread*=0xe954c000,peer=0x12ec0228,"main"] recursive attempt to load library "/system/lib/libmedia_jni.so"
11-28 22:04:08.318  1840  1840 D MtpDeviceJNI: register_android_mtp_MtpDevice
11-28 22:04:08.319  1840  1840 I zygote  : Thread[1,tid=1840,Native,Thread*=0xe954c000,peer=0x12ec0228,"main"] recursive attempt to load library "/system/lib/libmedia_jni.so"
11-28 22:04:08.319  1840  1840 I zygote  : Thread[1,tid=1840,Native,Thread*=0xe954c000,peer=0x12ec0228,"main"] recursive attempt to load library "/system/lib/libmedia_jni.so"
11-28 22:04:08.628  1692  1775 I ServiceManager: Waiting for service package_native...
11-28 22:04:08.633  1585  1628 D gralloc_ranchu: gralloc_alloc: Creating ashmem region of size 9850880
11-28 22:04:08.710  1840  1840 I Zygote  : ...preloaded 6535 classes in 1908ms.
11-28 22:04:08.710  1840  1840 I zygote  : VMRuntime.preloadDexCaches starting
11-28 22:04:08.891  1840  1840 I zygote  : VMRuntime.preloadDexCaches strings total=339033 before=12306 after=12306
11-28 22:04:08.891  1840  1840 I zygote  : VMRuntime.preloadDexCaches types total=31350 before=7821 after=7822
11-28 22:04:08.891  1840  1840 I zygote  : VMRuntime.preloadDexCaches fields total=140738 before=9181 after=9181
11-28 22:04:08.892  1840  1840 I zygote  : VMRuntime.preloadDexCaches methods total=247730 before=12783 after=12783
11-28 22:04:08.892  1840  1840 I zygote  : VMRuntime.preloadDexCaches finished
11-28 22:04:09.899  1692  1775 I ServiceManager: Waiting for service package_native...
11-28 22:04:10.696  1692  1775 W ServiceManager: Service package_native didn't start. Returning NULL
11-28 22:04:10.696  1692  1775 E storaged: getService package_native failed
11-28 22:04:11.301  1840  1840 I Zygote  : Preloading resources...
11-28 22:04:11.482  1840  1840 W Resources: Preloaded drawable resource #0x1080265 (android:drawable/dialog_background_material) that varies with configuration!!
11-28 22:04:11.581  1840  1840 I Zygote  : ...preloaded 64 resources in 280ms.
11-28 22:04:11.586  1840  1840 I Zygote  : ...preloaded 41 resources in 5ms.
11-28 22:04:11.608  1840  1840 D libEGL  : Emulator has host GPU support, qemu.gles is set to 1.
11-28 22:04:11.608  1840  1840 E vndksupport: Could not load /vendor/lib/egl/libGLES_emulation.so from sphal namespace: dlopen failed: library "/vendor/lib/egl/libGLES_emulation.so" not found.
11-28 22:04:11.608  1840  1840 E libEGL  : load_driver(/vendor/lib/egl/libGLES_emulation.so): unknown
11-28 22:04:11.614  1840  1840 D libEGL  : loaded /vendor/lib/egl/libEGL_emulation.so
11-28 22:04:11.616  1840  1840 D libEGL  : loaded /vendor/lib/egl/libGLESv1_CM_emulation.so
11-28 22:04:11.663  1840  1840 D libEGL  : loaded /vendor/lib/egl/libGLESv2_emulation.so
11-28 22:04:11.694  1840  1840 I Zygote  : Preloading shared libraries...
11-28 22:04:11.757  1840  1840 I Zygote  : Uninstalled ICU cache reference pinning...
11-28 22:04:11.760  1840  1840 I Zygote  : Installed AndroidKeyStoreProvider in 3ms.
11-28 22:04:11.771  1840  1840 I Zygote  : Warmed up JCA providers in 11ms.
11-28 22:04:11.771  1840  1840 D Zygote  : end preload
11-28 22:04:11.853  1840  1840 I zygote  : Explicit concurrent copying GC freed 43482(3MB) AllocSpace objects, 138(2MB) LOS objects, 72% free, 2MB/8MB, paused 33us total 81.070ms
11-28 22:04:11.877  1840  1840 I zygote  : Explicit concurrent copying GC freed 1680(97KB) AllocSpace objects, 0(0B) LOS objects, 73% free, 2MB/8MB, paused 23us total 20.898ms
11-28 22:04:11.980  1840  1840 I Zygote  : System server process 1887 has been created
11-28 22:04:11.981  1840  1840 I Zygote  : Accepting command socket connections
11-28 22:04:11.993  1887  1887 I chatty  : uid=1000 system_server expire 96 lines
11-28 22:04:12.405  1887  1887 I SystemServer: InitBeforeStartServices
11-28 22:04:12.455  1887  1887 I SystemServer: Entered the Android system server!
11-28 22:04:14.305  1887  1887 I SystemServer: StartServices
11-28 22:04:14.305  1887  1887 I SystemServer: Reading configuration...
11-28 22:04:14.305  1887  1887 I SystemServer: ReadingSystemConfig
11-28 22:04:14.306  1887  1887 I SystemServer: StartInstaller
11-28 22:04:14.306  1887  1887 I SystemServiceManager: Starting com.android.server.pm.Installer
11-28 22:04:14.351  1683  1690 D installd: Found quota mount /dev/block/dm-1 at /data
11-28 22:04:14.352  1887  1887 I SystemServer: DeviceIdentifiersPolicyService
11-28 22:04:14.352  1887  1887 I SystemServiceManager: Starting com.android.server.os.DeviceIdentifiersPolicyService
11-28 22:04:14.356  1887  1887 I SystemServer: StartActivityManager
11-28 22:04:14.356  1887  1887 I SystemServiceManager: Starting com.android.server.am.ActivityManagerService$Lifecycle
11-28 22:04:14.721  1887  1887 I ActivityManager: Memory class: 512
