11-28 22:05:38.253  2010  2010 I InputMethodEntryManager: InputMethodEntryManager$6.onSuccess():2984 Success load additional ImeDefs, entryChanged=true, additionalImeDefsChanged=true, [koo{stringId=password, language=und-Latn-x-password, languageTag=und-Latn-x-password, processedConditions={variant=qwerty, enable_number_row=false, device=phone}, className=com.google.android.libraries.inputmethod.ime.password.PasswordIme, label=2132018826, keyEventInterpreter=null, inlineComposing=true, autoCapital=true, announceAutoSelectedCandidate=true, statusIcon=0, primeKeyboardType=SOFT, indicatorIcon=0, indicatorLabel=null, displayAppCompletions=false, extraValues=kog{}, processors=kqg@c69a7ad, unacceptableMetaKeys=4098, languageSpecificSettings=0, asciiCapable=false, alwaysShowSuggestions=false, useAsciiPasswordKeyboard=false, secondaryIme=null, keyboardGroupDef=kpo@6e14ae2, phenotypeFlagId=0, localizationLanguageTag=null, supportsInlineSuggestion=false}, koo{stringId=ime_qwerty, language=zz, languageTag=zz, processedConditions={enable_number_row=false, device=phone}, className=com.google.android.libraries.inputmethod.ime.DummyIme, label=0, keyEventInterpreter=null, inlineComposing=true, autoCapital=true, announceAutoSelectedCandidate=true, statusIcon=0, primeKeyboardType=SOFT, indicatorIcon=0, indicatorLabel=null, displayAppCompletions=true, extraValues=kog{}, processors=kqg@c69a7ad, unacceptableMetaKeys=4098, languageSpecificSettings=0, asciiCapable=false, alwaysShowSuggestions=false, useAsciiPasswordKeyboard=false, secondaryIme=null, keyboardGroupDef=kpo@f89ee73, phenotypeFlagId=0, localizationLanguageTag=null, supportsInlineSuggestion=false}, koo{stringId=number, language=und-Latn-x-number, languageTag=und-Latn-x-number, processedConditions={}, className=com.google.android.libraries.inputmethod.ime.DummyIme, label=2132018773, keyEventInterpreter=null, inlineComposing=true, autoCapital=false, announceAutoSelectedCandidate=false, statusIcon=0, primeKeyboardType=SOFT, indicatorIcon=0, indicatorLabel=null, displayAppCompletions=false, extraValues=kog{}, processors=kqg@c69a7ad, unacceptableMetaKeys=4098, languageSpecificSettings=0, asciiCapable=false, alwaysShowSuggestions=false, useAsciiPasswordKeyboard=false, secondaryIme=null, keyboardGroupDef=kpo@453c130, phenotypeFlagId=0, localizationLanguageTag=null, supportsInlineSuggestion=false}, koo{stringId=number_password, language=und-Latn-x-number-password, languageTag=und-Latn-x-number-password, processedConditions={}, className=com.google.android.libraries.inputmethod.ime.DummyIme, label=2132018774, keyEventInterpreter=null, inlineComposing=true, autoCapital=false, announceAutoSelectedCandidate=false, statusIcon=0, primeKeyboardType=SOFT, indicatorIcon=0, indicatorLabel=null, displayAppCompletions=false, extraValues=kog{}, processors=kqg@c69a7ad, unacceptableMetaKeys=4098, languageSpecificSettings=0, asciiCapable=false, alwaysShowSuggestions=false, useAsciiPasswordKeyboard=false, secondaryIme=null, keyboardGroupDef=kpo@7a611a9, phenotypeFlagId=0, localizationLanguageTag=null, supportsInlineSuggestion=false}, koo{stringId=phone_number, language=und-Latn-x-phone-number, languageTag=und-Latn-x-phone-number, processedConditions={}, className=com.google.android.libraries.inputmethod.ime.DummyIme, label=2132018861, keyEventInterpreter=null, inlineComposing=true, autoCapital=false, announceAutoSelectedCandidate=false, statusIcon=0, primeKeyboardType=SOFT, indicatorIcon=0, indicatorLabel=null, displayAppCompletions=false, extraValues=kog{}, processors=kqg@c69a7ad, unacceptableMetaKeys=4098, languageSpecificSettings=0, asciiCapable=false, alwaysShowSuggestions=false, useAsciiPasswordKeyboard=false, secondaryIme=null, keyboardGroupDef=kpo@ccd332e, phenotypeFlagId=0, localizationLanguageTag=null, supportsInlineSuggestion=false}, koo{stringId=date_time, language=und-Latn-x-date-time, languageTag=und-Latn-x-date-time, processedConditions={}, className=com.google.android.libraries.inputmethod.ime.DummyIme, label=2132017531, keyEventInterpreter=null, inlineComposing=tru
11-28 22:05:38.253  2010  2010 I InputMethodEntryManager: e, autoCapital=false, announceAutoSelectedCandidate=false, statusIcon=0, primeKeyboardType=SOFT, indicatorIcon=0, indicatorLabel=null, displayAppCompletions=false, extraValues=kog{}, processors=kqg@c69a7ad, unacceptableMetaKeys=4098, languageSpecificSettings=0, asciiCapable=false, alwaysShowSuggestions=false, useAsciiPasswordKeyboard=false, secondaryIme=null, keyboardGroupDef=kpo@c8afecf, phenotypeFlagId=0, localizationLanguageTag=null, supportsInlineSuggestion=false}, koo{stringId=dummy_hard, language=en, languageTag=en, processedConditions={device=unknown}, className=com.google.android.apps.inputmethod.libs.latin5.LatinDummyIme, label=0, keyEventInterpreter=null, inlineComposing=true, autoCapital=false, announceAutoSelectedCandidate=true, statusIcon=0, primeKeyboardType=HARD_QWERTY, indicatorIcon=0, indicatorLabel=null, displayAppCompletions=false, extraValues=kog{}, processors=kqg@c69a7ad, unacceptableMetaKeys=4098, languageSpecificSettings=0, asciiCapable=false, alwaysShowSuggestions=false, useAsciiPasswordKeyboard=false, secondaryIme=null, keyboardGroupDef=kpo@3ebc05c, phenotypeFlagId=0, localizationLanguageTag=null, supportsInlineSuggestion=false}, koo{stringId=password_floating_hard_qwerty, language=und-Latn-x-password, languageTag=und-Latn-x-password, processedConditions={}, className=com.google.android.libraries.inputmethod.ime.DummyIme, label=2132018862, keyEventInterpreter=null, inlineComposing=true, autoCapital=false, announceAutoSelectedCandidate=false, statusIcon=2131231715, primeKeyboardType=HARD_QWERTY, indicatorIcon=0, indicatorLabel=null, displayAppCompletions=false, extraValues=kog{}, processors=kqg@c69a7ad, unacceptableMetaKeys=4098, languageSpecificSettings=0, asciiCapable=false, alwaysShowSuggestions=false, useAsciiPasswordKeyboard=false, secondaryIme=null, keyboardGroupDef=kpo@3251f65, phenotypeFlagId=0, localizationLanguageTag=null, supportsInlineSuggestion=false}, koo{stringId=phone_number_floating_hard_qwerty, language=und-Latn-x-phone-number, languageTag=und-Latn-x-phone-number, processedConditions={}, className=com.google.android.libraries.inputmethod.ime.DummyIme, label=2132018862, keyEventInterpreter=null, inlineComposing=true, autoCapital=false, announceAutoSelectedCandidate=false, statusIcon=2131231894, primeKeyboardType=HARD_QWERTY, indicatorIcon=0, indicatorLabel=null, displayAppCompletions=false, extraValues=kog{}, processors=kqg@c69a7ad, unacceptableMetaKeys=4098, languageSpecificSettings=0, asciiCapable=false, alwaysShowSuggestions=false, useAsciiPasswordKeyboard=false, secondaryIme=null, keyboardGroupDef=kpo@37d543a, phenotypeFlagId=0, localizationLanguageTag=null, supportsInlineSuggestion=false}, koo{stringId=number_floating_hard_qwerty, language=und-Latn-x-number, languageTag=und-Latn-x-number, processedConditions={}, className=com.google.android.libraries.inputmethod.ime.DummyIme, label=2132018862, keyEventInterpreter=null, inlineComposing=true, autoCapital=false, announceAutoSelectedCandidate=false, statusIcon=2131231894, primeKeyboardType=HARD_QWERTY, indicatorIcon=0, indicatorLabel=null, displayAppCompletions=false, extraValues=kog{}, processors=kqg@c69a7ad, unacceptableMetaKeys=4098, languageSpecificSettings=0, asciiCapable=false, alwaysShowSuggestions=false, useAsciiPasswordKeyboard=false, secondaryIme=null, keyboardGroupDef=kpo@ae2b8eb, phenotypeFlagId=0, localizationLanguageTag=null, supportsInlineSuggestion=false}, koo{stringId=date_time_floating_hard_qwerty, language=und-Latn-x-date-time, languageTag=und-Latn-x-date-time, processedConditions={}, className=com.google.android.libraries.inputmethod.ime.DummyIme, label=2132018862, keyEventInterpreter=null, inlineComposing=true, autoCapital=false, announceAutoSelectedCandidate=false, statusIcon=2131231894, primeKeyboardType=HARD_QWERTY, indicatorIcon=0, indicatorLabel=null, displayAppCompletions=false, extraValues=kog{}, processors=kqg@c69a7ad, unacceptableMetaKeys=4098, languageSpecificSettings=0, asciiCapable=false, alwaysShowSuggestions=fal
11-28 22:05:38.253  2010  2010 I InputMethodEntryManager: se, useAsciiPasswordKeyboard=false, secondaryIme=null, keyboardGroupDef=kpo@7a28648, phenotypeFlagId=0, localizationLanguageTag=null, supportsInlineSuggestion=false}]
11-28 22:05:38.253  2010  2010 I InputMethodEntryManager: InputMethodEntryManager.onSuccessLoadingAdditionalImeDefs():3049 Additional ImeDefs have been loaded, maybe notify entry change: true
11-28 22:05:38.254  2010  2010 I KeyboardContextProvider: KeyboardContextProvider$KeyboardContextCache.createKeyboardContext():173 createKeyboardContext(): en-US, izm@8cd4ce1(com.android.inputmethod.latin.LatinIME@a8a692b), {1.0 ?mcc?mnc [en_US] ldltr sw392dp w392dp h718dp 440dpi nrml long port finger qwerty/v/v -nav/h winConfig={ mBounds=Rect(0, 0 - 0, 0) mAppBounds=Rect(0, 171 - 1080, 2148) mWindowingMode=fullscreen mActivityType=undefined} s.5}
11-28 22:05:38.254  2010  2010 I GoogleInputMethodService: GoogleInputMethodService.onCurrentInputMethodEntryChanged():3549 onCurrentInputMethodEntryChanged(): imeDefsChanged=true, initializedEntryChanged=true, keyboardContextChanged=true
11-28 22:05:38.255  2010  2010 I GoogleInputMethodService: GoogleInputMethodService.clearInputMethodServiceData():1546 clearInputMethodServiceData for entryChange
11-28 22:05:39.492  1887  1887 W Looper  : Slow dispatch took 311ms main h=android.app.job.JobServiceEngine$JobHandler c=null m=0
11-28 22:05:40.095  1887  2141 I chatty  : uid=1000(system) Binder:1887_7 expire 2 lines
11-28 22:05:40.226  2309  2309 I adbd    : Calling send_auth_request...
11-28 22:05:40.267  2309  2309 I adbd    : Loading keys from /data/misc/adb/adb_keys
11-28 22:05:40.272  2309  2309 I adbd    : adb client authorized
11-28 22:05:40.521  1523  1567 V vold    : Finished restorecon of /data/system_ce/0
11-28 22:05:40.521  1523  1567 V vold    : Starting restorecon of /data/misc_ce/0
11-28 22:05:40.995  1887  2141 I WifiService: WifiService trying to set country code to 
11-28 22:05:41.152  2019  2019 I CameraManagerGlobal: Connecting to camera service
11-28 22:05:42.482  1523  1567 V vold    : Finished restorecon of /data/misc_ce/0
11-28 22:05:42.807  2304  2341 I Phlogger: Unable to retrieve flag snapshot for com.google.android.deskclock#com.google.android.deskclock, using defaults.
11-28 22:05:42.898  1887  1904 W ActivityManager: Slow operation: 59ms so far, now at startProcess: returned from zygote!
11-28 22:05:42.898  1887  1904 W ActivityManager: Slow operation: 60ms so far, now at startProcess: done updating battery stats
11-28 22:05:42.898  1887  1904 W ActivityManager: Slow operation: 60ms so far, now at startProcess: building log message
11-28 22:05:42.898  1887  1904 I ActivityManager: Start proc 2343:com.google.android.gms.persistent/u0a12 for service com.google.android.gms/.chimera.PersistentDirectBootAwareApiService
11-28 22:05:42.898  1887  1904 W ActivityManager: Slow operation: 60ms so far, now at startProcess: starting to update pids map
11-28 22:05:42.898  1887  1904 W ActivityManager: Slow operation: 60ms so far, now at startProcess: done updating pids map
11-28 22:05:43.093  1523  1569 I fsck_msdos: ** Phase 2 - Check Cluster Chains
11-28 22:05:43.098  2343  2343 W .gms.persisten: Unexpected CPU variant for X86 using defaults: x86
11-28 22:05:43.133  2343  2343 E .gms.persisten: Not starting debugger since process cannot load the jdwp agent.
11-28 22:05:43.286  1523  1569 I fsck_msdos: ** Phase 3 - Checking Directories
11-28 22:05:43.297  1523  1569 I fsck_msdos: ** Phase 4 - Checking for Lost Files
11-28 22:05:43.365  1523  1569 I fsck_msdos: 59 files, 522112 free (261056 clusters)
11-28 22:05:43.373  1523  1569 I vold    : Filesystem check completed OK
11-28 22:05:43.373  1523  1567 V vold    : /system/bin/vold_prepare_subdirs
11-28 22:05:43.373  1523  1567 V vold    :     prepare
11-28 22:05:43.373  1523  1567 V vold    :     
11-28 22:05:43.373  1523  1567 V vold    :     0
11-28 22:05:43.373  1523  1567 V vold    :     2
11-28 22:05:43.396  1523  1569 V vold    : Waiting for FUSE to spin up...
11-28 22:05:43.430  2359  2359 W sdcard  : Device explicitly enabled sdcardfs
11-28 22:05:43.503  1523  1569 V vold    : Waiting for FUSE to spin up...
11-28 22:05:43.534  1887  2141 W ActivityManager: Unable to start service Intent { act=com.google.android.gms.phenotype.service.START pkg=com.google.android.gms } U=0: not found
11-28 22:05:43.534  1887  2141 W ActivityManager: Unbind failed: could not find connection for android.os.BinderProxy@e4a0342
11-28 22:05:43.535  2304  2332 W GmsClient: unable to connect to service: com.google.android.gms.phenotype.service.START on com.google.android.gms
11-28 22:05:43.555  1523  1569 V vold    : Waiting for FUSE to spin up...
11-28 22:05:43.568  2304  2304 W droid.deskcloc: Verification of void tf.b(android.app.appsearch.SetSchemaRequest$Builder, java.lang.String, android.app.appsearch.PackageIdentifier) took 270.818ms
11-28 22:05:43.590  1839  1886 E SurfaceFlinger: ro.sf.lcd_density must be defined as a build property
11-28 22:05:43.631  1887  2153 I chatty  : uid=1000(system) HwBinder:1887_3 expire 11 lines
11-28 22:05:33.215  1700  1700 W tombstoned: type=1400 audit(0.0:7): avc: granted { append } for path=2F646174612F616E722F23323337363537202864656C6574656429 dev="dm-1" ino=237657 scontext=u:r:tombstoned:s0 tcontext=u:object_r:anr_data_file:s0 tclass=file
11-28 22:05:43.729  2304  2304 W droid.deskcloc: Verification of brh tf.q(java.util.List, android.net.Uri) took 159.866ms
11-28 22:05:43.735  1523  1567 I vold_prepare_subdirs: SELinux: Loaded file_contexts
11-28 22:05:43.769  2304  2341 W MobStoreFlagStore: Unable to update local snapshot for com.google.android.deskclock#com.google.android.deskclock, may result in stale flags.
11-28 22:05:43.769  2304  2341 W MobStoreFlagStore: java.util.concurrent.ExecutionException: drh: 17: 17: API: Phenotype.API is not available on this device. Connection failed with: cmv{statusCode=API_UNAVAILABLE, resolution=null, message=null}
11-28 22:05:43.769  2304  2341 W MobStoreFlagStore: 	at fha.r(PG:21)
11-28 22:05:43.769  2304  2341 W MobStoreFlagStore: 	at fha.get(PG:3)
11-28 22:05:43.769  2304  2341 W MobStoreFlagStore: 	at a.f(PG:2)
11-28 22:05:43.769  2304  2341 W MobStoreFlagStore: 	at dlm.C(PG:10)
11-28 22:05:43.769  2304  2341 W MobStoreFlagStore: 	at dsf.c(PG:1)
11-28 22:05:43.769  2304  2341 W MobStoreFlagStore: 	at dsd.run(PG:427)
11-28 22:05:43.769  2304  2341 W MobStoreFlagStore: 	at java.util.concurrent.Executors$RunnableAdapter.call(Executors.java:458)
11-28 22:05:43.769  2304  2341 W MobStoreFlagStore: 	at java.util.concurrent.FutureTask.run(FutureTask.java:266)
11-28 22:05:43.769  2304  2341 W MobStoreFlagStore: 	at java.util.concurrent.ScheduledThreadPoolExecutor$ScheduledFutureTask.run(ScheduledThreadPoolExecutor.java:301)
11-28 22:05:43.769  2304  2341 W MobStoreFlagStore: 	at java.util.concurrent.ThreadPoolExecutor.runWorker(ThreadPoolExecutor.java:1167)
11-28 22:05:43.769  2304  2341 W MobStoreFlagStore: 	at java.util.concurrent.ThreadPoolExecutor$Worker.run(ThreadPoolExecutor.java:641)
11-28 22:05:43.769  2304  2341 W MobStoreFlagStore: 	at java.lang.Thread.run(Thread.java:764)
11-28 22:05:43.769  2304  2341 W MobStoreFlagStore: Caused by: drh: 17: 17: API: Phenotype.API is not available on this device. Connection failed with: cmv{statusCode=API_UNAVAILABLE, resolution=null, message=null}
11-28 22:05:43.769  2304  2341 W MobStoreFlagStore: 	at edr.a(PG:26)
11-28 22:05:43.769  2304  2341 W MobStoreFlagStore: 	at fgj.g(PG:3)
11-28 22:05:43.769  2304  2341 W MobStoreFlagStore: 	at fgl.run(PG:130)
11-28 22:05:43.769  2304  2341 W MobStoreFlagStore: 	at fhu.execute(PG:1)
11-28 22:05:43.769  2304  2341 W MobStoreFlagStore: 	at fha.j(PG:1)
11-28 22:05:43.769  2304  2341 W MobStoreFlagStore: 	at fha.m(PG:101)
11-28 22:05:43.769  2304  2341 W MobStoreFlagStore: 	at fha.e(PG:19)
11-28 22:05:43.769  2304  2341 W MobStoreFlagStore: 	at dhb.e(PG:1)
11-28 22:05:43.769  2304  2341 W MobStoreFlagStore: 	at cvv.a(PG:96)
11-28 22:05:43.769  2304  2341 W MobStoreFlagStore: 	at bwh.run(PG:91)
11-28 22:05:43.769  2304  2341 W MobStoreFlagStore: 	at fhu.execute(PG:1)
11-28 22:05:43.769  2304  2341 W MobStoreFlagStore: 	at cxo.f(PG:89)
11-28 22:05:43.769  2304  2341 W MobStoreFlagStore: 	at gme.d(PG:36)
11-28 22:05:43.769  2304  2341 W MobStoreFlagStore: 	at cya.p(PG:20)
11-28 22:05:43.769  2304  2341 W MobStoreFlagStore: 	at bwh.run(PG:282)
11-28 22:05:43.769  2304  2341 W MobStoreFlagStore: 	at fhu.execute(PG:1)
11-28 22:05:43.769  2304  2341 W MobStoreFlagStore: 	at cxo.f(PG:105)
11-28 22:05:43.769  2304  2341 W MobStoreFlagStore: 	at gme.d(PG:36)
11-28 22:05:43.769  2304  2341 W MobStoreFlagStore: 	at dit.i(PG:39)
11-28 22:05:43.769  2304  2341 W MobStoreFlagStore: 	at coo.d(PG:9)
11-28 22:05:43.769  2304  2341 W MobStoreFlagStore: 	at cph.t(PG:48)
11-28 22:05:43.769  2304  2341 W MobStoreFlagStore: 	at cph.f(PG:10)
11-28 22:05:43.769  2304  2341 W MobStoreFlagStore: 	at cph.j(PG:180)
11-28 22:05:43.769  2304  2341 W MobStoreFlagStore: 	at cph.i(PG:2)
11-28 22:05:43.769  2304  2341 W MobStoreFlagStore: 	at bwh.run(PG:564)
11-28 22:05:43.769  2304  2341 W MobStoreFlagStore: 	at android.os.Handler.handleCallback(Handler.java:873)
11-28 22:05:43.769  2304  2341 W MobStoreFlagStore: 	at android.os.Handler.dispatchMessage(Handler.java:99)
11-28 22:05:43.769  2304  2341 W MobStoreFlagStore: 	at cvb.a(PG:1)
11-28 22:05:43.769  2304  2341 W MobStoreFlagStore: 	at cvb.dispatchMessage(PG:1)
11-28 22:05:43.769  2304  2341 W MobStoreFlagStore: 	at android.os.Looper.loop(Looper.java:193)
11-28 22:05:43.769  2304  2341 W MobStoreFlagStore: 	at android.os.HandlerThread.run(HandlerThread.java:65)
11-28 22:05:43.769  2304  2341 W MobStoreFlagStore: Caused by: cny: 17: API: Phenotype.API is not available on this device. Connection failed with: cmv{statusCode=API_UNAVAILABLE, resolution=null, message=null}
11-28 22:05:43.769  2304  2341 W MobStoreFlagStore: 	at a.I(PG:13)
11-28 22:05:43.769  2304  2341 W MobStoreFlagStore: 	at fjv.a(PG:5)
11-28 22:05:43.769  2304  2341 W MobStoreFlagStore: 	at coo.d(PG:5)
11-28 22:05:43.769  2304  2341 W MobStoreFlagStore: 	... 11 more
11-28 22:05:43.855  2358  2358 D vold_prepare_subdirs: Setting up mode 700 uid 0 gid 0 context u:object_r:vold_data_file:s0 on path: /data/misc_ce/0/vold
11-28 22:05:43.924  2358  2358 D vold_prepare_subdirs: Setting up mode 700 uid 0 gid 0 context u:object_r:storaged_data_file:s0 on path: /data/misc_ce/0/storaged
11-28 22:05:43.916  1523  1569 I chatty  : uid=0(root) Binder:1523_4 identical 6 lines
11-28 22:05:43.967  1523  1569 V vold    : Waiting for FUSE to spin up...
11-28 22:05:44.002  1887  1908 V UserDataPreparer: Found /data/user/0 with serial number 0
11-28 22:05:44.002  1887  1908 V UserDataPreparer: Found /data/system_ce/0 with serial number 0
11-28 22:05:44.016  1887  1908 D UserDataPreparer: Setting property: sys.user.0.ce_available=true
11-28 22:05:44.018  1887  1908 V PackageManager: reconcileAppsData for null u0 0x2 migrateAppData=false
11-28 22:05:44.019  1523  1569 V vold    : Waiting for FUSE to spin up...
11-28 22:05:44.229  2019  2019 D NotificationEntryMgr: heads up is enabled
11-28 22:05:44.287  2010  2010 I KeyboardHeightUtil: KeyboardHeightUtil.calculateMaxKeyboardBodyHeight():45 leave 267 height for app when ime window height:1977, header height:121 and isFullscreenMode:false, so the max keyboard body height is:1589
11-28 22:05:44.391  2343  2343 I .gms.persisten: The ClassLoaderContext is a special shared library.
11-28 22:05:44.519  2285  2285 E crash_dump32: failed to notify tombstoned of completion
11-28 22:05:44.661  2010  2010 I KeyboardModeUtils: KeyboardModeUtils.getKeyboardBottomOffset():419 inch: 0.000000 ydpi: 440.000000 adjustKeyboardBottomByDisplaySize: false currentDensityDpi: 440 defaultDensityDpi: 440 keyboardBottomToScreenPx: 0 keyboardBottomToNavBarPx: -168 navBarHeight: 168
11-28 22:05:44.661  2010  2010 I ResizableKeyboardModeController: ResizableKeyboardModeController.getKeyboardBottomOffset():228 currentPrimeKeyboardType:SOFT keyboardBottomOffset:0 navBarHeight:168 isInLandscape:false
11-28 22:05:44.720  2010  2010 I KeyboardHeightUtil: KeyboardHeightUtil.calculateMaxKeyboardBodyHeight():45 leave 267 height for app when ime window height:1977, header height:121 and isFullscreenMode:false, so the max keyboard body height is:1589
11-28 22:05:44.720  2010  2010 I KeyboardModeManager: KeyboardModeManager.onCurrentInputMethodEntryChanged():1122 Reload data for context change
11-28 22:05:44.720  2010  2010 I KeyboardModeManager: KeyboardModeManager.setSupportedKeyboardModes():1154 supportsSplitMode=true supportsOneHandedMode=true, needUpdateKeyboardMode=true
11-28 22:05:44.906  2010  2030 W libbacktrace: bool ThreadEntry::Wait(int): pthread_cond_timedwait for value 2 failed: Connection timed out
11-28 22:05:44.906  2010  2030 E libbacktrace: void SignalHandler(int, siginfo_t *, void *): Timed out waiting for unwind thread to indicate it completed.
11-28 22:05:45.073  2010  2010 I GoogleInputMethodService: GoogleInputMethodService.initializeInputMethodServiceData():1281 initializeInputMethodServiceData for jwo{languageTag=en-US, variant=qwerty, hasLocalizedResources=true, conditionCacheKey=_app_first_start_timestamp=1230796800000_cache_additional_ime_defs_for_condition_change=false_cache_ime_defs_for_condition_change=false_deprecate_long_press_space_for_ime_picker=false_device=phone_device_size=default_enable_flick_symbols=false_enable_more_candidates_view_for_multilingual=false_enable_number_row=false_enable_preemptive_decode=true_enable_premium_exp_tablet_layout_change=false_enable_secondary_digits=true_enable_secondary_symbols=false_expressions=normal_four_or_more_letter_rows=false_keyboard_mode=normal_language=en-US_orientation=portrait_physical_keyboard=qwerty_rtl_layout=false_show_secondary_digits=true_show_suggestions=true_split_with_duplicate_keys=true_variant=qwerty, imeDef.stringId=ime_english_united_states, imeDef.className=com.google.android.libraries.inputmethod.ime.experiment.ExperimentImeWrapper, imeDef.languageTag=en-US}
11-28 22:05:45.074  2010  2010 E GoogleInputMethodService: GoogleInputMethodService.getAppEditorInfo():2756 App EditorInfo should never be null.
11-28 22:05:45.078  2343  2343 I .gms.persisten: The ClassLoaderContext is a special shared library.
11-28 22:05:45.080  2343  2343 I .gms.persisten: The ClassLoaderContext is a special shared library.
11-28 22:05:45.250  2010  2010 I StyledKeyboardThemeBuilder: StyledKeyboardThemeBuilder.build():145 Pref: [], themeName: [assets:theme_package_metadata_google_blue_light.binarypb], darkMode: [false], cacheKey: [builtin_google_blue_light.binarypb]
11-28 22:05:45.509  1700  1700 I /system/bin/tombstoned: intercept for pid 2010 and type kDebuggerdJavaBacktrace terminated: due to timeout
11-28 22:05:45.510  1700  1700 I /system/bin/tombstoned: registered intercept for pid 2010 and type kDebuggerdNativeBacktrace
11-28 22:05:45.711  2010  2010 I libc    : Requested dump for tid 2010 (putmethod.latin)
11-28 22:05:44.905  1523  1569 I chatty  : uid=0(root) Binder:1523_4 identical 12 lines
11-28 22:05:44.957  1523  1569 V vold    : Waiting for FUSE to spin up...
11-28 22:05:46.806  1887  1901 W Looper  : Slow dispatch took 21816ms android.bg h=com.android.server.am.ActivityManagerService$3 c=null m=1
11-28 22:05:47.090  2160  2276 D IntentBroadcaster: Broadcasting and adding intent for rebroadcast: android.intent.action.SIM_STATE_CHANGED READY for slotId 0
11-28 22:05:47.178  1887  1901 I chatty  : uid=1000(system) android.bg expire 10 lines
11-28 22:05:47.253  2019  2019 E BluetoothAdapter: Bluetooth binder is null
11-28 22:05:47.259  1887  2145 I WifiService: WifiService trying to set country code to us
11-28 22:05:47.259  1887  2145 I chatty  : uid=1000(system) Binder:1887_8 expire 3 lines
11-28 22:05:47.369  2304  2375 E ActivityThread: Failed to find provider info for com.google.android.apps.wellbeing.api
11-28 22:05:47.370  2304  2375 W BedtimeDAO: Error loading wind down schedule
11-28 22:05:47.370  2304  2375 W BedtimeDAO: java.lang.IllegalArgumentException: Unknown URI content://com.google.android.apps.wellbeing.api
11-28 22:05:47.370  2304  2375 W BedtimeDAO: 	at android.content.ContentResolver.call(ContentResolver.java:1753)
11-28 22:05:47.370  2304  2375 W BedtimeDAO: 	at bpx.a(PG:18)
11-28 22:05:47.370  2304  2375 W BedtimeDAO: 	at bqf.doInBackground(PG:7)
11-28 22:05:47.370  2304  2375 W BedtimeDAO: 	at android.os.AsyncTask$2.call(AsyncTask.java:333)
11-28 22:05:47.370  2304  2375 W BedtimeDAO: 	at java.util.concurrent.FutureTask.run(FutureTask.java:266)
11-28 22:05:47.370  2304  2375 W BedtimeDAO: 	at java.util.concurrent.ThreadPoolExecutor.runWorker(ThreadPoolExecutor.java:1167)
11-28 22:05:47.370  2304  2375 W BedtimeDAO: 	at java.util.concurrent.ThreadPoolExecutor$Worker.run(ThreadPoolExecutor.java:641)
11-28 22:05:47.370  2304  2375 W BedtimeDAO: 	at java.lang.Thread.run(Thread.java:764)
11-28 22:05:47.512  1887  1902 I chatty  : uid=1000(system) ActivityManager expire 1 line
11-28 22:05:47.515  1700  1700 I /system/bin/tombstoned: intercept for pid 2010 and type kDebuggerdNativeBacktrace terminated: due to input
11-28 22:05:47.586  1887  1980 I chatty  : uid=1000(system) NetworkPolicy expire 4 lines
11-28 22:05:47.593  2019  2019 V WifiManager: registerSoftApCallback: callback=com.android.systemui.statusbar.policy.HotspotControllerImpl@78ca9a8, handler=Handler (android.os.Handler) {2859cc1}
11-28 22:05:47.595  2019  2303 V WifiManager: SoftApCallbackProxy: onStateChanged: state=11, failureReason=0
11-28 22:05:47.595  2019  2303 V WifiManager: SoftApCallbackProxy: onNumClientsChanged: numClients=0
11-28 22:05:47.617  1592  1592 I qemu-props: tell the host boot completed
11-28 22:05:47.852  1683  1945 W cutils  : Expected path /data/data/com.google.android.gms with mode 700 but found 711
11-28 22:05:47.986  2376  2376 I crash_dump32: obtaining output fd from tombstoned, type: kDebuggerdNativeBacktrace
11-28 22:05:47.988  1700  1700 I /system/bin/tombstoned: received crash request for pid 2010
11-28 22:05:47.989  2376  2376 I crash_dump32: performing dump of process 2010 (target tid = 2010)
11-28 22:05:48.156  2019  2229 D OpenGLRenderer: profile bars disabled
11-28 22:05:48.156  2019  2229 D OpenGLRenderer: ambientRatio = 1.50
11-28 22:05:48.177  2010  2010 I KeyboardThemeProvider: KeyboardThemeProvider.applyKeyboardTheme():27 Apply keyboard theme: theme_keyboard_mode_screen_size_5_5_keyboard_mode_screen_width_middle_stylesheet_light_phone_350_display_size_adaptive_350_builtin_google_blue_light.binarypb_port
11-28 22:05:48.179  2010  2010 I AndroidIME: InputBundleManager.loadActiveInputBundleId():450 loadActiveInputBundleId: und-Latn-x-password, password
11-28 22:05:48.179  2010  2010 W NotificationCenter: NotificationCenter$NotificationQueue.notifyOnExecutor():883 Heavy notify work detected on UI thread: [jvx->jyz] takes 9925ms
11-28 22:05:48.291  2019  2019 D StatusBar: disable<e i a s b h r c s > disable2<q i n >
11-28 22:05:48.612  2010  2010 W NotificationCenter: NotificationCenter$NotificationQueue.notifyOnExecutor():883 Heavy notify work detected on UI thread: [jxe->kxd, jxe->kxd] takes 430ms
11-28 22:05:48.713  2010  2010 I GoogleInputMethodService: GoogleInputMethodService.onStartInput():1911 onStartInput(EditorInfo{EditorInfo{packageName=com.android.settings, inputType=0, inputTypeString=NULL, enableLearning=false, autoCorrection=false, autoComplete=false, imeOptions=0, privateImeOptions=null, actionName=UNSPECIFIED, actionLabel=null, initialSelStart=-1, initialSelEnd=-1, initialCapsMode=0, label=null, fieldId=-1, fieldName=null, extras=null, hintText=null, hintLocales=[]}}, false)
11-28 22:05:48.714  2010  2010 I GoogleInputMethodService: GoogleInputMethodService.updateDeviceLockedStatus():2167 repeatCheckTimes = 1, locked = false
11-28 22:05:48.716  2010  2010 I AndroidIME: InputBundleManager.loadActiveInputBundleId():450 loadActiveInputBundleId: und-Latn-x-password, password
11-28 22:05:48.718  2010  2010 I EmojiCompatManager: EmojiCompatManager.getEmojiCompatIfLoaded():342 EmojiCompat.init() was never called.
11-28 22:05:48.718  2010  2010 I EmojiCompatManager: java.lang.IllegalStateException: EmojiCompat is not initialized. Please call EmojiCompat.init() first
11-28 22:05:48.718  2010  2010 I EmojiCompatManager: 	at asl.p(PG:6)
11-28 22:05:48.718  2010  2010 I EmojiCompatManager: 	at awk.b(PG:13)
11-28 22:05:48.718  2010  2010 I EmojiCompatManager: 	at jgi.b(PG:2)
11-28 22:05:48.718  2010  2010 I EmojiCompatManager: 	at jgi.c(PG:4)
11-28 22:05:48.718  2010  2010 I EmojiCompatManager: 	at jgi.f(PG:3)
11-28 22:05:48.718  2010  2010 I EmojiCompatManager: 	at jzg.onStartInput(PG:468)
11-28 22:05:48.718  2010  2010 I EmojiCompatManager: 	at android.inputmethodservice.InputMethodService.doStartInput(InputMethodService.java:2000)
11-28 22:05:48.718  2010  2010 I EmojiCompatManager: 	at android.inputmethodservice.InputMethodService$InputMethodImpl.startInput(InputMethodService.java:509)
11-28 22:05:48.718  2010  2010 I EmojiCompatManager: 	at android.view.inputmethod.InputMethod.dispatchStartInputWithToken(InputMethod.java:193)
11-28 22:05:48.718  2010  2010 I EmojiCompatManager: 	at android.inputmethodservice.InputMethodService$InputMethodImpl.dispatchStartInputWithToken(InputMethodService.java:536)
11-28 22:05:48.718  2010  2010 I EmojiCompatManager: 	at android.inputmethodservice.IInputMethodWrapper.executeMessage(IInputMethodWrapper.java:186)
11-28 22:05:48.718  2010  2010 I EmojiCompatManager: 	at com.android.internal.os.HandlerCaller$MyHandler.handleMessage(HandlerCaller.java:37)
11-28 22:05:48.718  2010  2010 I EmojiCompatManager: 	at android.os.Handler.dispatchMessage(Handler.java:106)
11-28 22:05:48.718  2010  2010 I EmojiCompatManager: 	at android.os.Looper.loop(Looper.java:193)
11-28 22:05:48.718  2010  2010 I EmojiCompatManager: 	at android.app.ActivityThread.main(ActivityThread.java:6669)
11-28 22:05:48.718  2010  2010 I EmojiCompatManager: 	at java.lang.reflect.Method.invoke(Native Method)
11-28 22:05:48.718  2010  2010 I EmojiCompatManager: 	at com.android.internal.os.RuntimeInit$MethodAndArgsCaller.run(RuntimeInit.java:493)
11-28 22:05:48.718  2010  2010 I EmojiCompatManager: 	at com.android.internal.os.ZygoteInit.main(ZygoteInit.java:858)
11-28 22:05:48.720  1887  1902 W ProcessCpuTracker: Skipping unknown process pid 2369
11-28 22:05:48.723  1887  1902 E ActivityManager: ANR in com.google.android.inputmethod.latin
11-28 22:05:48.723  1887  1902 E ActivityManager: PID: 2010
11-28 22:05:48.723  1887  1902 E ActivityManager: Reason: executing service com.google.android.inputmethod.latin/com.android.inputmethod.latin.LatinIME
11-28 22:05:48.723  1887  1902 E ActivityManager: Load: 0.0 / 0.0 / 0.0
11-28 22:05:48.723  1887  1902 E ActivityManager: CPU usage from 0ms to 13626ms later (2024-11-28 22:05:33.887 to 2024-11-28 22:05:47.512):
11-28 22:05:48.723  1887  1902 E ActivityManager:   34% 1839/surfaceflinger: 6% user + 28% kernel / faults: 10 minor
11-28 22:05:48.723  1887  1902 E ActivityManager:   19% 2165/com.android.settings: 3.8% user + 15% kernel
11-28 22:05:48.723  1887  1902 E ActivityManager:   6.2% 1887/system_server: 3.4% user + 2.8% kernel / faults: 2744 minor
11-28 22:05:48.723  1887  1902 E ActivityManager:   3.8% 2293/crash_dump32: 3.1% user + 0.6% kernel / faults: 2763 minor
11-28 22:05:48.723  1887  1902 E ActivityManager:   3.4% 2010/com.google.android.inputmethod.latin: 2.2% user + 1.2% kernel / faults: 1384 minor 7 major
11-28 22:05:48.723  1887  1902 E ActivityManager:   3.1% 1720/android.hardware.graphics.composer@2.1-service: 1.4% user + 1.7% kernel
11-28 22:05:48.723  1887  1902 E ActivityManager:   3.1% 2304/zygote: 1.7% user + 1.4% kernel / faults: 2556 minor 106 major
11-28 22:05:48.723  1887  1902 E ActivityManager:   2.4% 2019/com.android.systemui: 1.9% user + 0.4% kernel / faults: 970 minor 21 major
11-28 22:05:48.723  1887  1902 E ActivityManager:   1.9% 12/kworker/u2:1: 0% user + 1.9% kernel
11-28 22:05:48.723  1887  1902 E ActivityManager:   0.5% 1663/kworker/u3:1: 0% user + 0.5% kernel
11-28 22:05:48.723  1887  1902 E ActivityManager:   1.2% 1639/kworker/u3:0: 0% user + 1.2% kernel
11-28 22:05:48.723  1887  1902 E ActivityManager:   1.7% 1589/android.hardware.sensors@1.0-service: 0.4% user + 1.3% kernel
11-28 22:05:48.723  1887  1902 E ActivityManager:   1.6% 1//init: 0% user + 1.5% kernel / faults: 105 minor
11-28 22:05:48.723  1887  1902 E ActivityManager:   0.2% 1683/installd: 0.1% user + 0.1% kernel / faults: 39 minor
11-28 22:05:48.723  1887  1902 E ActivityManager:   1.2% 2309//init: 0% user + 1.1% kernel / faults: 4276 minor 15 major
11-28 22:05:48.723  1887  1902 E ActivityManager:   0.7% 2160/com.android.phone: 0.3% user + 0.3% kernel / faults: 494 minor 4 major
11-28 22:05:48.723  1887  1902 E ActivityManager:   0.3% 1518/logd: 0.1% user + 0.2% kernel / faults: 30 minor
11-28 22:05:48.723  1887  1902 E ActivityManager:   0% 1573/healthd: 0% user + 0% kernel
11-28 22:05:48.723  1887  1902 E ActivityManager:   0.1% 7/rcu_preempt: 0% user + 0.1% kernel
11-28 22:05:48.723  1887  1902 E ActivityManager:   0.1% 1519/servicemanager: 0.1% user + 0% kernel
11-28 22:05:48.723  1887  1902 E ActivityManager:   0.1% 991/kworker/0:2: 0% user + 0.1% kernel
11-28 22:05:48.723  1887  1902 E ActivityManager:   0.1% 1599/logcat: 0% user + 0.1% kernel / faults: 3 minor
11-28 22:05:48.723  1887  1902 E ActivityManager:   0% 1523/vold: 0% user + 0% kernel / faults: 59 minor
11-28 22:05:48.723  1887  1902 E ActivityManager:   0% 1584/android.hardware.gnss@1.0-service: 0% user + 0% kernel
11-28 22:05:48.723  1887  1902 E ActivityManager:   0% 1664/kworker/0:1H: 0% user + 0% kernel
11-28 22:05:48.723  1887  1902 E ActivityManager:   0% 1695/rild: 0% user + 0% kernel / faults: 3 minor
11-28 22:05:48.723  1887  1902 E ActivityManager:   0% 1703/android.hardware.biometrics.fingerprint@2.1-service: 0% user + 0% kernel / faults: 1 minor
11-28 22:05:48.723  1887  1902 E ActivityManager:   0% 1840/zygote: 0% user + 0% kernel / faults: 243 minor
11-28 22:05:48.723  1887  1902 E ActivityManager:  +0% 2335/mdnsd: 0% user + 0% kernel
11-28 22:05:48.723  1887  1902 E ActivityManager:  +0% 2343/com.google.android.gms.persistent: 0% user + 0% kernel
11-28 22:05:48.723  1887  1902 E ActivityManager:  +0% 2359/sdcard: 0% user + 0% kernel
11-28 22:05:48.723  1887  1902 E ActivityManager:  +0% 2366/sh: 0% user + 0% kernel
11-28 22:05:48.723  1887  1902 E ActivityManager:  +0% 2372/process-tracker: 0% user + 0% kernel
11-28 22:05:48.723  1887  1902 E ActivityManager:  +0% 2376/crash_dump32: 0% user + 0% kernel
11-28 22:05:48.723  1887  1902 E ActivityManager:  +0% 2377/cmd: 0% user + 0% kernel
11-28 22:05:48.723  1887  1902 E ActivityManager: 100% TOTAL: 32% user + 66% kernel + 1.3% softirq
11-28 22:05:48.723  1887  1902 E ActivityManager: CPU usage from 104622ms to 104622ms ago (1970-01-01 01:00:00.000 to 1970-01-01 01:00:00.000) with 0% awake:
11-28 22:05:48.723  1887  1902 E ActivityManager: 0% TOTAL: 0% user + 0% kernel
11-28 22:05:48.736  1887  1902 I ActivityManager: Killing 2010:com.google.android.inputmethod.latin/u0a71 (adj 200): bg anr
11-28 22:05:48.743  1887  1902 W BroadcastQueue: Timeout of broadcast BroadcastRecord{7aac95d u-1 android.intent.action.TIME_TICK} - receiver=android.os.BinderProxy@5ed4bd9, started 19196ms ago
11-28 22:05:48.743  1887  1902 W BroadcastQueue: Receiver during timeout of BroadcastRecord{7aac95d u-1 android.intent.action.TIME_TICK} : BroadcastFilter{322bc7f u0 ReceiverList{5fb999e 2019 com.android.systemui/10026/u0 remote:5ed4bd9}}
11-28 22:05:48.744  1887  1902 I ActivityManager: Skipping duplicate ANR: ProcessRecord{e9d5d65 2019:com.android.systemui/u0a26} Broadcast of Intent { act=android.intent.action.TIME_TICK flg=0x50200014 (has extras) }
11-28 22:05:48.781  2019  2019 V WifiManager: registerSoftApCallback: callback=com.android.systemui.statusbar.policy.HotspotControllerImpl@78ca9a8, handler=Handler (android.os.Handler) {2859cc1}
11-28 22:05:48.783  2019  2292 V WifiManager: SoftApCallbackProxy: onStateChanged: state=11, failureReason=0
11-28 22:05:48.783  2019  2292 V WifiManager: SoftApCallbackProxy: onNumClientsChanged: numClients=0
11-28 22:05:48.888  1887  1908 V PackageManager: reconcileAppsData finished 109 packages
11-28 22:05:48.888  1887  1908 I ActivityManager: User 0 state changed from RUNNING_LOCKED to RUNNING_UNLOCKING
11-28 22:05:48.896  1887  1908 D ActivityManager: Unlocking user 0 progress 20
11-28 22:05:48.897  1887  1908 W Looper  : Drained
11-28 22:05:48.897  1887  1908 W Looper  : Slow dispatch took 15752ms android.fg h=android.os.Handler c=com.android.server.am.-$$Lambda$UserController$o6oQFjGYYIfx-I94cSakTLPLt6s@fcd3b03 m=0
11-28 22:05:48.900  1887  1908 W Looper  : Slow delivery took 3835ms android.fg h=com.android.server.StorageManagerService$Callbacks c=null m=2
11-28 22:05:48.907  1887  1902 I SystemServiceManager: Calling onUnlockUser u0
11-28 22:05:49.028  1887  1902 W SystemServiceManager: Service com.android.server.InputMethodManagerService$Lifecycle took 91 ms in onUnlockUser 
11-28 22:05:49.028  1887  1902 D StorageManagerService: onUnlockUser 0
11-28 22:05:49.029  1523  1569 D vold    : Linking /storage/emulated/0 to /mnt/user/0/primary
11-28 22:05:49.136  1700  1700 W /system/bin/tombstoned: crash socket received short read of length 0 (expected 12)
11-28 22:05:49.190  1887  1908 W Looper  : Drained
11-28 22:05:49.266  2343  2343 W .gms.persisten: JIT profile information will not be recorded: profile file does not exits.
11-28 22:05:49.267  2343  2343 W .gms.persisten: JIT profile information will not be recorded: profile file does not exits.
11-28 22:05:49.530  2160  2160 D ServiceStateProvider: subId=-2
11-28 22:05:49.605  1887  1902 W SystemServiceManager: Service com.android.server.StorageManagerService$Lifecycle took 577 ms in onUnlockUser 
11-28 22:05:49.607  1887  1975 D StorageManagerService: Volume public:253,80 broadcasting mounted to UserHandle{0}
11-28 22:05:49.611  1887  1975 D StorageManagerService: Volume emulated broadcasting mounted to UserHandle{0}
11-28 22:05:49.683  2343  2343 W .gms.persisten: Unknown chunk type '200'.
11-28 22:05:49.698  1887  2141 W ActivityManager: Scheduling restart of crashed service com.google.android.inputmethod.latin/com.android.inputmethod.latin.LatinIME in 1000ms
11-28 22:05:49.716  1840  1840 I Zygote  : Process 2010 exited due to signal (9)
11-28 22:05:49.669  1887  1905 I chatty  : uid=1000(system) ActivityManager expire 4 lines
11-28 22:05:50.036  1887  1904 W ActivityManager: Slow operation: 137ms so far, now at startProcess: asking zygote to start proc
11-28 22:05:50.308  1887  1904 W ActivityManager: Slow operation: 409ms so far, now at startProcess: returned from zygote!
11-28 22:05:50.308  1887  1904 W ActivityManager: Slow operation: 409ms so far, now at startProcess: done updating battery stats
11-28 22:05:50.309  1887  1904 W ActivityManager: Slow operation: 410ms so far, now at startProcess: building log message
11-28 22:05:50.309  1887  1904 I ActivityManager: Start proc 2390:com.android.keychain/1000 for service com.android.keychain/.KeyChainService
11-28 22:05:50.309  1887  1904 W ActivityManager: Slow operation: 410ms so far, now at startProcess: starting to update pids map
11-28 22:05:50.309  1887  1904 W ActivityManager: Slow operation: 410ms so far, now at startProcess: done updating pids map
11-28 22:05:50.315  1887  2321 I chatty  : uid=1000 system_server expire 8 lines
11-28 22:05:50.335  2390  2390 W ndroid.keychai: Unexpected CPU variant for X86 using defaults: x86
11-28 22:05:50.433  2160  2160 E PhoneInterfaceManager: [PhoneIntfMgr] getIccId: No UICC
11-28 22:05:50.747  2390  2390 E ndroid.keychai: Not starting debugger since process cannot load the jdwp agent.
11-28 22:05:51.091  2343  2343 W .gms.persisten: Verification of void com.google.android.gms.common.app.GmsApplication.<clinit>() took 344.642ms
11-28 22:05:51.151  1887  1902 W SystemServiceManager: Service com.android.server.TextServicesManagerService$Lifecycle took 1545 ms in onUnlockUser 
11-28 22:05:51.152  1887  1983 I chatty  : uid=1000(system) WifiStateMachin expire 1 line
11-28 22:05:51.179  2160  2160 D OpenGLRenderer: Skia GL Pipeline
11-28 22:05:51.230  2343  2343 W .gms.persisten: Verification of void com.google.android.gms.common.app.GmsApplication.<init>() took 138.971ms
11-28 22:05:51.549  1887  2141 I Telecom : PhoneAccountRegistrar: New phone account registered: [[ ] PhoneAccount: ComponentInfo{com.android.phone/com.android.services.telephony.TelephonyConnectionService}, ***, UserHandle{0} Capabilities: CallProvider MultiUser PlaceEmerg SimSub  Audio Routes: BESW Schemes: tel voicemail  Extras: Bundle[mParcelledData.dataSize=124] GroupId: ***]: TSI.rPA@AAc
11-28 22:05:51.714  1887  2403 V BackupManagerService: Starting with transport com.google.android.gms/.backup.BackupTransportService
11-28 22:05:51.907  2019  2019 W SystemUIService: Initialization of com.android.systemui.SystemBars took 53417 ms
11-28 22:05:51.941  2343  2343 W .gms.persisten: Verification of bcil com.google.android.gms.common.app.GmsApplication.g() took 645.441ms
11-28 22:05:52.188  2390  2390 I ndroid.keychai: The ClassLoaderContext is a special shared library.
11-28 22:05:52.248  2343  2343 W .gms.persisten: Verification of void com.google.android.gms.common.app.GmsApplication.h() took 307.183ms
11-28 22:05:52.468  2019  2019 D StorageNotification: Notifying about private volume: VolumeInfo{private}:
11-28 22:05:52.468  2019  2019 D StorageNotification:     type=PRIVATE diskId=null partGuid=null mountFlags=0 mountUserId=-1 
11-28 22:05:52.468  2019  2019 D StorageNotification:     state=MOUNTED 
11-28 22:05:52.468  2019  2019 D StorageNotification:     fsType=null fsUuid=null fsLabel=null 
11-28 22:05:52.468  2019  2019 D StorageNotification:     path=/data internalPath=null 
11-28 22:05:52.470  2019  2019 D StorageNotification: Notifying about public volume: VolumeInfo{public:253,80}:
11-28 22:05:52.470  2019  2019 D StorageNotification:     type=PUBLIC diskId=disk:253,80 partGuid= mountFlags=VISIBLE mountUserId=0 
11-28 22:05:52.470  2019  2019 D StorageNotification:     state=MOUNTED 
11-28 22:05:52.470  2019  2019 D StorageNotification:     fsType=vfat fsUuid=14E8-280D fsLabel=SDCARD 
11-28 22:05:52.470  2019  2019 D StorageNotification:     path=/storage/14E8-280D internalPath=/mnt/media_rw/14E8-280D 
11-28 22:05:53.084  2343  2343 W .gms.persisten: Verification of void com.google.android.gms.common.app.GmsApplication.attachBaseContext(android.content.Context) took 737.258ms
11-28 22:05:53.274  1887  2141 I Telecom : CallsManager: Sending phone-account ComponentInfo{com.android.phone/com.android.services.telephony.TelephonyConnectionService}, ***, UserHandle{0} registered intent as user: TSI.rPA@AAc
11-28 22:05:53.350  1887  2141 I Telecom : CallsManager: Sending phone-account registered intent to default dialer: TSI.rPA@AAc
11-28 22:05:53.352  2160  2160 I TelecomFramework: AccountEntry: Registered phoneAccount: [[ ] PhoneAccount: ComponentInfo{com.android.phone/com.android.services.telephony.TelephonyConnectionService}, ***, UserHandle{0} Capabilities: CallProvider MultiUser PlaceEmerg SimSub  Audio Routes: BESW Schemes: tel voicemail  Extras: Bundle[{android.telecom.extra.SUPPORTS_VIDEO_CALLING_FALLBACK=true}] GroupId: ***] with handle: ComponentInfo{com.android.phone/com.android.services.telephony.TelephonyConnectionService}, ***, UserHandle{0}
11-28 22:05:53.363  2160  2160 I TelecomFramework: PstnIncomingCallNotifier: Registering: Handler (com.android.internal.telephony.GsmCdmaPhone) {87395b0}
11-28 22:05:53.430  1887  1908 I chatty  : uid=1000(system) android.fg expire 1 line
11-28 22:05:53.436  2160  2160 I TelecomFramework: TelecomAccountRegistry: Unregistering phone account ComponentInfo{com.android.phone/com.android.services.telephony.TelephonyConnectionService}, ***, UserHandle{0}.
11-28 22:05:53.630  1887  1897 I Telecom : CallsManager: Sending phone-account ComponentInfo{com.android.phone/com.android.services.telephony.TelephonyConnectionService}, ***, UserHandle{0} unregistered intent as user: TSI.uPA@AAk
11-28 22:05:53.889  1887  1897 I Telecom : CallsManager: Sending phone-account unregistered intent to default dialer: TSI.uPA@AAk
11-28 22:05:54.161  1887  1902 W SystemServiceManager: Service com.android.server.voiceinteraction.VoiceInteractionManagerService took 2968 ms in onUnlockUser 
11-28 22:05:54.225  1887  1902 I ActivityManager: User 0 state changed from RUNNING_UNLOCKING to RUNNING_UNLOCKED
11-28 22:05:54.227  1887  1902 D SystemServerTiming: SystemUserUnlock took to complete: 21084ms
11-28 22:05:54.251  2416  2416 W hbox:interacto: Unexpected CPU variant for X86 using defaults: x86
11-28 22:05:54.273  1887  1904 W ActivityManager: Slow operation: 69ms so far, now at startProcess: returned from zygote!
11-28 22:05:54.281  1887  1887 W InputMethodManagerService: Failed to call changeInputMethodSubtype
11-28 22:05:54.285  1887  1887 W Looper  : Slow dispatch took 5348ms main h=android.os.Handler c=null m=5000
11-28 22:05:54.319  1887  1902 I ActivityManager: Sending BOOT_COMPLETE user #0
11-28 22:05:54.348  1887  1904 W ActivityManager: Slow operation: 188ms so far, now at startProcess: done updating battery stats
11-28 22:05:54.348  1887  1904 W ActivityManager: Slow operation: 188ms so far, now at startProcess: building log message
11-28 22:05:54.348  1887  1904 I ActivityManager: Start proc 2416:com.google.android.googlequicksearchbox:interactor/u0a41 for service com.google.android.googlequicksearchbox/com.google.android.voiceinteraction.GsaVoiceInteractionService
11-28 22:05:54.348  1887  1904 W ActivityManager: Slow operation: 188ms so far, now at startProcess: starting to update pids map
11-28 22:05:54.348  1887  1904 W ActivityManager: Slow operation: 188ms so far, now at startProcess: done updating pids map
11-28 22:05:54.350  1887  1887 W Looper  : Slow delivery took 4680ms main h=android.os.Handler c=com.android.server.locksettings.LockSettingsService$1@9be01d4 m=0
11-28 22:05:54.451  1887  1904 W ActivityManager: Slow operation: 133ms so far, now at startProcess: returned from zygote!
11-28 22:05:54.452  2416  2416 E hbox:interacto: Not starting debugger since process cannot load the jdwp agent.
11-28 22:05:54.480  1887  1887 W InputMethodManagerService: Session failed to close due to remote exception
11-28 22:05:54.480  1887  1887 W InputMethodManagerService: android.os.DeadObjectException
11-28 22:05:54.480  1887  1887 W InputMethodManagerService: 	at android.os.BinderProxy.transactNative(Native Method)
11-28 22:05:54.480  1887  1887 W InputMethodManagerService: 	at android.os.BinderProxy.transact(Binder.java:1127)
11-28 22:05:54.480  1887  1887 W InputMethodManagerService: 	at com.android.internal.view.IInputMethodSession$Stub$Proxy.finishSession(IInputMethodSession.java:309)
11-28 22:05:54.480  1887  1887 W InputMethodManagerService: 	at com.android.server.InputMethodManagerService.finishSessionLocked(InputMethodManagerService.java:2130)
11-28 22:05:54.480  1887  1887 W InputMethodManagerService: 	at com.android.server.InputMethodManagerService.clearClientSessionLocked(InputMethodManagerService.java:2121)
11-28 22:05:54.480  1887  1887 W InputMethodManagerService: 	at com.android.server.InputMethodManagerService.clearCurMethodLocked(InputMethodManagerService.java:2147)
11-28 22:05:54.480  1887  1887 W InputMethodManagerService: 	at com.android.server.InputMethodManagerService.onServiceDisconnected(InputMethodManagerService.java:2174)
11-28 22:05:54.480  1887  1887 W InputMethodManagerService: 	at android.app.LoadedApk$ServiceDispatcher.doDeath(LoadedApk.java:1749)
11-28 22:05:54.480  1887  1887 W InputMethodManagerService: 	at android.app.LoadedApk$ServiceDispatcher$RunConnection.run(LoadedApk.java:1764)
11-28 22:05:54.480  1887  1887 W InputMethodManagerService: 	at android.os.Handler.handleCallback(Handler.java:873)
11-28 22:05:54.480  1887  1887 W InputMethodManagerService: 	at android.os.Handler.dispatchMessage(Handler.java:99)
11-28 22:05:54.480  1887  1887 W InputMethodManagerService: 	at android.os.Looper.loop(Looper.java:193)
11-28 22:05:54.480  1887  1887 W InputMethodManagerService: 	at com.android.server.SystemServer.run(SystemServer.java:454)
11-28 22:05:54.480  1887  1887 W InputMethodManagerService: 	at com.android.server.SystemServer.main(SystemServer.java:294)
11-28 22:05:54.480  1887  1887 W InputMethodManagerService: 	at java.lang.reflect.Method.invoke(Native Method)
11-28 22:05:54.480  1887  1887 W InputMethodManagerService: 	at com.android.internal.os.RuntimeInit$MethodAndArgsCaller.run(RuntimeInit.java:493)
11-28 22:05:54.480  1887  1887 W InputMethodManagerService: 	at com.android.internal.os.ZygoteInit.main(ZygoteInit.java:838)
11-28 22:05:54.487  1887  1887 W Looper  : Slow dispatch took 136ms main h=android.app.ActivityThread$H c=android.app.LoadedApk$ServiceDispatcher$RunConnection@49ede58 m=0
11-28 22:05:54.489  2424  2424 W com.android.se: Unexpected CPU variant for X86 using defaults: x86
11-28 22:05:54.545  2293  2293 E crash_dump32: failed to notify tombstoned of completion
11-28 22:05:54.586  2424  2424 E com.android.se: Not starting debugger since process cannot load the jdwp agent.
11-28 22:05:54.611  1887  1904 W ActivityManager: Slow operation: 293ms so far, now at startProcess: done updating battery stats
11-28 22:05:54.611  1887  1904 W ActivityManager: Slow operation: 293ms so far, now at startProcess: building log message
