11-28 22:06:07.025  2343  2343 I .gms.persisten:   at android.os.IBinder akfu.onBind(android.content.Intent) (:com.google.android.gms@244433016@24.44.33 (100700-694629214):30)
11-28 22:06:07.025  2343  2343 I .gms.persisten:   at void android.app.ActivityThread.handleBindService(android.app.ActivityThread$BindServiceData) (ActivityThread.java:3559)
11-28 22:06:07.025  2343  2343 I .gms.persisten:   at void android.app.ActivityThread.access$1400(android.app.ActivityThread, android.app.ActivityThread$BindServiceData) (ActivityThread.java:199)
11-28 22:06:07.025  2343  2343 I .gms.persisten:   at void android.app.ActivityThread$H.handleMessage(android.os.Message) (ActivityThread.java:1671)
11-28 22:06:07.025  2343  2343 I .gms.persisten:   at void android.os.Handler.dispatchMessage(android.os.Message) (Handler.java:106)
11-28 22:06:07.026  2343  2343 I .gms.persisten:   at void android.os.Looper.loop() (Looper.java:193)
11-28 22:06:07.026  2343  2343 I .gms.persisten:   at void android.app.ActivityThread.main(java.lang.String[]) (ActivityThread.java:6669)
11-28 22:06:07.026  2343  2343 I .gms.persisten:   at java.lang.Object java.lang.reflect.Method.invoke(java.lang.Object, java.lang.Object[]) (Method.java:-2)
11-28 22:06:07.026  2343  2343 I .gms.persisten:   at void com.android.internal.os.RuntimeInit$MethodAndArgsCaller.run() (RuntimeInit.java:493)
11-28 22:06:07.026  2343  2343 I .gms.persisten:   at void com.android.internal.os.ZygoteInit.main(java.lang.String[]) (ZygoteInit.java:858)
11-28 22:06:07.026  2343  2343 I .gms.persisten: Caused by: java.lang.ClassNotFoundException: Didn't find class "android.location.provider.GeocodeProviderBase" on path: DexPathList[[zip file "/system/framework/org.apache.http.legacy.boot.jar", zip file "/system/framework/com.android.media.remotedisplay.jar", zip file "/system/framework/com.android.location.provider.jar", zip file "/data/app/com.google.android.gms-Vuli7auhRqto-O8vzKBsvg==/base.apk", zip file "/data/app/com.google.android.gms-Vuli7auhRqto-O8vzKBsvg==/split_config.en.apk", zip file "/data/app/com.google.android.gms-Vuli7auhRqto-O8vzKBsvg==/split_config.xxhdpi.apk"],nativeLibraryDirectories=[/data/app/com.google.android.gms-Vuli7auhRqto-O8vzKBsvg==/lib/x86, /data/app/com.google.android.gms-Vuli7auhRqto-O8vzKBsvg==/base.apk!/lib/x86, /data/app/com.google.android.gms-Vuli7auhRqto-O8vzKBsvg==/split_config.en.apk!/lib/x86, /data/app/com.google.android.gms-Vuli7auhRqto-O8vzKBsvg==/split_config.xxhdpi.apk!/lib/x86, /system/lib]]
11-28 22:06:07.026  2343  2343 I .gms.persisten:   at java.lang.Class dalvik.system.BaseDexClassLoader.findClass(java.lang.String) (BaseDexClassLoader.java:134)
11-28 22:06:07.026  2343  2343 I .gms.persisten:   at java.lang.Class java.lang.ClassLoader.loadClass(java.lang.String, boolean) (ClassLoader.java:379)
11-28 22:06:07.026  2343  2343 I .gms.persisten:   at java.lang.Class java.lang.ClassLoader.loadClass(java.lang.String) (ClassLoader.java:312)
11-28 22:06:07.026  2343  2343 I .gms.persisten:   at buby bubu.a(android.content.Context) (:com.google.android.gms@244433016@24.44.33 (100700-694629214):1)
11-28 22:06:07.026  2343  2343 I .gms.persisten:   at android.os.IBinder com.google.android.gms.location.geocode.GeocodeChimeraService.onBind(android.content.Intent) (:com.google.android.gms@244433016@24.44.33 (100700-694629214):5)
11-28 22:06:07.026  2343  2343 I .gms.persisten:   at android.os.IBinder akfu.onBind(android.content.Intent) (:com.google.android.gms@244433016@24.44.33 (100700-694629214):30)
11-28 22:06:07.026  2343  2343 I .gms.persisten:   at void android.app.ActivityThread.handleBindService(android.app.ActivityThread$BindServiceData) (ActivityThread.java:3559)
11-28 22:06:07.026  2343  2343 I .gms.persisten:   at void android.app.ActivityThread.access$1400(android.app.ActivityThread, android.app.ActivityThread$BindServiceData) (ActivityThread.java:199)
11-28 22:06:07.026  2343  2343 I .gms.persisten:   at void android.app.ActivityThread$H.handleMessage(android.os.Message) (ActivityThread.java:1671)
11-28 22:06:07.026  2343  2343 I .gms.persisten:   at void android.os.Handler.dispatchMessage(android.os.Message) (Handler.java:106)
11-28 22:06:07.026  2343  2343 I .gms.persisten:   at void android.os.Looper.loop() (Looper.java:193)
11-28 22:06:07.026  2343  2343 I .gms.persisten:   at void android.app.ActivityThread.main(java.lang.String[]) (ActivityThread.java:6669)
11-28 22:06:07.026  2343  2343 I .gms.persisten:   at java.lang.Object java.lang.reflect.Method.invoke(java.lang.Object, java.lang.Object[]) (Method.java:-2)
11-28 22:06:07.026  2343  2343 I .gms.persisten:   at void com.android.internal.os.RuntimeInit$MethodAndArgsCaller.run() (RuntimeInit.java:493)
11-28 22:06:07.026  2343  2343 I .gms.persisten:   at void com.android.internal.os.ZygoteInit.main(java.lang.String[]) (ZygoteInit.java:858)
11-28 22:06:07.026  2343  2343 I .gms.persisten: 
11-28 22:06:07.026  2343  2343 I .gms.persisten: Rejecting re-init on previously-failed class java.lang.Class<buci>: java.lang.NoClassDefFoundError: Failed resolution of: Landroid/location/provider/GeocodeProviderBase;
11-28 22:06:07.026  2343  2343 I .gms.persisten:   at buby bubu.a(android.content.Context) (:com.google.android.gms@244433016@24.44.33 (100700-694629214):1)
11-28 22:06:07.026  2343  2343 I .gms.persisten:   at android.os.IBinder com.google.android.gms.location.geocode.GeocodeChimeraService.onBind(android.content.Intent) (:com.google.android.gms@244433016@24.44.33 (100700-694629214):5)
11-28 22:06:07.026  2343  2343 I .gms.persisten:   at android.os.IBinder akfu.onBind(android.content.Intent) (:com.google.android.gms@244433016@24.44.33 (100700-694629214):30)
11-28 22:06:07.026  2343  2343 I .gms.persisten:   at void android.app.ActivityThread.handleBindService(android.app.ActivityThread$BindServiceData) (ActivityThread.java:3559)
11-28 22:06:07.026  2343  2343 I .gms.persisten:   at void android.app.ActivityThread.access$1400(android.app.ActivityThread, android.app.ActivityThread$BindServiceData) (ActivityThread.java:199)
11-28 22:06:07.026  2343  2343 I .gms.persisten:   at void android.app.ActivityThread$H.handleMessage(android.os.Message) (ActivityThread.java:1671)
11-28 22:06:07.026  2343  2343 I .gms.persisten:   at void android.os.Handler.dispatchMessage(android.os.Message) (Handler.java:106)
11-28 22:06:07.026  2343  2343 I .gms.persisten:   at void android.os.Looper.loop() (Looper.java:193)
11-28 22:06:07.026  2343  2343 I .gms.persisten:   at void android.app.ActivityThread.main(java.lang.String[]) (ActivityThread.java:6669)
11-28 22:06:07.026  2343  2343 I .gms.persisten:   at java.lang.Object java.lang.reflect.Method.invoke(java.lang.Object, java.lang.Object[]) (Method.java:-2)
11-28 22:06:07.026  2343  2343 I .gms.persisten:   at void com.android.internal.os.RuntimeInit$MethodAndArgsCaller.run() (RuntimeInit.java:493)
11-28 22:06:07.026  2343  2343 I .gms.persisten:   at void com.android.internal.os.ZygoteInit.main(java.lang.String[]) (ZygoteInit.java:858)
11-28 22:06:07.026  2343  2343 I .gms.persisten: Caused by: java.lang.ClassNotFoundException: Didn't find class "android.location.provider.GeocodeProviderBase" on path: DexPathList[[zip file "/system/framework/org.apache.http.legacy.boot.jar", zip file "/system/framework/com.android.media.remotedisplay.jar", zip file "/system/framework/com.android.location.provider.jar", zip file "/data/app/com.google.android.gms-Vuli7auhRqto-O8vzKBsvg==/base.apk", zip file "/data/app/com.google.android.gms-Vuli7auhRqto-O8vzKBsvg==/split_config.en.apk", zip file "/data/app/com.google.android.gms-Vuli7auhRqto-O8vzKBsvg==/split_config.xxhdpi.apk"],nativeLibraryDirectories=[/data/app/com.google.android.gms-Vuli7auhRqto-O8vzKBsvg==/lib/x86, /data/app/com.google.android.gms-Vuli7auhRqto-O8vzKBsvg==/base.apk!/lib/x86, /data/app/com.google.android.gms-Vuli7auhRqto-O8vzKBsvg==/split_config.en.apk!/lib/x86, /data/app/com.google.android.gms-Vuli7auhRqto-O8vzKBsvg==/split_config.xxhdpi.apk!/lib/x86, /system/lib]]
11-28 22:06:07.026  2343  2343 I .gms.persisten:   at java.lang.Class dalvik.system.BaseDexClassLoader.findClass(java.lang.String) (BaseDexClassLoader.java:134)
11-28 22:06:07.026  2343  2343 I .gms.persisten:   at java.lang.Class java.lang.ClassLoader.loadClass(java.lang.String, boolean) (ClassLoader.java:379)
11-28 22:06:07.026  2343  2343 I .gms.persisten:   at java.lang.Class java.lang.ClassLoader.loadClass(java.lang.String) (ClassLoader.java:312)
11-28 22:06:07.026  2343  2343 I .gms.persisten:   at buby bubu.a(android.content.Context) (:com.google.android.gms@244433016@24.44.33 (100700-694629214):1)
11-28 22:06:07.026  2343  2343 I .gms.persisten:   at android.os.IBinder com.google.android.gms.location.geocode.GeocodeChimeraService.onBind(android.content.Intent) (:com.google.android.gms@244433016@24.44.33 (100700-694629214):5)
11-28 22:06:07.026  2343  2343 I .gms.persisten:   at android.os.IBinder akfu.onBind(android.content.Intent) (:com.google.android.gms@244433016@24.44.33 (100700-694629214):30)
11-28 22:06:07.026  2343  2343 I .gms.persisten:   at void android.app.ActivityThread.handleBindService(android.app.ActivityThread$BindServiceData) (ActivityThread.java:3559)
11-28 22:06:07.026  2343  2343 I .gms.persisten:   at void android.app.ActivityThread.access$1400(android.app.ActivityThread, android.app.ActivityThread$BindServiceData) (ActivityThread.java:199)
11-28 22:06:07.026  2343  2343 I .gms.persisten:   at void android.app.ActivityThread$H.handleMessage(android.os.Message) (ActivityThread.java:1671)
11-28 22:06:07.026  2343  2343 I .gms.persisten:   at void android.os.Handler.dispatchMessage(android.os.Message) (Handler.java:106)
11-28 22:06:07.026  2343  2343 I .gms.persisten:   at void android.os.Looper.loop() (Looper.java:193)
11-28 22:06:07.026  2343  2343 I .gms.persisten:   at void android.app.ActivityThread.main(java.lang.String[]) (ActivityThread.java:6669)
11-28 22:06:07.026  2343  2343 I .gms.persisten:   at java.lang.Object java.lang.reflect.Method.invoke(java.lang.Object, java.lang.Object[]) (Method.java:-2)
11-28 22:06:07.026  2343  2343 I .gms.persisten:   at void com.android.internal.os.RuntimeInit$MethodAndArgsCaller.run() (RuntimeInit.java:493)
11-28 22:06:07.026  2343  2343 I .gms.persisten:   at void com.android.internal.os.ZygoteInit.main(java.lang.String[]) (ZygoteInit.java:858)
11-28 22:06:07.026  2343  2343 I .gms.persisten: 
11-28 22:06:07.036  2636  2745 I drha$a  : (REDACTED) Unable to retrieve flag snapshot for %s, using defaults.
11-28 22:06:07.038  2460  2460 I FirebaseApp: Device unlocked: initializing all Firebase APIs for app [DEFAULT]
11-28 22:06:07.063  2416  2681 I eavx    : (REDACTED) [%s] On new data value: %s.
11-28 22:06:07.066  2460  2460 I UFCGuarder: UFCGuarder.onCreate():58 onCreate
11-28 22:06:07.068  2460  2460 W NotificationCenter: NotificationCenter$NotificationQueue.notifyOnExecutor():883 Heavy notify work detected on UI thread: [ils->kxd, ils->kxd, ils->kxd, jxd->kxd, mdh->kxd] takes 26ms
11-28 22:06:07.068  2460  2460 W NotificationCenter: NotificationCenter$NotificationQueue.notifyOnExecutor():883 Heavy notify work detected on UI thread: [ils->kxd] takes 26ms
11-28 22:06:07.069  2460  2683 I FileRestoreModule: FileRestoreModule.maybePerformRestore():42 There is no restore app version, skip restore
11-28 22:06:07.071  2460  2683 I UserFeatureCache: UserFeatureCache.onCreate():315 onCreate()
11-28 22:06:07.071  2460  2683 I NativeLibHelper: NativeLibHelper.loadLibrary():162 Loaded native library:integrated_shared_object (result=true)
11-28 22:06:07.082  2416  2681 I eeed    : (REDACTED) %s flow started.
11-28 22:06:07.085  2416  2681 I eeed    : Preferred client mapping subscription started.
11-28 22:06:07.086  2416  2681 I eedw    : (REDACTED) %s flow started.
11-28 22:06:07.086  2416  2681 I eedw    : (REDACTED) Client connections changed: %s.
11-28 22:06:07.087  2416  2681 I eefj    : (REDACTED) Enabled invocation sources: %s.
11-28 22:06:07.089  2416  2681 I eedw    : (REDACTED) Invocations routing has changed
11-28 22:06:07.089  2416  2681 I eedw    : %s
11-28 22:06:07.098  2460  2709 I SpeechPackManager: SpeechPackManager.init():181 init()
11-28 22:06:07.223  2343  2343 I ChimeraSrvcProxy: com.google.android.location.internal.server.HardwareArProviderService returning NullBinder for action com.android.location.service.ActivityRecognitionProvider
11-28 22:06:07.270  1887  1887 W Looper  : Slow dispatch took 225ms main h=com.android.server.notification.NotificationManagerService$WorkerHandler c=null m=3
11-28 22:06:07.280  2343  2343 D BoundBrokerSvc: onBind: Intent { act=com.google.android.gms.scheduler.ACTION_PROXY_SCHEDULE dat=chimera-action: cmp=com.google.android.gms/.chimera.PersistentDirectBootAwareApiService }
11-28 22:06:07.280  2343  2343 D BoundBrokerSvc: Loading bound service for intent: Intent { act=com.google.android.gms.scheduler.ACTION_PROXY_SCHEDULE dat=chimera-action: cmp=com.google.android.gms/.chimera.PersistentDirectBootAwareApiService }
11-28 22:06:07.303  2636  2636 D NetworkSecurityConfig: Using Network Security Config from resource network_security_config debugBuild: false
11-28 22:06:07.305  2160  2276 D MccTable: updateMccMncConfiguration mccmnc='310260' fromServiceState=false
11-28 22:06:07.306  2160  2276 D MccTable: updateMccMncConfiguration defaultMccMnc=310260
11-28 22:06:07.306  2160  2276 D MccTable: updateMccMncConfiguration: mcc=310, mnc=260
11-28 22:06:07.306  2160  2276 D MccTable: updateMccMncConfiguration updateConfig config={0.0 310mcc260mnc ?localeList ?layoutDir ?swdp ?wdp ?hdp ?density ?lsize ?long ?ldr ?wideColorGamut ?orien ?uimode ?night ?touch ?keyb/?/? ?nav/? winConfig={ mBounds=Rect(0, 0 - 0, 0) mAppBounds=null mWindowingMode=undefined mActivityType=undefined}}
11-28 22:06:07.318  2343  2343 D BoundBrokerSvc: onBind: Intent { act=com.google.android.gms.gmscompliance.service.START dat=chimera-action: cmp=com.google.android.gms/.chimera.PersistentBoundBrokerService }
11-28 22:06:07.318  2343  2343 D BoundBrokerSvc: Loading bound service for intent: Intent { act=com.google.android.gms.gmscompliance.service.START dat=chimera-action: cmp=com.google.android.gms/.chimera.PersistentBoundBrokerService }
11-28 22:06:07.327  2160  2160 I VvmSimStateTracker: android.intent.action.SIM_STATE_CHANGED
11-28 22:06:07.351  2343  2343 D BoundBrokerSvc: onBind: Intent { act=com.google.android.gms.clearcut.bootcount.service.START dat=chimera-action: cmp=com.google.android.gms/.chimera.PersistentBoundBrokerService }
11-28 22:06:07.351  2343  2343 D BoundBrokerSvc: Loading bound service for intent: Intent { act=com.google.android.gms.clearcut.bootcount.service.START dat=chimera-action: cmp=com.google.android.gms/.chimera.PersistentBoundBrokerService }
11-28 22:06:07.380  2343  2343 D BoundBrokerSvc: onBind: Intent { act=com.google.android.gms.clearcut.service.START dat=chimera-action: cmp=com.google.android.gms/.chimera.PersistentDirectBootAwareApiService }
11-28 22:06:07.380  2343  2343 D BoundBrokerSvc: Loading bound service for intent: Intent { act=com.google.android.gms.clearcut.service.START dat=chimera-action: cmp=com.google.android.gms/.chimera.PersistentDirectBootAwareApiService }
11-28 22:06:07.396  2478  2532 W s.nexuslaunche: Unknown chunk type '200'.
11-28 22:06:07.416  2416  2646 I eavx    : (REDACTED) [%s] On new data value: %s.
11-28 22:06:07.465  2636  2636 I ProviderInstaller: Installed default security provider GmsCore_OpenSSL
11-28 22:06:07.478  2343  2343 D WearableService: Creating wearable service asynchronously.
11-28 22:06:07.480  2716  2716 W e.process.gapp: Verification of org.apache.http.params.HttpParams com.google.android.common.http.GoogleHttpClient.getParams() took 227.406ms
11-28 22:06:07.485  2716  2716 I GoogleHttpClient: GMS http client unavailable, use old client
11-28 22:06:07.504  2636  2636 I gle.android.gm: Note: end time exceeds INT32_MAX: 2147483647
11-28 22:06:07.508  2577  2604 I earchbox:searc: Waiting for a blocking GC ProfileSaver
11-28 22:06:07.526  2460  2709 I SpeechPackManager: SpeechPackManager.registerManifest():513 registerManifest() : https://dl.google.com/android/voice/gboard/terse/superpacks-manifest-20210519.json
11-28 22:06:07.527  2460  2460 I IntentSafeguardApplication: IntentSafeguardApplication.getWorkManagerConfiguration():33 Customized configuration for WorkManager
11-28 22:06:07.550  2636  2762 I Watchcat: Started
11-28 22:06:07.552  2636  2762 I GMS_MM_Logger: (REDACTED) Start time: %s
11-28 22:06:07.608  1887  1901 I chatty  : uid=1000(system) android.bg expire 116 lines
11-28 22:06:07.631  2160  2160 I TelecomFramework: PstnIncomingCallNotifier: Unregistering: Handler (com.android.internal.telephony.GsmCdmaPhone) {87395b0}
11-28 22:06:07.638  1887  2690 I Telecom : PhoneAccountRegistrar: New phone account registered: [[ ] PhoneAccount: ComponentInfo{com.android.phone/com.android.services.telephony.TelephonyConnectionService}, ***, UserHandle{0} Capabilities: CallProvider MultiUser PlaceEmerg SimSub  Audio Routes: BESW Schemes: tel voicemail  Extras: Bundle[mParcelledData.dataSize=124] GroupId: ***]: TSI.rPA@ABM
11-28 22:06:07.641  1887  2690 I Telecom : CallsManager: Sending phone-account ComponentInfo{com.android.phone/com.android.services.telephony.TelephonyConnectionService}, ***, UserHandle{0} registered intent as user: TSI.rPA@ABM
11-28 22:06:07.643  1887  2690 I Telecom : CallsManager: Sending phone-account registered intent to default dialer: TSI.rPA@ABM
11-28 22:06:07.643  2160  2160 I TelecomFramework: AccountEntry: Registered phoneAccount: [[ ] PhoneAccount: ComponentInfo{com.android.phone/com.android.services.telephony.TelephonyConnectionService}, ***, UserHandle{0} Capabilities: CallProvider MultiUser PlaceEmerg SimSub  Audio Routes: BESW Schemes: tel voicemail  Extras: Bundle[{android.telecom.extra.SUPPORTS_VIDEO_CALLING_FALLBACK=true}] GroupId: ***] with handle: ComponentInfo{com.android.phone/com.android.services.telephony.TelephonyConnectionService}, ***, UserHandle{0}
11-28 22:06:07.643  2160  2160 I TelecomFramework: PstnIncomingCallNotifier: Registering: Handler (com.android.internal.telephony.GsmCdmaPhone) {87395b0}
11-28 22:06:07.644  2160  2160 I TelecomFramework: TelecomAccountRegistry: Unregistering phone account ComponentInfo{com.android.phone/com.android.services.telephony.TelephonyConnectionService}, ***, UserHandle{0}.
11-28 22:06:07.655  1887  2697 I chatty  : uid=1000(system) Binder:1887_15 expire 1 line
11-28 22:06:07.662  1845  1845 W wificond: Scan is not started. Ignore abort request
11-28 22:06:07.669  1887  2000 I chatty  : uid=1000(system) HwBinder:1887_2 expire 1 line
11-28 22:06:07.670  1887  2690 I Telecom : CallsManager: Sending phone-account ComponentInfo{com.android.phone/com.android.services.telephony.TelephonyConnectionService}, ***, UserHandle{0} unregistered intent as user: TSI.uPA@ABU
11-28 22:06:07.681  1887  2690 I Telecom : CallsManager: Sending phone-account unregistered intent to default dialer: TSI.uPA@ABU
11-28 22:06:07.682  2160  2160 I ImsExternalCallTracker: handleVideoCapabilitiesChanged : isVideoCapable = false
11-28 22:06:07.682  2160  2160 D ImsExternalCallTracker: refreshCallPullState
11-28 22:06:07.683  2160  2160 I TelecomFramework: PstnPhoneCapabilitiesNotifier: handleVideoCapabilitesChanged. Video capability - false
11-28 22:06:07.692  1887  2697 I Telecom : PhoneAccountRegistrar: Modify account: [ComponentInfo{com.android.phone/com.android.services.telephony.TelephonyConnectionService}, ***, UserHandle{0}]: TSI.rPA@ABc
11-28 22:06:07.739  2033  2033 I wpa_supplicant: wlan0: SME: Trying to authenticate with 02:15:b2:00:01:00 (SSID='AndroidWifi' freq=2447 MHz)
11-28 22:06:07.743  1832  1832 I hostapd : wlan1: STA 02:15:b2:00:00:00 IEEE 802.11: authenticated
11-28 22:06:07.743  1832  1832 I hostapd : wlan1: STA 02:15:b2:00:00:00 IEEE 802.11: authenticated
11-28 22:06:07.744  2033  2033 I wpa_supplicant: wlan0: Trying to associate with 02:15:b2:00:01:00 (SSID='AndroidWifi' freq=2447 MHz)
11-28 22:06:07.751  1832  1832 I hostapd : wlan1: STA 02:15:b2:00:00:00 IEEE 802.11: associated (aid 1)
11-28 22:06:07.751  1832  1832 I hostapd : wlan1: STA 02:15:b2:00:00:00 IEEE 802.11: associated (aid 1)
11-28 22:06:07.751  1832  1832 I hostapd : wlan1: AP-STA-CONNECTED 02:15:b2:00:00:00
11-28 22:06:07.760  1887  1908 W Looper  : Drained
11-28 22:06:07.762  2033  2033 I wpa_supplicant: wlan0: Associated with 02:15:b2:00:01:00
11-28 22:06:07.762  2033  2033 I wpa_supplicant: wlan0: CTRL-EVENT-CONNECTED - Connection to 02:15:b2:00:01:00 completed [id=0 id_str=%7B%22configKey%22%3A%22%5C%22AndroidWifi%5C%22NONE%22%2C%22creatorUid%22%3A%221000%22%7D]
11-28 22:06:07.763  2033  2033 I wpa_supplicant: wlan0: CTRL-EVENT-SUBNET-STATUS-UPDATE status=0
11-28 22:06:07.779  1887  1983 D ConnectivityService: registerNetworkAgent NetworkAgentInfo{ ni{[type: WIFI[], state: CONNECTING/CONNECTING, reason: (unspecified), extra: (none), failover: false, available: true, roaming: false]}  network{100}  nethandle{432902426637}  lp{{LinkAddresses: []  Routes: [] DnsAddresses: [] UsePrivateDns: false PrivateDnsServerName: null Domains: null MTU: 0}}  nc{[ Transports: WIFI Capabilities: NOT_METERED&INTERNET&NOT_RESTRICTED&TRUSTED&NOT_VPN&NOT_ROAMING&FOREGROUND&NOT_CONGESTED&NOT_SUSPENDED Unwanted:  LinkUpBandwidth>=1048576Kbps LinkDnBandwidth>=1048576Kbps SSID: "AndroidWifi"]}  Score{20}  everValidated{false}  lastValidated{false}  created{false} lingering{false} explicitlySelected{false} acceptUnvalidated{false} everCaptivePortalDetected{false} lastCaptivePortalDetected{false} clat{null} }
11-28 22:06:07.779  1887  1986 D ConnectivityService: NetworkAgentInfo [WIFI () - 100] EVENT_NETWORK_INFO_CHANGED, going from null to CONNECTING
11-28 22:06:07.808  2160  2160 D TelephonyProvider: subIdString = 1 subId = 1
11-28 22:06:07.821  1887  1986 D ConnectivityService: NetworkAgentInfo [WIFI () - 100] EVENT_NETWORK_INFO_CHANGED, going from CONNECTING to CONNECTING
11-28 22:06:07.869  2636  2762 I GMS_MM_Logger: Started.
11-28 22:06:07.886  1887  2159 I chatty  : uid=1000(system) IpClient.wlan0 expire 7 lines
11-28 22:06:07.893  1887  2781 I chatty  : uid=1000(system) Thread-13 expire 3 lines
11-28 22:06:07.895  1844  1868 D CommandListener: Setting iface cfg
11-28 22:06:07.906  1887  1986 D ConnectivityService: NetworkAgentInfo [WIFI () - 100] EVENT_NETWORK_INFO_CHANGED, going from CONNECTING to CONNECTED
11-28 22:06:07.906  1844  1868 D TcpSocketMonitor: resuming tcpinfo polling (interval=30000ms)
11-28 22:06:07.907  1887  1986 W DnsManager: updatePrivateDns(100, PrivateDnsConfig{true:/[]})
11-28 22:06:07.907  1887  1986 D ConnectivityService: Setting DNS servers for network 100 to [/10.0.2.3]
11-28 22:06:07.907  1887  1986 D DnsManager: setDnsConfigurationForNetwork(100, [10.0.2.3], [], [1800, 25, 8, 64], , [10.0.2.3])
11-28 22:06:07.909  1887  1986 D ConnectivityService: Adding iface wlan0 to network 100
11-28 22:06:07.913  1887  1986 D ConnectivityService: Setting DNS servers for network 100 to [/10.0.2.3]
11-28 22:06:07.914  1887  1986 D DnsManager: setDnsConfigurationForNetwork(100, [10.0.2.3], [], [1800, 25, 8, 64], , [10.0.2.3])
11-28 22:06:07.915  1887  1986 I chatty  : uid=1000(system) ConnectivitySer expire 8 lines
11-28 22:06:07.989  1887  1906 E BatteryExternalStatsWorker: no controller energy info supplied for wifi
11-28 22:06:07.990  2478  2532 W s.nexuslaunche: Unknown chunk type '200'.
11-28 22:06:07.990  2478  2532 W s.nexuslaunche: Unknown chunk type '200'.
11-28 22:06:07.997  2343  2343 D BoundBrokerSvc: onBind: Intent { act=com.google.android.gms.usagereporting.service.START dat=chimera-action: cmp=com.google.android.gms/.chimera.PersistentDirectBootAwareApiService }
11-28 22:06:08.009  1844  2782 W DnsTlsSocket: SSL_connect error 5, errno=111
11-28 22:06:08.018  2478  2532 W s.nexuslaunche: Unknown chunk type '200'.
11-28 22:06:08.018  2343  2343 D BoundBrokerSvc: Loading bound service for intent: Intent { act=com.google.android.gms.usagereporting.service.START dat=chimera-action: cmp=com.google.android.gms/.chimera.PersistentDirectBootAwareApiService }
11-28 22:06:08.038  1887  1986 D ConnectivityService: Switching to new default network: NetworkAgentInfo{ ni{[type: WIFI[], state: CONNECTED/CONNECTED, reason: (unspecified), extra: (none), failover: false, available: true, roaming: false]}  network{100}  nethandle{432902426637}  lp{{InterfaceName: wlan0 LinkAddresses: [fe80::15:b2ff:fe00:0/64,192.168.232.2/21,]  Routes: [fe80::/64 -> :: wlan0,192.168.232.0/21 -> 0.0.0.0 wlan0,0.0.0.0/0 -> 192.168.232.1 wlan0,] DnsAddresses: [10.0.2.3,] UsePrivateDns: false PrivateDnsServerName: null Domains: null MTU: 0 TcpBufferSizes: 524288,1048576,2097152,262144,524288,1048576}}  nc{[ Transports: WIFI Capabilities: NOT_METERED&INTERNET&NOT_RESTRICTED&TRUSTED&NOT_VPN&NOT_ROAMING&FOREGROUND&NOT_CONGESTED&NOT_SUSPENDED Unwanted:  LinkUpBandwidth>=1048576Kbps LinkDnBandwidth>=1048576Kbps SignalStrength: -50 SSID: "AndroidWifi"]}  Score{20}  everValidated{false}  lastValidated{false}  created{true} lingering{false} explicitlySelected{false} acceptUnvalidated{false} everCaptivePortalDetected{false} lastCaptivePortalDetected{false} clat{null} }
11-28 22:06:08.047  2478  2532 W s.nexuslaunche: Unknown chunk type '200'.
11-28 22:06:08.057  1887  1906 E BatteryExternalStatsWorker: no controller energy info supplied for wifi
11-28 22:06:08.115  1887  1903 W Looper  : Slow dispatch took 36993ms android.ui h=android.view.Choreographer$FrameHandler c=android.view.Choreographer$FrameDisplayEventReceiver@9b573f5 m=0
11-28 22:06:08.123  1887  1903 I chatty  : uid=1000(system) android.ui expire 1 line
11-28 22:06:08.129  1887  2784 I chatty  : uid=1000 system_server expire 2 lines
11-28 22:06:08.143  1887  2074 I chatty  : uid=1000(system) NetworkTimeUpda expire 2 lines
11-28 22:06:08.143  1887  1986 D ConnectivityService: Sending CONNECTED broadcast for type 1 NetworkAgentInfo [WIFI () - 100] isDefaultNetwork=true
11-28 22:06:08.325  1887  1903 W Looper  : Slow dispatch took 202ms android.ui h=android.view.Choreographer$FrameHandler c=android.view.Choreographer$FrameDisplayEventReceiver@9b573f5 m=0
11-28 22:06:08.475  2416  2681 D StrictMode: StrictMode policy violation: android.os.strictmode.DiskReadViolation
11-28 22:06:08.475  2416  2681 D StrictMode: 	at android.os.StrictMode$AndroidBlockGuardPolicy.onReadFromDisk(StrictMode.java:1504)
11-28 22:06:08.475  2416  2681 D StrictMode: 	at java.io.UnixFileSystem.getBooleanAttributes(UnixFileSystem.java:241)
11-28 22:06:08.475  2416  2681 D StrictMode: 	at java.io.File.isDirectory(File.java:845)
11-28 22:06:08.475  2416  2681 D StrictMode: 	at dalvik.system.DexPathList$Element.toString(DexPathList.java:681)
11-28 22:06:08.475  2416  2681 D StrictMode: 	at java.lang.String.valueOf(String.java:2896)
11-28 22:06:08.475  2416  2681 D StrictMode: 	at java.util.Arrays.toString(Arrays.java:4511)
11-28 22:06:08.475  2416  2681 D StrictMode: 	at dalvik.system.DexPathList.toString(DexPathList.java:201)
11-28 22:06:08.475  2416  2681 D StrictMode: 	at java.lang.String.valueOf(String.java:2896)
11-28 22:06:08.475  2416  2681 D StrictMode: 	at java.lang.StringBuilder.append(StringBuilder.java:132)
11-28 22:06:08.475  2416  2681 D StrictMode: 	at dalvik.system.BaseDexClassLoader.findClass(BaseDexClassLoader.java:134)
11-28 22:06:08.475  2416  2681 D StrictMode: 	at java.lang.ClassLoader.loadClass(ClassLoader.java:379)
11-28 22:06:08.475  2416  2681 D StrictMode: 	at java.lang.ClassLoader.loadClass(ClassLoader.java:312)
11-28 22:06:08.475  2416  2681 D StrictMode: 	at java.lang.Class.classForName(Native Method)
11-28 22:06:08.475  2416  2681 D StrictMode: 	at java.lang.Class.forName(Class.java:453)
11-28 22:06:08.475  2416  2681 D StrictMode: 	at java.lang.Class.forName(Class.java:378)
11-28 22:06:08.475  2416  2681 D StrictMode: 	at fyrd.<clinit>(PG:3)
11-28 22:06:08.475  2416  2681 D StrictMode: 	at edqx.<clinit>(PG:14)
11-28 22:06:08.475  2416  2681 D StrictMode: 	at edsa.b(PG:119)
11-28 22:06:08.475  2416  2681 D StrictMode: 	at edsa.a(PG:13)
11-28 22:06:08.475  2416  2681 D StrictMode: 	at fzcy.a(PG:96)
11-28 22:06:08.475  2416  2681 D StrictMode: 	at fzeb.a(PG:222)
11-28 22:06:08.475  2416  2681 D StrictMode: 	at fzdx.A(PG:132)
11-28 22:06:08.475  2416  2681 D StrictMode: 	at fzbx.b(PG:12)
11-28 22:06:08.475  2416  2681 D StrictMode: 	at fynz.u(PG:12)
11-28 22:06:08.475  2416  2681 D StrictMode: 	at fyxb.run(PG:110)
11-28 22:06:08.475  2416  2681 D StrictMode: 	at exyd.run(PG:3)
11-28 22:06:08.475  2416  2681 D StrictMode: 	at ezgg.run(PG:13)
11-28 22:06:08.475  2416  2681 D StrictMode: 	at diru.run(PG:3)
11-28 22:06:08.475  2416  2681 D StrictMode: 	at fhra.run(PG:50)
11-28 22:06:08.475  2416  2681 D StrictMode: 	at dirm.run(PG:14)
11-28 22:06:08.475  2416  2681 D StrictMode: 	at java.lang.Thread.run(Thread.java:764)
11-28 22:06:08.475  2416  2681 D StrictMode: 	at disz.run(PG:74)
11-28 22:06:08.506  2416  2681 I edse    : (REDACTED) Lifecycle instances have been resolved: %s.
11-28 22:06:08.518  2416  2681 I edse    : (REDACTED) Running '%s' over %s.
11-28 22:06:08.542  2460  2460 W putmethod.lati: Verification of java.lang.Object bpv.a(java.lang.Object) took 148.051ms
11-28 22:06:08.590  2343  2614 I Wear_Controller: Wearable module requires a companion app to be installed.
11-28 22:06:08.590  2343  2614 I WearableService: onCreate: Wearable Services not starting. Wear is not available on this device.
11-28 22:06:08.640  2636  2636 D BoundBrokerSvc: onBind: Intent { act=com.google.android.mobstore.service.START pkg=com.google.android.gms }
11-28 22:06:08.640  2636  2636 D BoundBrokerSvc: Loading bound service for intent: Intent { act=com.google.android.mobstore.service.START pkg=com.google.android.gms }
11-28 22:06:08.650  2636  2804 W gle.android.gm: Accessing hidden method Landroid/os/WorkSource;->isEmpty()Z (dark greylist, reflection)
11-28 22:06:08.673  1887  2779 I chatty  : uid=1000(system) HwBinder:1887_4 expire 2 lines
11-28 22:06:08.754  2343  2477 I ChimeraSrvcProxy: NullBinder for android.net.action.RECOMMEND_NETWORKS triggering remote TransactionTooLargeException due to Service without Chimera impl
11-28 22:06:08.762  2343  2797 I ChimeraSrvcProxy: NullBinder for android.net.action.RECOMMEND_NETWORKS triggering remote TransactionTooLargeException due to Service without Chimera impl
11-28 22:06:08.773  1887  1887 I TransportClient: D2dTransportService#1: Notifying [TransportManager.registerTransport()] transport = IBackupTransport
11-28 22:06:08.780  1844  1868 E Netd    : Error adding route ::/0 -> fe80::15:b2ff:fe00:100 wlan0 to table 1003: File exists
11-28 22:06:08.790  1887  2403 I chatty  : uid=1000(system) backup expire 2 lines
11-28 22:06:08.792  1887  2403 D BackupTransportManager: Transport com.google.android.gms/.backup.component.D2dTransportService registered
11-28 22:06:08.792  1887  2403 D BackupManagerService: Transport com.google.android.gms/.backup.migrate.service.D2dTransport registered 8078ms after first request (delay = 3000ms)
11-28 22:06:08.803  2636  2636 D BoundBrokerSvc: onBind: Intent { act=com.google.android.gms.audit.service.START pkg=com.google.android.gms }
11-28 22:06:08.803  2636  2636 D BoundBrokerSvc: Loading bound service for intent: Intent { act=com.google.android.gms.audit.service.START pkg=com.google.android.gms }
11-28 22:06:08.816  2636  2808 I SystemUpdate: [Installation,ReceiverIntentOperation] Received intent: Intent { act=android.intent.action.TIME_SET flg=0x25200010 pkg=com.google.android.gms cmp=com.google.android.gms/.chimera.GmsIntentOperationService$PersistentTrustedReceiver }.
11-28 22:06:08.850  2343  2757 I NetworkScheduler: Using standalone scheduling engine [CONTEXT service_id=218 ]
11-28 22:06:08.885  2460  2460 W putmethod.lati: Verification of java.lang.Object ayu.a() took 342.831ms
11-28 22:06:08.908  2343  2343 I SystemMemoryMap: [activityrecognition] starting initialization [CONTEXT service_id=6 ]
11-28 22:06:08.934  2416  2630 I eavx    : (REDACTED) [%s] On data flow initialize.
11-28 22:06:08.934  2416  2630 I ecus    : (REDACTED) Registering a listener (%s) for type %s.
11-28 22:06:08.934  2416  2630 I eavx    : (REDACTED) [%s] On data flow initialize.
11-28 22:06:08.935  2416  2630 I ecus    : (REDACTED) Registering a listener (%s) for type %s.
11-28 22:06:08.935  2416  2630 I azyi    : (REDACTED) #shouldMigrate(): allowMobileLocaleSettingsDataMigration = %b,
11-28 22:06:08.935  2416  2630 I eavx    : (REDACTED) [%s] On new data value: %s.
11-28 22:06:08.944  2416  2646 I yhf     : (REDACTED) %s flow started.
11-28 22:06:08.946  2416  2632 I eavx    : (REDACTED) [%s] On data flow initialize.
11-28 22:06:08.952  2416  2632 I yih     : Fetching HotwordConfig.
11-28 22:06:08.978  2636  2656 I DynamiteModule: Considering local module com.google.android.gms.googlecertificates:7 and remote module com.google.android.gms.googlecertificates:7
11-28 22:06:08.978  2636  2656 I DynamiteModule: Selected local version of com.google.android.gms.googlecertificates
11-28 22:06:08.979  2343  2343 I SystemMemoryMap: (REDACTED) [activityrecognition] recovering %d entries
11-28 22:06:08.979  2343  2343 I SystemMemoryMap: [activityrecognition] initialization complete [CONTEXT service_id=6 ]
11-28 22:06:08.979  2343  2343 I SystemMemoryMap: [activitytransition] starting initialization [CONTEXT service_id=6 ]
11-28 22:06:08.982  2636  2805 I AlarmManager: setExactAndAllowWhileIdle [name: RemindersNSREFRESH_TIME_REMINDERS_ALARM type: 0 triggerAtMillis: 1732834800000]
11-28 22:06:08.983  2343  2343 I SystemMemoryMap: (REDACTED) [activitytransition] recovering %d entries
11-28 22:06:08.987  2577  2577 E SchedPolicy: set_timerslack_ns write failed: Operation not permitted
11-28 22:06:09.012  1887  2785 I chatty  : uid=1000 system_server expire 2 lines
11-28 22:06:09.053  2636  2808 W gle.android.gm: Verification of boolean com.google.android.gms.update.control.InstallationControl.K(beuy) took 131.948ms
11-28 22:06:09.058  2343  2343 I SystemMemoryMap: [activitytransition] initialization complete [CONTEXT service_id=6 ]
11-28 22:06:09.058  2343  2343 I SystemMemoryMap: [sleepsegment] starting initialization [CONTEXT service_id=6 ]
11-28 22:06:09.078  2460  2460 W NotificationCenter: NotificationCenter$NotificationQueue.notifyOnExecutor():883 Heavy notify work detected on UI thread: [ils->kxd] takes 2010ms
11-28 22:06:09.078  2460  2460 W NotificationCenter: NotificationCenter$NotificationQueue.notifyOnExecutor():883 Heavy notify work detected on UI thread: [ldq->kxd] takes 2753ms
11-28 22:06:09.080  2460  2748 W putmethod.lati: Verification of void bqd.<init>(android.content.Context) took 409.604ms
11-28 22:06:09.142  2478  2532 E ActivityThread: Failed to find provider info for com.google.android.as.allapps.actionsettingprovider
11-28 22:06:09.142  2478  2532 E ActionsController: write setting failed
11-28 22:06:09.142  2478  2532 E ActionsController: java.lang.IllegalArgumentException: Unknown URL content://com.google.android.as.allapps.actionsettingprovider
11-28 22:06:09.142  2478  2532 E ActionsController: 	at android.content.ContentResolver.insert(ContentResolver.java:1583)
11-28 22:06:09.142  2478  2532 E ActionsController: 	at com.google.android.apps.nexuslauncher.allapps.d.handleMessage(SourceFile:268)
11-28 22:06:09.142  2478  2532 E ActionsController: 	at android.os.Handler.dispatchMessage(Handler.java:102)
11-28 22:06:09.142  2478  2532 E ActionsController: 	at android.os.Looper.loop(Looper.java:193)
11-28 22:06:09.142  2478  2532 E ActionsController: 	at android.os.HandlerThread.run(HandlerThread.java:65)
11-28 22:06:09.145  1585  2669 D gralloc_ranchu: gralloc_alloc: Creating ashmem region of size 90112
11-28 22:06:09.164  2460  2683 I native  : I0000 00:00:1732827969.071460    2683 jni_decls.cc:110] nativeCreateUFC: 3227547532
11-28 22:06:09.166  2460  2460 I AppBase : AppBase.onTrimMemory():437 onTrimMemory(): 15
11-28 22:06:09.217  2460  2460 I GoogleInputMethodService: GoogleInputMethodService.onCreate():960 
11-28 22:06:09.220  2460  2683 I InputActionsUserFeatureProcessor: InputActionsUserFeatureProcessor.addToMetricsManager():142 addToMetricsManager: [AutoCorrectionStatsProcessor, SpatialStatsProcessor, TypoStatsProcessor, SpatialStatsProcessor, SpatialStatsProcessor]
11-28 22:06:09.240  1887  1903 W Looper  : Slow dispatch took 914ms android.ui h=android.view.Choreographer$FrameHandler c=android.view.Choreographer$FrameDisplayEventReceiver@9b573f5 m=0
11-28 22:06:09.242  2460  2747 I ShortcutsDataManager: ShortcutsDataManager.onContentChanged():72 onContentChanged()
11-28 22:06:09.246  2636  2808 W gle.android.gm: Verification of long ddcx.b(android.content.Context, java.lang.String, boolean) took 120.894ms
11-28 22:06:09.254  2636  2636 W gle.android.gm: Verification of int agqn.c(agxv, android.os.ParcelFileDescriptor) took 140.004ms
11-28 22:06:09.378  2343  2806 E BluetoothAdapter: Bluetooth binder is null
11-28 22:06:09.396  2343  2343 I SystemMemoryMap: (REDACTED) [sleepsegment] recovering %d entries
11-28 22:06:09.396  2343  2343 I SystemMemoryMap: [sleepsegment] initialization complete [CONTEXT service_id=6 ]
11-28 22:06:09.438  1887  1986 D ConnectivityService: NetworkAgentInfo [WIFI () - 100] validation passed
11-28 22:06:09.439  1887  1998 I chatty  : uid=1000(system) ConnectivityThr expire 2 lines
11-28 22:06:09.528  2577  2661 W aggr    : (REDACTED) Task %s was queued for %dms before starting on executor %s
11-28 22:06:09.531  2577  2577 I dssg    : (REDACTED) onViewAttachedToWindow self=%s, view=%s
11-28 22:06:09.549  1585  2669 D gralloc_ranchu: gralloc_alloc: Creating ashmem region of size 90112
11-28 22:06:09.580  1585  2669 I chatty  : uid=1000(system) HwBinder:1585_3 identical 6 lines
11-28 22:06:09.595  1585  2669 D gralloc_ranchu: gralloc_alloc: Creating ashmem region of size 90112
11-28 22:06:09.625  2636  2636 W gle.android.gm: Verification of int agqn.performBackup(android.content.pm.PackageInfo, android.os.ParcelFileDescriptor, int) took 283.103ms
11-28 22:06:09.677  1585  2669 D gralloc_ranchu: gralloc_alloc: Creating ashmem region of size 90112
11-28 22:06:09.687  1585  2669 D gralloc_ranchu: gralloc_alloc: Creating ashmem region of size 90112
11-28 22:06:09.696  2343  2593 I AlarmManager: set [name: SystemMemoryCache type: 2 triggerAtMillis: 315360140432 windowMillis: -1 intervalMillis: 0]
11-28 22:06:09.706  2343  2343 D BoundBrokerSvc: onBind: Intent { act=com.google.android.gms.userlocation.service.START dat=chimera-action: cmp=com.google.android.gms/.chimera.PersistentBoundBrokerService }
11-28 22:06:09.707  2343  2343 D BoundBrokerSvc: Loading bound service for intent: Intent { act=com.google.android.gms.userlocation.service.START dat=chimera-action: cmp=com.google.android.gms/.chimera.PersistentBoundBrokerService }
11-28 22:06:09.715  2460  2747 I ContactsDataManager: ContactsDataManager.onContentChanged():153 onContentChanged()
11-28 22:06:09.716  2460  2747 I EmailDataManager: EmailDataManager.onContentChanged():118 onContentChanged()
11-28 22:06:09.729  1585  2669 D gralloc_ranchu: gralloc_alloc: Creating ashmem region of size 90112
11-28 22:06:09.739  1585  2669 D gralloc_ranchu: gralloc_alloc: Creating ashmem region of size 90112
11-28 22:06:09.745  2636  2656 W GoogleCertificates: GoogleCertificates has been initialized already
11-28 22:06:09.760  1585  2669 D gralloc_ranchu: gralloc_alloc: Creating ashmem region of size 90112
11-28 22:06:09.763  1887  1887 I TransportClient: BackupTransportService#2: Notifying [TransportManager.registerTransport()] transport = IBackupTransport
11-28 22:06:09.766  2636  2664 I Backup  : [GmsBackupAccountManager] Backup account not found in gmscore.
11-28 22:06:09.770  1887  2403 D BackupTransportManager: Transport com.google.android.gms/.backup.BackupTransportService registered
11-28 22:06:09.770  1887  2403 D BackupManagerService: Transport com.google.android.gms/.backup.BackupTransportService registered 9056ms after first request (delay = 3000ms)
11-28 22:06:09.781  2636  2809 I GmsModuleFndr: Beginning GMS chimera module scan
11-28 22:06:09.812  1585  2669 D gralloc_ranchu: gralloc_alloc: Creating ashmem region of size 90112
11-28 22:06:09.818  1585  2669 D gralloc_ranchu: gralloc_alloc: Creating ashmem region of size 90112
11-28 22:06:09.847  2343  2620 I ChimeraSrvcProxy: NullBinder for android.net.action.RECOMMEND_NETWORKS triggering remote TransactionTooLargeException due to Service without Chimera impl
11-28 22:06:09.849  2478  2478 E SchedPolicy: set_timerslack_ns write failed: Operation not permitted
11-28 22:06:09.912  1887  1897 W BroadcastQueue: Background execution not allowed: receiving Intent { act=android.intent.action.DROPBOX_ENTRY_ADDED flg=0x10 (has extras) } to com.google.android.gms/.stats.service.DropBoxEntryAddedReceiver
11-28 22:06:09.918  2343  2760 I ProximityAuth: [SimStateChangedIntentOperation] Handling intent Intent { act=android.intent.action.SIM_STATE_CHANGED flg=0x5000010 pkg=com.google.android.gms cmp=com.google.android.gms/.chimera.PersistentIntentOperationService (has extras) }
11-28 22:06:09.919  2343  2760 I ProximityAuth: [MessageProcessorManager] MessageProcessorManager instantiated for user UserHandle{0}
11-28 22:06:09.923  2343  2760 W ChimeraUtils: Module com.google.android.gms.backup_base missing resource null(0)
11-28 22:06:10.027  2636  2804 I SystemUpdate: [Execution,InstallationEventIntentOperation] Handling event of type 6.
11-28 22:06:10.031  2577  2625 W earchbox:searc: Verification of int ahl$$ExternalSyntheticApiModelOutline0.m(android.app.DirectAction) took 735.348ms
11-28 22:06:10.076  1887  1903 W Looper  : Drained
11-28 22:06:10.084  2636  2805 I SystemUpdate: [Execution,InstallationIntentOperation] Received intent: Intent { act=com.google.android.gms.update.INSTALL_UPDATE cat=[targeted_intent_op_prefix:.update.execution.InstallationIntentOperation] cmp=com.google.android.gms/.chimera.GmsIntentOperationService (has extras) }.
11-28 22:06:10.128  2636  2805 I SystemUpdate: [Execution,ExecutionManager] Action finished-execution executed for 0.00 seconds.
11-28 22:06:10.134  1887  2403 I BackupManagerService: Found stale backup journal, scheduling
11-28 22:06:10.171  2636  2809 I ModuleSetResolution: Computing pending module set with APKs: [[AdsFdrDynamite.integ:243799204100000], [Antifingerprinting.optional:244433100000], [Antifingerprinting.optional:244533100000], [Antifingerprinting.optional:244534100000], [Appsearch.optional:244433100700], [Appsearch.optional:244533100700], [Appsearch.optional:244534100700], [MapsCoreDynamite.integ:244125202100700], [MlkitOcrCommon.optional:244433100700], [MlkitOcrCommon.optional:244533100700], [MlkitOcrCommon.optional:244534100700], [Pay.optional:244433100700], [Pay.optional:244533100700], [Pay.optional:244534100700], [Photopicker.optional:244433100000], [Photopicker.optional:244533100000], [Photopicker.optional:244534100000], [TfliteDynamiteDynamite.integ:242327804100700], [VisionOcr.optional:244433100000], [VisionOcr.optional:244533100000], [VisionOcr.optional:244534100000], [AdsFdrDynamite.integ:243220703100000], [Cronetdynamite:244433100700], [Dynamiteloader:244433100000], [Dynamitemodulesa:244433100000], [Dynamitemodulesc:244433100000], [Googlecertificates:244433100000], [Mapsdynamite:244433100000], [Measurementdynamite:244433100000]]
11-28 22:06:10.162  1887  2403 I chatty  : uid=1000(system) backup identical 27 lines
11-28 22:06:10.162  1887  2403 I BackupManagerService: Found stale backup journal, scheduling
11-28 22:06:10.188  1887  1904 W ActivityManager: Slow operation: 274ms so far, now at startProcess: returned from zygote!
11-28 22:06:10.188  1887  1904 W ActivityManager: Slow operation: 274ms so far, now at startProcess: done updating battery stats
11-28 22:06:10.188  1887  1904 W ActivityManager: Slow operation: 274ms so far, now at startProcess: building log message
11-28 22:06:10.188  1887  1904 I ActivityManager: Start proc 2847:android.process.media/u0a15 for broadcast com.android.providers.downloads/.DownloadReceiver
11-28 22:06:10.188  1887  1904 W ActivityManager: Slow operation: 274ms so far, now at startProcess: starting to update pids map
11-28 22:06:10.188  1887  1904 W ActivityManager: Slow operation: 274ms so far, now at startProcess: done updating pids map
11-28 22:06:10.193  2847  2847 W d.process.medi: Unexpected CPU variant for X86 using defaults: x86
11-28 22:06:10.198  2460  2748 W putmethod.lati: Verification of bpo bqd.a(android.app.Activity) took 1.117s
11-28 22:06:10.226  1887  1887 I chatty  : uid=1000 system_server expire 7 lines
11-28 22:06:10.230  1887  1897 W ContextImpl: Calling a method in the system process without a qualified user: android.app.ContextImpl.sendBroadcastAsUserMultiplePermissions:1053 com.android.server.TelephonyRegistry.broadcastCallStateChanged:1602 com.android.server.TelephonyRegistry.notifyCallStateForPhoneId:793 com.android.internal.telephony.ITelephonyRegistry$Stub.onTransact:122 android.os.Binder.execTransact:731 
11-28 22:06:10.273  2847  2847 E d.process.medi: Not starting debugger since process cannot load the jdwp agent.
11-28 22:06:10.306  2160  2276 D MccTable: updateMccMncConfiguration mccmnc='310260' fromServiceState=false
11-28 22:06:10.307  2160  2276 D MccTable: updateMccMncConfiguration defaultMccMnc=310260
11-28 22:06:10.307  2160  2276 D MccTable: updateMccMncConfiguration: mcc=310, mnc=260
11-28 22:06:10.309  1887  2403 I BackupManagerService: Found stale backup journal, scheduling
11-28 22:06:10.321  1887  1901 I chatty  : uid=1000(system) android.bg expire 44 lines
11-28 22:06:10.339  2460  2460 I GoogleInputMethodService: GoogleInputMethodService.onCreate():970 Maybe update OEM display config because of service creation
11-28 22:06:10.348  2636  2809 I ModuleSetResolution: Pending container module APKs: [[Antifingerprinting.optional:244433100000], [Appsearch.optional:244433100700], [MapsCoreDynamite.integ:244125202100700], [MlkitOcrCommon.optional:244433100700], [Pay.optional:244433100700], [Photopicker.optional:244433100000], [TfliteDynamiteDynamite.integ:242327804100700], [VisionOcr.optional:244433100000]]
11-28 22:06:10.348  2636  2809 I ModuleSetResolution: Pending non-container module APKs: [[AdsFdrDynamite.integ:243799204100000]]
11-28 22:06:10.377  2460  2460 I DeviceModeModule: DeviceModeModule.calculateAndNotify():225 Device mode 'phone' from display metrics 'DisplayMetrics{density=0.0, width=1080, height=2280, scaledDensity=0.0, xdpi=440.0, ydpi=440.0}' or smallestScreenWidthDp: 392
11-28 22:06:10.378  2460  2460 I WindowMetricsNotification: WindowMetricsNotification.notify():168 WindowMetricsNotification{bounds=Rect(0, 135 - 1080, 2280), insets=Rect(0, 0 - 0, 168), densityDpi=440, smallestScreenWidthDp=392, displayWidth=1080, displayHeight=2280, xdpi=440.0, ydpi=440.0, isTrustable=true, displayId=0}; DisplayMetrics{density=2.75, width=1080, height=2280, scaledDensity=2.75, xdpi=440.0, ydpi=440.0}
11-28 22:06:10.378  2460  2460 I WindowMetricsHelper: WindowMetricsHelper.predictAndNotify():140 Window metrics predicted.
11-28 22:06:10.380  2460  2460 I InputMethodEntryManager: InputMethodEntryManager.notifyCurrentInputMethodEntryOnContextChanged():555 notifyCurrentInputMethodEntryOnContextChanged()
11-28 22:06:10.380  2460  2460 I InputMethodEntryManager: InputMethodEntryManager.notifyCurrentInputMethodEntryOnContextChanged():560 The context is changed before initialized
11-28 22:06:10.381  2460  2460 I KeyboardContextProvider: KeyboardContextProvider.setBaseContextAndInvalidKeyboardContextCache():88 setBaseContextAndInvalidKeyboardContextCache(): com.android.inputmethod.latin.LatinIME@6f2ffb2
11-28 22:06:10.384  2460  2460 E GoogleInputMethodService: GoogleInputMethodService.getAppEditorInfo():2756 App EditorInfo should never be null.
11-28 22:06:10.309  1887  2403 I BackupManagerService: Found stale backup journal, scheduling
11-28 22:06:10.409  2160  2276 D MccTable: updateMccMncConfiguration updateConfig config={0.0 310mcc260mnc ?localeList ?layoutDir ?swdp ?wdp ?hdp ?density ?lsize ?long ?ldr ?wideColorGamut ?orien ?uimode ?night ?touch ?keyb/?/? ?nav/? winConfig={ mBounds=Rect(0, 0 - 0, 0) mAppBounds=null mWindowingMode=undefined mActivityType=undefined}}
11-28 22:06:10.422  2160  2160 I TelecomFramework: PstnIncomingCallNotifier: Unregistering: Handler (com.android.internal.telephony.GsmCdmaPhone) {87395b0}
11-28 22:06:10.450  1720  1729 D hwcomposer: hw_composer sent 48 syncs in 62s
11-28 22:06:10.450  1887  2403 I BackupManagerService: Found stale backup journal, scheduling
11-28 22:06:10.451  1887  2403 I chatty  : uid=1000(system) backup identical 27 lines
11-28 22:06:10.451  1887  2403 I BackupManagerService: Found stale backup journal, scheduling
11-28 22:06:10.476  1887  2699 I Telecom : PhoneAccountRegistrar: Modify account: [ComponentInfo{com.android.phone/com.android.services.telephony.TelephonyConnectionService}, ***, UserHandle{0}]: TSI.rPA@ABk
11-28 22:06:10.479  2160  2160 I TelecomFramework: AccountEntry: Registered phoneAccount: [[ ] PhoneAccount: ComponentInfo{com.android.phone/com.android.services.telephony.TelephonyConnectionService}, ***, UserHandle{0} Capabilities: CallProvider MultiUser PlaceEmerg SimSub  Audio Routes: BESW Schemes: tel voicemail  Extras: Bundle[{android.telecom.extra.SUPPORTS_VIDEO_CALLING_FALLBACK=true}] GroupId: ***] with handle: ComponentInfo{com.android.phone/com.android.services.telephony.TelephonyConnectionService}, ***, UserHandle{0}
11-28 22:06:10.479  2160  2160 I TelecomFramework: PstnIncomingCallNotifier: Registering: Handler (com.android.internal.telephony.GsmCdmaPhone) {87395b0}
11-28 22:06:10.492  2847  2847 I d.process.medi: The ClassLoaderContext is a special shared library.
